Compiled successfully.
Executed successfully.

67.0 APEX_CODE,DEBUG;APEX_PROFILING,INFO
Execute Anonymous: /*
Execute Anonymous:  * backfill_r10_jun2026.apex
Execute Anonymous:  * --------------------------
Execute Anonymous:  * Instruccion explicita del usuario (2026-09-15): todo Payment de Junio
Execute Anonymous:  * 2026 a la fecha que aparezca en los reportes de RETURN/COLLECTION como
Execute Anonymous:  * R10 (Customer Advises Not Authorized) debe quedar en
Execute Anonymous:  * Payment_Status__c = REJECTED, SM_Check_Collection_Status__c = NOT_COLLECTED,
Execute Anonymous:  * SM_Return_code__c = R10, y con la razon real del reporte en
Execute Anonymous:  * SM_Check_Collection_Return_Reason__c.
Execute Anonymous:  *
Execute Anonymous:  * Alcance identificado (TEMP/r10_backfill_scope.py, validado contra el
Execute Anonymous:  * "reporte ganador" mas reciente por payment desde 2026-06-01): 23 pagos.
Execute Anonymous:  * De esos, 21 ya estaban REJECTED pero con SM_Check_Collection_Status__c
Execute Anonymous:  * en PENDING/RETURN (nunca se resolvieron a un estado final) y 2
Execute Anonymous:  * (PY-01868816, PY-01885207 -- contrato 00316444, el caso de disputa que
Execute Anonymous:  * origino este pedido) estaban incorrectamente en ACCEPTED/COLLECTED.
Execute Anonymous:  *
Execute Anonymous:  * NO debe disparar ningun automatismo (instruccion explicita) -- se usa
Execute Anonymous:  * SM_TriggerHandler.avoidAllHandlerExcecution = true antes del update,
Execute Anonymous:  * igual que en el backfill de SM_Return_code__c del 2026-09-14.
Execute Anonymous:  *
Execute Anonymous:  * Corre primero con DRY_RUN = true -> solo imprime el preview, NO
Execute Anonymous:  * actualiza nada. Cuando el usuario autorice, cambiar a false.
Execute Anonymous:  */
Execute Anonymous: 
Execute Anonymous: Boolean DRY_RUN = true; // <-- cambiar a false SOLO con autorizacion explicita del usuario
Execute Anonymous: 
Execute Anonymous: class PaymentFix {
Execute Anonymous:     String paymentName;
Execute Anonymous:     String reason;
Execute Anonymous:     PaymentFix(String n, String r) {
Execute Anonymous:         this.paymentName = n;
Execute Anonymous:         this.reason = r;
Execute Anonymous:     }
Execute Anonymous: }
Execute Anonymous: 
Execute Anonymous: List<PaymentFix> fixes = new List<PaymentFix>{
Execute Anonymous:         new PaymentFix('PY-01847651', 'R10 CUST ADV NOT'),
Execute Anonymous:         new PaymentFix('PY-01847653', 'R10 CUST ADV NOT'),
Execute Anonymous:         new PaymentFix('PY-01849219', 'R10 CUST ADV NOT'),
Execute Anonymous:         new PaymentFix('PY-01849469', 'R10 CUST ADV NOT'),
Execute Anonymous:         new PaymentFix('PY-01859586', 'R10 CUST ADV NOT'),
Execute Anonymous:         new PaymentFix('PY-01859726', 'R10 CUST ADV NOT'),
Execute Anonymous:         new PaymentFix('PY-01865165', 'R10 CUST ADV NOT'),
Execute Anonymous:         new PaymentFix('PY-01868816', 'R10 CUST ADV NOT'),
Execute Anonymous:         new PaymentFix('PY-01869482', 'CUSTOMER ADVISES NOT AUTHORIZED'),
Execute Anonymous:         new PaymentFix('PY-01872218', 'CUSTOMER ADVISES NOT AUTHORIZED'),
Execute Anonymous:         new PaymentFix('PY-01872289', 'R10 CUST ADV NOT'),
Execute Anonymous:         new PaymentFix('PY-01880352', 'CUSTOMER ADVISES NOT AUTHORIZED'),
Execute Anonymous:         new PaymentFix('PY-01880378', 'CUSTOMER ADVISES NOT AUTHORIZED'),
Execute Anonymous:         new PaymentFix('PY-01880427', 'CUSTOMER ADVISES NOT AUTHORIZED'),
Execute Anonymous:         new PaymentFix('PY-01883331', 'CUSTOMER ADVISES NOT AUTHORIZED'),
Execute Anonymous:         new PaymentFix('PY-01884599', 'CUSTOMER ADVISES NOT AUTHORIZED'),
Execute Anonymous:         new PaymentFix('PY-01884645', 'CUSTOMER ADVISES NOT AUTHORIZED'),
Execute Anonymous:         new PaymentFix('PY-01884676', 'CUSTOMER ADVISES NOT AUTHORIZED'),
Execute Anonymous:         new PaymentFix('PY-01884692', 'CUSTOMER ADVISES NOT AUTHORIZED'),
Execute Anonymous:         new PaymentFix('PY-01885207', 'CUSTOMER ADVISES NOT AUTHORIZED'),
Execute Anonymous:         new PaymentFix('PY-01889059', 'R10 CUST ADV NOT'),
Execute Anonymous:         new PaymentFix('PY-01889111', 'R10 CUST ADV NOT'),
Execute Anonymous:         new PaymentFix('PY-01894616', 'R10 CUST ADV NOT')
Execute Anonymous: };
Execute Anonymous: 
Execute Anonymous: Map<String, PaymentFix> fixByName = new Map<String, PaymentFix>();
Execute Anonymous: List<String> names = new List<String>();
Execute Anonymous: for (PaymentFix pf : fixes) {
Execute Anonymous:     fixByName.put(pf.paymentName, pf);
Execute Anonymous:     names.add(pf.paymentName);
Execute Anonymous: }
Execute Anonymous: 
Execute Anonymous: Map<Id, SM_Payment__c> current = new Map<Id, SM_Payment__c>([
Execute Anonymous:         SELECT Id, Name, Payment_Status__c, SM_Check_Collection_Status__c,
Execute Anonymous:                SM_Return_code__c, SM_Check_Collection_Return_Reason__c,
Execute Anonymous:                SM_Historical_Collection_Status__c, SM_Contract__r.ContractNumber
Execute Anonymous:         FROM SM_Payment__c
Execute Anonymous:         WHERE Name IN :names
Execute Anonymous: ]);
Execute Anonymous: 
Execute Anonymous: System.debug('=======================================================');
Execute Anonymous: System.debug(' -> MODO: ' + (DRY_RUN ? 'DRY RUN (solo preview, sin cambios)' : 'EJECUCION REAL (se va a actualizar)'));
Execute Anonymous: System.debug(' -> Candidatos encontrados en Salesforce: ' + current.size() + ' / ' + fixes.size());
Execute Anonymous: System.debug('=======================================================');
Execute Anonymous: 
Execute Anonymous: List<SM_Payment__c> toUpdate = new List<SM_Payment__c>();
Execute Anonymous: 
Execute Anonymous: for (SM_Payment__c p : current.values()) {
Execute Anonymous:     PaymentFix pf = fixByName.get(p.Name);
Execute Anonymous:     if (pf == null) {
Execute Anonymous:         continue;
Execute Anonymous:     }
Execute Anonymous: 
Execute Anonymous:     String tag = 'PRC_AUT_R10_BACKFILL_JUN2026: REJECTED/NOT_COLLECTED //';
Execute Anonymous:     String newHistorical = tag + (String.isBlank(p.SM_Historical_Collection_Status__c) ? '' : p.SM_Historical_Collection_Status__c);
Execute Anonymous:     if (newHistorical.length() > 150) {
Execute Anonymous:         newHistorical = newHistorical.substring(0, 150);
Execute Anonymous:     }
Execute Anonymous: 
Execute Anonymous:     System.debug('---------------------------------------------------------');
Execute Anonymous:     System.debug(p.Name + '  (Contrato ' + p.SM_Contract__r.ContractNumber + ')');
Execute Anonymous:     System.debug('  ACTUAL -> Payment_Status=' + p.Payment_Status__c +
Execute Anonymous:             ' | Collection_Status=' + p.SM_Check_Collection_Status__c +
Execute Anonymous:             ' | Return_Code=' + p.SM_Return_code__c +
Execute Anonymous:             ' | Reason=' + p.SM_Check_Collection_Return_Reason__c);
Execute Anonymous:     System.debug('  NUEVO  -> Payment_Status=REJECTED | Collection_Status=NOT_COLLECTED' +
Execute Anonymous:             ' | Return_Code=R10 | Reason=' + pf.reason);
Execute Anonymous:     System.debug('  Historico nuevo -> ' + newHistorical);
Execute Anonymous: 
Execute Anonymous:     SM_Payment__c upd = new SM_Payment__c(
Execute Anonymous:             Id = p.Id,
Execute Anonymous:             Payment_Status__c = 'REJECTED',
Execute Anonymous:             SM_Check_Collection_Status__c = 'NOT_COLLECTED',
Execute Anonymous:             SM_Return_code__c = 'R10',
Execute Anonymous:             SM_Check_Collection_Return_Reason__c = pf.reason,
Execute Anonymous:             SM_Historical_Collection_Status__c = newHistorical
Execute Anonymous:     );
Execute Anonymous:     toUpdate.add(upd);
Execute Anonymous: }
Execute Anonymous: 
Execute Anonymous: System.debug('=======================================================');
Execute Anonymous: System.debug(' -> Total a actualizar: ' + toUpdate.size());
Execute Anonymous: System.debug('=======================================================');
Execute Anonymous: 
Execute Anonymous: if (!DRY_RUN) {
Execute Anonymous:     SM_TriggerHandler.avoidAllHandlerExcecution = true;
Execute Anonymous:     Database.SaveResult[] results = Database.update(toUpdate, false);
Execute Anonymous:     Integer ok = 0;
Execute Anonymous:     Integer fail = 0;
Execute Anonymous:     for (Database.SaveResult sr : results) {
Execute Anonymous:         if (sr.isSuccess()) {
Execute Anonymous:             ok++;
Execute Anonymous:         } else {
Execute Anonymous:             fail++;
Execute Anonymous:             System.debug(' -> ERROR en ' + sr.getId() + ': ' + sr.getErrors());
Execute Anonymous:         }
Execute Anonymous:     }
Execute Anonymous:     System.debug(' -> Actualizados OK: ' + ok + '  |  Fallidos: ' + fail);
Execute Anonymous: } else {
Execute Anonymous:     System.debug(' -> DRY RUN: no se realizo ningun cambio. Cambiar DRY_RUN a false para ejecutar.');
Execute Anonymous: }
17:43:07.74 (74819208)|USER_INFO|[EXTERNAL]|0051U000007bbx5|clopez@legal-credit.com|(GMT+02:00) Central European Summer Time (Europe/Madrid)|GMT+02:00
17:43:07.74 (74868129)|EXECUTION_STARTED
17:43:07.74 (74898059)|CODE_UNIT_STARTED|[EXTERNAL]|execute_anonymous_apex
17:43:07.74 (102740370)|USER_DEBUG|[78]|DEBUG|=======================================================
17:43:07.74 (103028143)|USER_DEBUG|[79]|DEBUG| -> MODO: DRY RUN (solo preview, sin cambios)
17:43:07.74 (103113884)|USER_DEBUG|[80]|DEBUG| -> Candidatos encontrados en Salesforce: 23 / 23
17:43:07.74 (103121384)|USER_DEBUG|[81]|DEBUG|=======================================================
17:43:07.74 (103472467)|USER_DEBUG|[97]|DEBUG|---------------------------------------------------------
17:43:07.74 (103642089)|USER_DEBUG|[98]|DEBUG|PY-01847651  (Contrato 00316701)
17:43:07.74 (103675809)|USER_DEBUG|[99]|DEBUG|  ACTUAL -> Payment_Status=REJECTED &#124; Collection_Status=PENDING &#124; Return_Code=R10 &#124; Reason=R10
17:43:07.74 (103716849)|USER_DEBUG|[103]|DEBUG|  NUEVO  -> Payment_Status=REJECTED &#124; Collection_Status=NOT_COLLECTED &#124; Return_Code=R10 &#124; Reason=R10 CUST ADV NOT
17:43:07.74 (103722969)|USER_DEBUG|[105]|DEBUG|  Historico nuevo -> PRC_AUT_R10_BACKFILL_JUN2026: REJECTED/NOT_COLLECTED //PRC_AUT: PENDING //
17:43:07.74 (103915891)|USER_DEBUG|[97]|DEBUG|---------------------------------------------------------
17:43:07.74 (103928291)|USER_DEBUG|[98]|DEBUG|PY-01847653  (Contrato 00316700)
17:43:07.74 (103937721)|USER_DEBUG|[99]|DEBUG|  ACTUAL -> Payment_Status=REJECTED &#124; Collection_Status=PENDING &#124; Return_Code=R10 &#124; Reason=R10
17:43:07.74 (103942551)|USER_DEBUG|[103]|DEBUG|  NUEVO  -> Payment_Status=REJECTED &#124; Collection_Status=NOT_COLLECTED &#124; Return_Code=R10 &#124; Reason=R10 CUST ADV NOT
17:43:07.74 (103946231)|USER_DEBUG|[105]|DEBUG|  Historico nuevo -> PRC_AUT_R10_BACKFILL_JUN2026: REJECTED/NOT_COLLECTED //PRC_AUT: PENDING //
17:43:07.74 (104993621)|USER_DEBUG|[97]|DEBUG|---------------------------------------------------------
17:43:07.74 (105006751)|USER_DEBUG|[98]|DEBUG|PY-01849219  (Contrato 00316581)
17:43:07.74 (105014701)|USER_DEBUG|[99]|DEBUG|  ACTUAL -> Payment_Status=REJECTED &#124; Collection_Status=PENDING &#124; Return_Code=R10 &#124; Reason=R10
17:43:07.74 (105018741)|USER_DEBUG|[103]|DEBUG|  NUEVO  -> Payment_Status=REJECTED &#124; Collection_Status=NOT_COLLECTED &#124; Return_Code=R10 &#124; Reason=R10 CUST ADV NOT
17:43:07.74 (105022331)|USER_DEBUG|[105]|DEBUG|  Historico nuevo -> PRC_AUT_R10_BACKFILL_JUN2026: REJECTED/NOT_COLLECTED //PRC_AUT: PENDING //
17:43:07.74 (105084362)|USER_DEBUG|[97]|DEBUG|---------------------------------------------------------
17:43:07.74 (105093742)|USER_DEBUG|[98]|DEBUG|PY-01849469  (Contrato 00316851)
17:43:07.74 (105101262)|USER_DEBUG|[99]|DEBUG|  ACTUAL -> Payment_Status=REJECTED &#124; Collection_Status=PENDING &#124; Return_Code=R10 &#124; Reason=R10
17:43:07.74 (105104632)|USER_DEBUG|[103]|DEBUG|  NUEVO  -> Payment_Status=REJECTED &#124; Collection_Status=NOT_COLLECTED &#124; Return_Code=R10 &#124; Reason=R10 CUST ADV NOT
17:43:07.74 (105107842)|USER_DEBUG|[105]|DEBUG|  Historico nuevo -> PRC_AUT_R10_BACKFILL_JUN2026: REJECTED/NOT_COLLECTED //PRC_AUT: PENDING //PRC_AUT: PENDING //ACCEPTED>NOT COLLECTED X DIAS (75 CAL,)_1849469_u.240826 
17:43:07.74 (105142972)|USER_DEBUG|[97]|DEBUG|---------------------------------------------------------
17:43:07.74 (105149022)|USER_DEBUG|[98]|DEBUG|PY-01859586  (Contrato 00314671)
17:43:07.74 (105155412)|USER_DEBUG|[99]|DEBUG|  ACTUAL -> Payment_Status=REJECTED &#124; Collection_Status=Not_collected &#124; Return_Code=R01-R10 &#124; Reason=R10
17:43:07.74 (105158872)|USER_DEBUG|[103]|DEBUG|  NUEVO  -> Payment_Status=REJECTED &#124; Collection_Status=NOT_COLLECTED &#124; Return_Code=R10 &#124; Reason=R10 CUST ADV NOT
17:43:07.74 (105162232)|USER_DEBUG|[105]|DEBUG|  Historico nuevo -> PRC_AUT_R10_BACKFILL_JUN2026: REJECTED/NOT_COLLECTED //
17:43:07.74 (105195423)|USER_DEBUG|[97]|DEBUG|---------------------------------------------------------
17:43:07.74 (105201143)|USER_DEBUG|[98]|DEBUG|PY-01859726  (Contrato 00317434)
17:43:07.74 (105207603)|USER_DEBUG|[99]|DEBUG|  ACTUAL -> Payment_Status=REJECTED &#124; Collection_Status=PENDING &#124; Return_Code=R10 &#124; Reason=R10
17:43:07.74 (105210723)|USER_DEBUG|[103]|DEBUG|  NUEVO  -> Payment_Status=REJECTED &#124; Collection_Status=NOT_COLLECTED &#124; Return_Code=R10 &#124; Reason=R10 CUST ADV NOT
17:43:07.74 (105213913)|USER_DEBUG|[105]|DEBUG|  Historico nuevo -> PRC_AUT_R10_BACKFILL_JUN2026: REJECTED/NOT_COLLECTED //PRC_AUT: PENDING //PRC_AUT_MANUAL_FIX: PENDING //PRC_AUT: RETURN //PENDING>NOT COLLECTED X DIAS
17:43:07.74 (105246803)|USER_DEBUG|[97]|DEBUG|---------------------------------------------------------
17:43:07.74 (105251593)|USER_DEBUG|[98]|DEBUG|PY-01865165  (Contrato 00316851)
17:43:07.74 (105257373)|USER_DEBUG|[99]|DEBUG|  ACTUAL -> Payment_Status=REJECTED &#124; Collection_Status=PENDING &#124; Return_Code=R10 &#124; Reason=R10
17:43:07.74 (105260603)|USER_DEBUG|[103]|DEBUG|  NUEVO  -> Payment_Status=REJECTED &#124; Collection_Status=NOT_COLLECTED &#124; Return_Code=R10 &#124; Reason=R10 CUST ADV NOT
17:43:07.74 (105263843)|USER_DEBUG|[105]|DEBUG|  Historico nuevo -> PRC_AUT_R10_BACKFILL_JUN2026: REJECTED/NOT_COLLECTED //PRC_AUT: PENDING //PRC_AUT: PENDING //PENDING>NOT COLLECTED X DIAS (45 CAL,)_1865165_u.240826 /
17:43:07.74 (105293414)|USER_DEBUG|[97]|DEBUG|---------------------------------------------------------
17:43:07.74 (105299314)|USER_DEBUG|[98]|DEBUG|PY-01868816  (Contrato 00316444)
17:43:07.74 (105305354)|USER_DEBUG|[99]|DEBUG|  ACTUAL -> Payment_Status=ACCEPTED &#124; Collection_Status=ACCEPTED &#124; Return_Code=null &#124; Reason=null
17:43:07.74 (105309194)|USER_DEBUG|[103]|DEBUG|  NUEVO  -> Payment_Status=REJECTED &#124; Collection_Status=NOT_COLLECTED &#124; Return_Code=R10 &#124; Reason=R10 CUST ADV NOT
17:43:07.74 (105312304)|USER_DEBUG|[105]|DEBUG|  Historico nuevo -> PRC_AUT_R10_BACKFILL_JUN2026: REJECTED/NOT_COLLECTED //
17:43:07.74 (105344454)|USER_DEBUG|[97]|DEBUG|---------------------------------------------------------
17:43:07.74 (105350194)|USER_DEBUG|[98]|DEBUG|PY-01869482  (Contrato 00317418)
17:43:07.74 (105355724)|USER_DEBUG|[99]|DEBUG|  ACTUAL -> Payment_Status=REJECTED &#124; Collection_Status=RETURN &#124; Return_Code=R10 &#124; Reason=null
17:43:07.74 (105359094)|USER_DEBUG|[103]|DEBUG|  NUEVO  -> Payment_Status=REJECTED &#124; Collection_Status=NOT_COLLECTED &#124; Return_Code=R10 &#124; Reason=CUSTOMER ADVISES NOT AUTHORIZED
17:43:07.74 (105362304)|USER_DEBUG|[105]|DEBUG|  Historico nuevo -> PRC_AUT_R10_BACKFILL_JUN2026: REJECTED/NOT_COLLECTED //RETURN>RETURN>NOT COLLECTED X DIAS (32 CAL,)_1869482_u.240826 // ACH TRX>ACCEPTED_07ago26__U.11
17:43:07.74 (105391434)|USER_DEBUG|[97]|DEBUG|---------------------------------------------------------
17:43:07.74 (105396244)|USER_DEBUG|[98]|DEBUG|PY-01872218  (Contrato 00317434)
17:43:07.74 (105401815)|USER_DEBUG|[99]|DEBUG|  ACTUAL -> Payment_Status=REJECTED &#124; Collection_Status=RETURN &#124; Return_Code=R10 &#124; Reason=null
17:43:07.74 (105404945)|USER_DEBUG|[103]|DEBUG|  NUEVO  -> Payment_Status=REJECTED &#124; Collection_Status=NOT_COLLECTED &#124; Return_Code=R10 &#124; Reason=CUSTOMER ADVISES NOT AUTHORIZED
17:43:07.74 (105408225)|USER_DEBUG|[105]|DEBUG|  Historico nuevo -> PRC_AUT_R10_BACKFILL_JUN2026: REJECTED/NOT_COLLECTED //RETURN>RETURN>NOT COLLECTED X DIAS (27 CAL,)_1872218_u.250826 // REV trx TO acc 25AGO
17:43:07.74 (105440085)|USER_DEBUG|[97]|DEBUG|---------------------------------------------------------
17:43:07.74 (105444905)|USER_DEBUG|[98]|DEBUG|PY-01872289  (Contrato 00317418)
17:43:07.74 (105451005)|USER_DEBUG|[99]|DEBUG|  ACTUAL -> Payment_Status=REJECTED &#124; Collection_Status=PENDING &#124; Return_Code=R10 &#124; Reason=R10
17:43:07.74 (105454245)|USER_DEBUG|[103]|DEBUG|  NUEVO  -> Payment_Status=REJECTED &#124; Collection_Status=NOT_COLLECTED &#124; Return_Code=R10 &#124; Reason=R10 CUST ADV NOT
17:43:07.74 (105457315)|USER_DEBUG|[105]|DEBUG|  Historico nuevo -> PRC_AUT_R10_BACKFILL_JUN2026: REJECTED/NOT_COLLECTED //PRC_AUT: PENDING //PRC_AUT: PENDING //PRC_AUT: RETURN //PENDING>NOT COLLECTED X DIAS (27 CAL,)_
17:43:07.74 (105496825)|USER_DEBUG|[97]|DEBUG|---------------------------------------------------------
17:43:07.74 (105502915)|USER_DEBUG|[98]|DEBUG|PY-01880352  (Contrato 00274687)
17:43:07.74 (105508366)|USER_DEBUG|[99]|DEBUG|  ACTUAL -> Payment_Status=REJECTED &#124; Collection_Status=RETURN &#124; Return_Code=R10 &#124; Reason=null
17:43:07.74 (105511506)|USER_DEBUG|[103]|DEBUG|  NUEVO  -> Payment_Status=REJECTED &#124; Collection_Status=NOT_COLLECTED &#124; Return_Code=R10 &#124; Reason=CUSTOMER ADVISES NOT AUTHORIZED
17:43:07.74 (105514706)|USER_DEBUG|[105]|DEBUG|  Historico nuevo -> PRC_AUT_R10_BACKFILL_JUN2026: REJECTED/NOT_COLLECTED //
17:43:07.74 (105543416)|USER_DEBUG|[97]|DEBUG|---------------------------------------------------------
17:43:07.74 (105550476)|USER_DEBUG|[98]|DEBUG|PY-01880378  (Contrato 00304787)
17:43:07.74 (106122281)|USER_DEBUG|[99]|DEBUG|  ACTUAL -> Payment_Status=REJECTED &#124; Collection_Status=RETURN &#124; Return_Code=R10 &#124; Reason=null
17:43:07.74 (106127241)|USER_DEBUG|[103]|DEBUG|  NUEVO  -> Payment_Status=REJECTED &#124; Collection_Status=NOT_COLLECTED &#124; Return_Code=R10 &#124; Reason=CUSTOMER ADVISES NOT AUTHORIZED
17:43:07.74 (106130391)|USER_DEBUG|[105]|DEBUG|  Historico nuevo -> PRC_AUT_R10_BACKFILL_JUN2026: REJECTED/NOT_COLLECTED //
17:43:07.74 (106166941)|USER_DEBUG|[97]|DEBUG|---------------------------------------------------------
17:43:07.74 (106173752)|USER_DEBUG|[98]|DEBUG|PY-01880427  (Contrato 00317867)
17:43:07.74 (106179602)|USER_DEBUG|[99]|DEBUG|  ACTUAL -> Payment_Status=REJECTED &#124; Collection_Status=RETURN &#124; Return_Code=R10 &#124; Reason=null
17:43:07.74 (106182662)|USER_DEBUG|[103]|DEBUG|  NUEVO  -> Payment_Status=REJECTED &#124; Collection_Status=NOT_COLLECTED &#124; Return_Code=R10 &#124; Reason=CUSTOMER ADVISES NOT AUTHORIZED
17:43:07.74 (106187802)|USER_DEBUG|[105]|DEBUG|  Historico nuevo -> PRC_AUT_R10_BACKFILL_JUN2026: REJECTED/NOT_COLLECTED //
17:43:07.74 (106218542)|USER_DEBUG|[97]|DEBUG|---------------------------------------------------------
17:43:07.74 (106224132)|USER_DEBUG|[98]|DEBUG|PY-01883331  (Contrato 00316864)
17:43:07.74 (106229542)|USER_DEBUG|[99]|DEBUG|  ACTUAL -> Payment_Status=REJECTED &#124; Collection_Status=RETURN &#124; Return_Code=R10 &#124; Reason=null
17:43:07.74 (106232492)|USER_DEBUG|[103]|DEBUG|  NUEVO  -> Payment_Status=REJECTED &#124; Collection_Status=NOT_COLLECTED &#124; Return_Code=R10 &#124; Reason=CUSTOMER ADVISES NOT AUTHORIZED
17:43:07.74 (106235582)|USER_DEBUG|[105]|DEBUG|  Historico nuevo -> PRC_AUT_R10_BACKFILL_JUN2026: REJECTED/NOT_COLLECTED //PRC_AUT: RETURN //PRC_AUT_15D_SIN_REPORTE: ACCEPTED //
17:43:07.74 (106264492)|USER_DEBUG|[97]|DEBUG|---------------------------------------------------------
17:43:07.74 (106270172)|USER_DEBUG|[98]|DEBUG|PY-01884599  (Contrato 00316755)
17:43:07.74 (106275322)|USER_DEBUG|[99]|DEBUG|  ACTUAL -> Payment_Status=REJECTED &#124; Collection_Status=RETURN &#124; Return_Code=R10 &#124; Reason=null
17:43:07.74 (106278313)|USER_DEBUG|[103]|DEBUG|  NUEVO  -> Payment_Status=REJECTED &#124; Collection_Status=NOT_COLLECTED &#124; Return_Code=R10 &#124; Reason=CUSTOMER ADVISES NOT AUTHORIZED
17:43:07.74 (106281273)|USER_DEBUG|[105]|DEBUG|  Historico nuevo -> PRC_AUT_R10_BACKFILL_JUN2026: REJECTED/NOT_COLLECTED //PRC_AUT: RETURN //
17:43:07.74 (106309983)|USER_DEBUG|[97]|DEBUG|---------------------------------------------------------
17:43:07.74 (106315493)|USER_DEBUG|[98]|DEBUG|PY-01884645  (Contrato 00310862)
17:43:07.74 (106320913)|USER_DEBUG|[99]|DEBUG|  ACTUAL -> Payment_Status=REJECTED &#124; Collection_Status=RETURN &#124; Return_Code=R10 &#124; Reason=null
17:43:07.74 (106323863)|USER_DEBUG|[103]|DEBUG|  NUEVO  -> Payment_Status=REJECTED &#124; Collection_Status=NOT_COLLECTED &#124; Return_Code=R10 &#124; Reason=CUSTOMER ADVISES NOT AUTHORIZED
17:43:07.74 (106326833)|USER_DEBUG|[105]|DEBUG|  Historico nuevo -> PRC_AUT_R10_BACKFILL_JUN2026: REJECTED/NOT_COLLECTED //PRC_AUT: RETURN //
17:43:07.74 (106354823)|USER_DEBUG|[97]|DEBUG|---------------------------------------------------------
17:43:07.74 (106360223)|USER_DEBUG|[98]|DEBUG|PY-01884676  (Contrato 00317478)
17:43:07.74 (106365403)|USER_DEBUG|[99]|DEBUG|  ACTUAL -> Payment_Status=REJECTED &#124; Collection_Status=RETURN &#124; Return_Code=R10 &#124; Reason=null
17:43:07.74 (106368443)|USER_DEBUG|[103]|DEBUG|  NUEVO  -> Payment_Status=REJECTED &#124; Collection_Status=NOT_COLLECTED &#124; Return_Code=R10 &#124; Reason=CUSTOMER ADVISES NOT AUTHORIZED
17:43:07.74 (106371723)|USER_DEBUG|[105]|DEBUG|  Historico nuevo -> PRC_AUT_R10_BACKFILL_JUN2026: REJECTED/NOT_COLLECTED //
17:43:07.74 (106400004)|USER_DEBUG|[97]|DEBUG|---------------------------------------------------------
17:43:07.74 (106404534)|USER_DEBUG|[98]|DEBUG|PY-01884692  (Contrato 00310862)
17:43:07.74 (106409804)|USER_DEBUG|[99]|DEBUG|  ACTUAL -> Payment_Status=REJECTED &#124; Collection_Status=RETURN &#124; Return_Code=R10 &#124; Reason=null
17:43:07.74 (106412744)|USER_DEBUG|[103]|DEBUG|  NUEVO  -> Payment_Status=REJECTED &#124; Collection_Status=NOT_COLLECTED &#124; Return_Code=R10 &#124; Reason=CUSTOMER ADVISES NOT AUTHORIZED
17:43:07.74 (106419944)|USER_DEBUG|[105]|DEBUG|  Historico nuevo -> PRC_AUT_R10_BACKFILL_JUN2026: REJECTED/NOT_COLLECTED //PRC_AUT: RETURN //
17:43:07.74 (106449004)|USER_DEBUG|[97]|DEBUG|---------------------------------------------------------
17:43:07.74 (106454924)|USER_DEBUG|[98]|DEBUG|PY-01885207  (Contrato 00316444)
17:43:07.74 (106460324)|USER_DEBUG|[99]|DEBUG|  ACTUAL -> Payment_Status=ACCEPTED &#124; Collection_Status=COLLECTED &#124; Return_Code=null &#124; Reason=null
17:43:07.74 (106463314)|USER_DEBUG|[103]|DEBUG|  NUEVO  -> Payment_Status=REJECTED &#124; Collection_Status=NOT_COLLECTED &#124; Return_Code=R10 &#124; Reason=CUSTOMER ADVISES NOT AUTHORIZED
17:43:07.74 (106466434)|USER_DEBUG|[105]|DEBUG|  Historico nuevo -> PRC_AUT_R10_BACKFILL_JUN2026: REJECTED/NOT_COLLECTED //PRC_AUT_15D_SIN_REPORTE: ACCEPTED //
17:43:07.74 (106496054)|USER_DEBUG|[97]|DEBUG|---------------------------------------------------------
17:43:07.74 (106500885)|USER_DEBUG|[98]|DEBUG|PY-01889059  (Contrato 00314671)
17:43:07.74 (106506595)|USER_DEBUG|[99]|DEBUG|  ACTUAL -> Payment_Status=REJECTED &#124; Collection_Status=PENDING &#124; Return_Code=R10 &#124; Reason=R10
17:43:07.74 (106509615)|USER_DEBUG|[103]|DEBUG|  NUEVO  -> Payment_Status=REJECTED &#124; Collection_Status=NOT_COLLECTED &#124; Return_Code=R10 &#124; Reason=R10 CUST ADV NOT
17:43:07.74 (106512665)|USER_DEBUG|[105]|DEBUG|  Historico nuevo -> PRC_AUT_R10_BACKFILL_JUN2026: REJECTED/NOT_COLLECTED //PRC_AUT: PENDING //PRC_AUT: PENDING //
17:43:07.74 (106541025)|USER_DEBUG|[97]|DEBUG|---------------------------------------------------------
17:43:07.74 (106546825)|USER_DEBUG|[98]|DEBUG|PY-01889111  (Contrato 00315994)
17:43:07.74 (106552845)|USER_DEBUG|[99]|DEBUG|  ACTUAL -> Payment_Status=REJECTED &#124; Collection_Status=PENDING &#124; Return_Code=R10 &#124; Reason=R10
17:43:07.74 (106555865)|USER_DEBUG|[103]|DEBUG|  NUEVO  -> Payment_Status=REJECTED &#124; Collection_Status=NOT_COLLECTED &#124; Return_Code=R10 &#124; Reason=R10 CUST ADV NOT
17:43:07.74 (106561715)|USER_DEBUG|[105]|DEBUG|  Historico nuevo -> PRC_AUT_R10_BACKFILL_JUN2026: REJECTED/NOT_COLLECTED //PRC_AUT: PENDING //PRC_AUT: PENDING //
17:43:07.74 (106591965)|USER_DEBUG|[97]|DEBUG|---------------------------------------------------------
17:43:07.74 (106597605)|USER_DEBUG|[98]|DEBUG|PY-01894616  (Contrato 00317509)
17:43:07.74 (106603925)|USER_DEBUG|[99]|DEBUG|  ACTUAL -> Payment_Status=REJECTED &#124; Collection_Status=PENDING &#124; Return_Code=R10 &#124; Reason=R10
17:43:07.74 (106606965)|USER_DEBUG|[103]|DEBUG|  NUEVO  -> Payment_Status=REJECTED &#124; Collection_Status=NOT_COLLECTED &#124; Return_Code=R10 &#124; Reason=R10 CUST ADV NOT
17:43:07.74 (106609886)|USER_DEBUG|[105]|DEBUG|  Historico nuevo -> PRC_AUT_R10_BACKFILL_JUN2026: REJECTED/NOT_COLLECTED //PRC_AUT: PENDING //PRC_AUT: RETURN //
17:43:07.74 (106646876)|USER_DEBUG|[118]|DEBUG|=======================================================
17:43:07.74 (106663866)|USER_DEBUG|[119]|DEBUG| -> Total a actualizar: 23
17:43:07.74 (106669936)|USER_DEBUG|[120]|DEBUG|=======================================================
17:43:07.74 (106676776)|USER_DEBUG|[137]|DEBUG| -> DRY RUN: no se realizo ningun cambio. Cambiar DRY_RUN a false para ejecutar.
17:43:07.106 (106773357)|CUMULATIVE_LIMIT_USAGE
17:43:07.106 (106773357)|LIMIT_USAGE_FOR_NS|(default)|
  Number of SOQL queries: 1 out of 100
  Number of query rows: 23 out of 50000
  Number of SOSL queries: 0 out of 20
  Number of DML statements: 0 out of 150
  Number of Publish Immediate DML: 0 out of 150
  Number of DML rows: 0 out of 10000
  Maximum CPU time: 0 out of 10000
  Maximum heap size: 0 out of 6000000
  Number of callouts: 0 out of 100
  Number of Email Invocations: 0 out of 10
  Number of future calls: 0 out of 50
  Number of queueable jobs added to the queue: 0 out of 50
  Number of Mobile Apex push calls: 0 out of 10

17:43:07.106 (106773357)|CUMULATIVE_LIMIT_USAGE_END

17:43:07.74 (106892858)|CODE_UNIT_FINISHED|execute_anonymous_apex
17:43:07.74 (106901508)|EXECUTION_FINISHED

