 »   Warning: @salesforce/cli update available from 2.149.9 to 2.150.6.
Compiled successfully.
Executed successfully.

67.0 APEX_CODE,DEBUG;APEX_PROFILING,INFO
Execute Anonymous: // SOLO LECTURA hasta el envio final -- compila los 6 reportes existentes en un solo correo.
Execute Anonymous: String body = 'COMPILADO MENSUAL - Codigos de Retorno ACH y Reversos por Timeout\n'
Execute Anonymous:     + 'Estado al corte del ' + Date.today().format() + '\n'
Execute Anonymous:     + '========================================================================\n\n';
Execute Anonymous: 
Execute Anonymous: // --- R02 ---
Execute Anonymous: List<SM_Payment__c> r02Payments = [
Execute Anonymous:     SELECT Id, Name, SM_Amount__c, CreatedDate,
Execute Anonymous:            SM_Contract__c, SM_Contract__r.ContractNumber, SM_Contract__r.Status,
Execute Anonymous:            SM_Contract__r.SM_Customer_Cancellation__c,
Execute Anonymous:            SM_Contract__r.Is_Test_Contract__c, SM_Contract__r.Is_VIP_Contract__c
Execute Anonymous:     FROM SM_Payment__c WHERE SM_Return_code__c IN ('R02')
Execute Anonymous:     ORDER BY SM_Contract__r.ContractNumber, CreatedDate
Execute Anonymous: ];
Execute Anonymous: Set<Id> r02ContractIds = new Set<Id>();
Execute Anonymous: for (SM_Payment__c p : r02Payments) { if (p.SM_Contract__c != null) r02ContractIds.add(p.SM_Contract__c); }
Execute Anonymous: List<SM_Payment__c> r02Accepted = r02ContractIds.isEmpty() ? new List<SM_Payment__c>() : [
Execute Anonymous:     SELECT SM_Contract__c, CreatedDate FROM SM_Payment__c WHERE SM_Contract__c IN :r02ContractIds AND Payment_Status__c = 'ACCEPTED'
Execute Anonymous: ];
Execute Anonymous: body += '### 1) R02 - CUENTA CERRADA\n';
Execute Anonymous: body += SM_ReturnCodeNotifier.buildReport(r02Payments, r02Accepted, 'R02 (ACCOUNT CLOSED)', 'la cuenta bancaria del metodo de pago ya no existe, reintentar no va a funcionar, hace falta que el cliente actualice su metodo de pago.');
Execute Anonymous: body += '\n';
Execute Anonymous: 
Execute Anonymous: // --- R10 ---
Execute Anonymous: List<SM_Payment__c> r10Payments = [
Execute Anonymous:     SELECT Id, Name, SM_Amount__c, CreatedDate,
Execute Anonymous:            SM_Contract__c, SM_Contract__r.ContractNumber, SM_Contract__r.Status,
Execute Anonymous:            SM_Contract__r.SM_Customer_Cancellation__c,
Execute Anonymous:            SM_Contract__r.Is_Test_Contract__c, SM_Contract__r.Is_VIP_Contract__c
Execute Anonymous:     FROM SM_Payment__c WHERE SM_Return_code__c IN ('R10')
Execute Anonymous:     ORDER BY SM_Contract__r.ContractNumber, CreatedDate
Execute Anonymous: ];
Execute Anonymous: Set<Id> r10ContractIds = new Set<Id>();
Execute Anonymous: for (SM_Payment__c p : r10Payments) { if (p.SM_Contract__c != null) r10ContractIds.add(p.SM_Contract__c); }
Execute Anonymous: List<SM_Payment__c> r10Accepted = r10ContractIds.isEmpty() ? new List<SM_Payment__c>() : [
Execute Anonymous:     SELECT SM_Contract__c, CreatedDate FROM SM_Payment__c WHERE SM_Contract__c IN :r10ContractIds AND Payment_Status__c = 'ACCEPTED'
Execute Anonymous: ];
Execute Anonymous: body += '### 2) R10 - CLIENTE NO AUTORIZA\n';
Execute Anonymous: body += SM_ReturnCodeNotifier.buildReport(r10Payments, r10Accepted, 'R10 (CUSTOMER ADVISES NOT AUTHORIZED)', 'el cliente le informo al banco directamente que no autoriza el cobro (disputa/desconoce el cargo) - reintentar sin hablar primero con el cliente puede generar otra disputa.');
Execute Anonymous: body += '\n';
Execute Anonymous: 
Execute Anonymous: // --- R04/R13 ---
Execute Anonymous: List<SM_Payment__c> r0413Payments = [
Execute Anonymous:     SELECT Id, Name, SM_Amount__c, CreatedDate,
Execute Anonymous:            SM_Contract__c, SM_Contract__r.ContractNumber, SM_Contract__r.Status,
Execute Anonymous:            SM_Contract__r.SM_Customer_Cancellation__c,
Execute Anonymous:            SM_Contract__r.Is_Test_Contract__c, SM_Contract__r.Is_VIP_Contract__c
Execute Anonymous:     FROM SM_Payment__c WHERE SM_Return_code__c IN ('R04','R13')
Execute Anonymous:     ORDER BY SM_Contract__r.ContractNumber, CreatedDate
Execute Anonymous: ];
Execute Anonymous: Set<Id> r0413ContractIds = new Set<Id>();
Execute Anonymous: for (SM_Payment__c p : r0413Payments) { if (p.SM_Contract__c != null) r0413ContractIds.add(p.SM_Contract__c); }
Execute Anonymous: List<SM_Payment__c> r0413Accepted = r0413ContractIds.isEmpty() ? new List<SM_Payment__c>() : [
Execute Anonymous:     SELECT SM_Contract__c, CreatedDate FROM SM_Payment__c WHERE SM_Contract__c IN :r0413ContractIds AND Payment_Status__c = 'ACCEPTED'
Execute Anonymous: ];
Execute Anonymous: body += '### 3) R04/R13 - CUENTA O ROUTING INVALIDO\n';
Execute Anonymous: body += SM_ReturnCodeNotifier.buildReport(r0413Payments, r0413Accepted, 'R04/R13 (NUMERO DE CUENTA O ROUTING INVALIDO)', 'el numero de cuenta o de routing del metodo de pago esta mal capturado - reintentar con el mismo dato nunca va a funcionar, hace falta corregirlo con el cliente.');
Execute Anonymous: body += '\n';
Execute Anonymous: 
Execute Anonymous: // --- R07 ---
Execute Anonymous: List<SM_Payment__c> r07Payments = [
Execute Anonymous:     SELECT Id, Name, SM_Amount__c, CreatedDate,
Execute Anonymous:            SM_Contract__c, SM_Contract__r.ContractNumber, SM_Contract__r.Status,
Execute Anonymous:            SM_Contract__r.SM_Customer_Cancellation__c,
Execute Anonymous:            SM_Contract__r.Is_Test_Contract__c, SM_Contract__r.Is_VIP_Contract__c
Execute Anonymous:     FROM SM_Payment__c WHERE SM_Return_code__c IN ('R07')
Execute Anonymous:     ORDER BY SM_Contract__r.ContractNumber, CreatedDate
Execute Anonymous: ];
Execute Anonymous: Set<Id> r07ContractIds = new Set<Id>();
Execute Anonymous: for (SM_Payment__c p : r07Payments) { if (p.SM_Contract__c != null) r07ContractIds.add(p.SM_Contract__c); }
Execute Anonymous: List<SM_Payment__c> r07Accepted = r07ContractIds.isEmpty() ? new List<SM_Payment__c>() : [
Execute Anonymous:     SELECT SM_Contract__c, CreatedDate FROM SM_Payment__c WHERE SM_Contract__c IN :r07ContractIds AND Payment_Status__c = 'ACCEPTED'
Execute Anonymous: ];
Execute Anonymous: body += '### 4) R07 - AUTORIZACION REVOCADA\n';
Execute Anonymous: body += SM_ReturnCodeNotifier.buildReport(r07Payments, r07Accepted, 'R07 (AUTORIZACION REVOCADA)', 'el cliente revoco formalmente la autorizacion de cobro (no es un cargo puntual disputado como R10 - es una revocacion permanente) - hace falta una autorizacion nueva antes de volver a cobrar.');
Execute Anonymous: body += '\n';
Execute Anonymous: 
Execute Anonymous: // --- R16 ---
Execute Anonymous: List<SM_Payment__c> r16Payments = [
Execute Anonymous:     SELECT Id, Name, SM_Amount__c, CreatedDate,
Execute Anonymous:            SM_Contract__c, SM_Contract__r.ContractNumber, SM_Contract__r.Status,
Execute Anonymous:            SM_Contract__r.SM_Customer_Cancellation__c,
Execute Anonymous:            SM_Contract__r.Is_Test_Contract__c, SM_Contract__r.Is_VIP_Contract__c
Execute Anonymous:     FROM SM_Payment__c WHERE SM_Return_code__c IN ('R16')
Execute Anonymous:     ORDER BY SM_Contract__r.ContractNumber, CreatedDate
Execute Anonymous: ];
Execute Anonymous: Set<Id> r16ContractIds = new Set<Id>();
Execute Anonymous: for (SM_Payment__c p : r16Payments) { if (p.SM_Contract__c != null) r16ContractIds.add(p.SM_Contract__c); }
Execute Anonymous: List<SM_Payment__c> r16Accepted = r16ContractIds.isEmpty() ? new List<SM_Payment__c>() : [
Execute Anonymous:     SELECT SM_Contract__c, CreatedDate FROM SM_Payment__c WHERE SM_Contract__c IN :r16ContractIds AND Payment_Status__c = 'ACCEPTED'
Execute Anonymous: ];
Execute Anonymous: body += '### 5) R16 - CUENTA CONGELADA\n';
Execute Anonymous: body += SM_ReturnCodeNotifier.buildReport(r16Payments, r16Accepted, 'R16 (CUENTA CONGELADA)', 'la cuenta esta congelada (usualmente por una orden legal/judicial) - fuera del control del cliente, dar seguimiento aparte antes de reintentar.');
Execute Anonymous: body += '\n';
Execute Anonymous: 
Execute Anonymous: // --- Timeout reversal ---
Execute Anonymous: List<SM_Payment__c> reversedPayments = [
Execute Anonymous:     SELECT Id, Name, SM_Amount__c, CreatedDate,
Execute Anonymous:            Payment_Status__c, SM_Check_Collection_Status__c, SM_Check_Collection_Date__c,
Execute Anonymous:            SM_Return_code__c, SM_Historical_Collection_Status__c,
Execute Anonymous:            SM_Transmission_Date_ACH_File__c,
Execute Anonymous:            SM_Contract__c, SM_Contract__r.ContractNumber, SM_Contract__r.Status,
Execute Anonymous:            SM_Contract__r.Is_Test_Contract__c, SM_Contract__r.Is_VIP_Contract__c
Execute Anonymous:     FROM SM_Payment__c
Execute Anonymous:     WHERE SM_Historical_Collection_Status__c LIKE '%D_SIN_REPORTE:%'
Execute Anonymous:     AND (Payment_Status__c = 'REJECTED' OR SM_Check_Collection_Status__c IN ('RETURN', 'NOT_COLLECTED', 'NOT COLLECTED', 'PENDING'))
Execute Anonymous:     ORDER BY SM_Contract__r.ContractNumber, SM_Check_Collection_Date__c
Execute Anonymous: ];
Execute Anonymous: List<SM_Payment__c> filteredReversed = new List<SM_Payment__c>();
Execute Anonymous: for (SM_Payment__c p : reversedPayments) {
Execute Anonymous:     if (p.SM_Contract__r != null && (p.SM_Contract__r.Is_Test_Contract__c == true || p.SM_Contract__r.Is_VIP_Contract__c == true)) continue;
Execute Anonymous:     filteredReversed.add(p);
Execute Anonymous: }
Execute Anonymous: body += '### 6) PAGOS ACEPTADOS POR TIMEOUT Y LUEGO REVERTIDOS\n';
Execute Anonymous: body += SM_ReturnCodeNotifier.buildTimeoutReversalReport(filteredReversed);
Execute Anonymous: 
Execute Anonymous: System.debug('===BODY START===');
Execute Anonymous: System.debug(body);
Execute Anonymous: System.debug('===BODY END===');
Execute Anonymous: System.debug('LENGTH: ' + body.length());
19:16:38.65 (65691992)|USER_INFO|[EXTERNAL]|0051U000007bbx5|clopez@legal-credit.com|(GMT+02:00) Central European Summer Time (Europe/Madrid)|GMT+02:00
19:16:38.65 (65718622)|EXECUTION_STARTED
19:16:38.65 (65735412)|CODE_UNIT_STARTED|[EXTERNAL]|execute_anonymous_apex
19:16:41.18 (3018592477)|USER_DEBUG|[117]|DEBUG|===BODY START===
19:16:41.18 (3018616187)|USER_DEBUG|[118]|DEBUG|COMPILADO MENSUAL - Codigos de Retorno ACH y Reversos por Timeout
Estado al corte del 9/21/2026
========================================================================

### 1) R02 - CUENTA CERRADA
Contratos con al menos un ACH Return R02 (ACCOUNT CLOSED) en un Payment - la cuenta bancaria del metodo de pago ya no existe, reintentar no va a funcionar, hace falta que el cliente actualice su metodo de pago.

- Contrato 00241600 (Activated)
    PY-01872793 - $79 - 7/30/2026
    PY-01880311 - $121.54 - 8/12/2026
    PY-01899174 - $104 - 9/8/2026
- Contrato 00301055 (Activated) - OJO: tiene un pago ACCEPTED despues del ultimo return, revisar si ya se resolvio
    PY-01446108 - $79 - 8/18/2022
- Contrato 00314018 (Activated)
    PY-01824744 - $79 - 4/29/2026
    PY-01824928 - $104 - 4/29/2026
    PY-01842176 - $79 - 5/28/2026
    PY-01859566 - $79 - 6/29/2026
    PY-01872873 - $79 - 7/30/2026
    PY-01884594 - $104 - 8/19/2026
    PY-01884669 - $104 - 8/19/2026
    PY-01884630 - $104 - 8/19/2026
    PY-01899175 - $104 - 9/8/2026
- Contrato 00314023 (Activated)
    PY-01824754 - $99 - 4/29/2026
    PY-01824927 - $124 - 4/29/2026
    PY-01842192 - $99 - 5/28/2026
    PY-01859582 - $99 - 6/29/2026
    PY-01872889 - $99 - 7/30/2026
    PY-01880388 - $110.39 - 8/12/2026
    PY-01884593 - $124 - 8/19/2026
    PY-01884662 - $124 - 8/19/2026
    PY-01884627 - $124 - 8/19/2026
    PY-01899176 - $124 - 9/8/2026
- Contrato 00314246 (Activated)
    PY-01889050 - $89 - 8/27/2026
    PY-01899163 - $114 - 9/8/2026
    PY-01899215 - $114 - 9/8/2026
- Contrato 00314379 (Activated)
    PY-01880390 - $132.69 - 8/12/2026
- Contrato 00314584 (Activated)
    PY-01804515 - $75 - 3/12/2026
    PY-01817974 - $75 - 4/14/2026
    PY-01824973 - $100 - 4/29/2026
    PY-01824894 - $100 - 4/29/2026
    PY-01834080 - $75 - 5/14/2026
    PY-01852563 - $75 - 6/15/2026
    PY-01866293 - $75 - 7/14/2026
    PY-01880943 - $75 - 8/13/2026
    PY-01884643 - $100 - 8/19/2026
    PY-01884688 - $100 - 8/19/2026
    PY-01884608 - $100 - 8/19/2026
    PY-01884584 - $100 - 8/19/2026
    PY-01899205 - $100 - 9/8/2026
    PY-01902602 - $75 - 9/14/2026
- Contrato 00315278 (Activated)
    PY-01889077 - $79 - 8/27/2026
- Contrato 00315538 (Activated)
    PY-01859626 - $119 - 6/29/2026
    PY-01872929 - $119 - 7/30/2026
    PY-01889087 - $119 - 8/27/2026
    PY-01899180 - $144 - 9/8/2026
    PY-01899140 - $144 - 9/8/2026
- Contrato 00316478 (Activated)
    PY-01828923 - $99 - 5/5/2026
    PY-01829097 - $124 - 5/5/2026
    PY-01847633 - $99 - 6/5/2026
    PY-01861601 - $99 - 7/2/2026
    PY-01876639 - $99 - 8/5/2026
    PY-01884631 - $124 - 8/19/2026
    PY-01884601 - $124 - 8/19/2026
    PY-01884679 - $124 - 8/19/2026
    PY-01895380 - $99 - 9/3/2026
    PY-01899189 - $124 - 9/8/2026
- Contrato 00316619 (Activated)
    PY-01872166 - $99 - 7/30/2026
    PY-01884661 - $124 - 8/19/2026
    PY-01884707 - $124 - 8/19/2026
- Contrato 00316708 (Activated)
    PY-01838211 - $79 - 5/21/2026
    PY-01847638 - $104 - 6/5/2026
    PY-01847656 - $104 - 6/5/2026
    PY-01847644 - $104 - 6/5/2026
    PY-01856300 - $79 - 6/23/2026
    PY-01868517 - $104 - 7/20/2026
    PY-01868521 - $104 - 7/20/2026
    PY-01868527 - $104 - 7/20/2026
    PY-01868540 - $104 - 7/20/2026
    PY-01869470 - $79 - 7/23/2026
    PY-01872278 - $79 - 7/30/2026
    PY-01885976 - $79 - 8/21/2026
    PY-01887667 - $79 - 8/24/2026
    PY-01888276 - $79 - 8/25/2026
    PY-01888806 - $79 - 8/26/2026
    PY-01888829 - $79 - 8/26/2026
- Contrato 00316941 (Activated)
    PY-01889156 - $99 - 8/27/2026
- Contrato 00317489 (Activated)
    PY-01881015 - $139 - 8/13/2026
    PY-01902660 - $139 - 9/14/2026
- Contrato 00317509 (Activated)
    PY-01899230 - $124 - 9/8/2026
- Contrato 00317690 (Activated)
    PY-01899247 - $124 - 9/8/2026
    PY-01899211 - $124 - 9/8/2026
    PY-01902662 - $99 - 9/14/2026
- Contrato 00317714 (Activated)
    PY-01889211 - $75 - 8/27/2026
- Contrato 00317944 (Activated)
    PY-01890541 - $79 - 8/29/2026

### 2) R10 - CLIENTE NO AUTORIZA
Contratos con al menos un ACH Return R10 (CUSTOMER ADVISES NOT AUTHORIZED) en un Payment - el cliente le informo al banco directamente que no autoriza el cobro (disputa/desconoce el cargo) - reintentar sin hablar primero con el cliente puede generar otra disputa.

- Contrato 00274687 (Activated)
    PY-01880352 - $166.14 - 8/12/2026
- Contrato 00304787 (Activated)
    PY-01880378 - $188.44 - 8/12/2026
- Contrato 00310862 (Activated)
    PY-01817952 - $69 - 4/14/2026
    PY-01884645 - $94 - 8/19/2026
    PY-01884692 - $94 - 8/19/2026
- Contrato 00312743 (Activated)
    PY-01804502 - $79 - 3/12/2026
    PY-01817964 - $79 - 4/14/2026
- Contrato 00314671 (Activated)
    PY-01859586 - $75 - 6/29/2026
    PY-01889059 - $75 - 8/27/2026
- Contrato 00314997 (Activated) - OJO: tiene un pago ACCEPTED despues del ultimo return, revisar si ya se resolvio
    PY-01828898 - $79 - 5/5/2026
- Contrato 00315916 (Activated) - OJO: tiene un pago ACCEPTED despues del ultimo return, revisar si ya se resolvio
    PY-01809215 - $79 - 3/24/2026
- Contrato 00315994 (Activated)
    PY-01889111 - $79 - 8/27/2026
- Contrato 00316444 (Activated)
    PY-01868816 - $99 - 7/21/2026
    PY-01885207 - $99 - 8/20/2026
- Contrato 00316755 (Activated)
    PY-01884599 - $124 - 8/19/2026
- Contrato 00316864 (Activated)
    PY-01883331 - $75 - 8/17/2026
- Contrato 00317434 (Activated)
    PY-01859726 - $99 - 6/29/2026
    PY-01872218 - $99 - 7/30/2026
- Contrato 00317509 (Activated)
    PY-01894616 - $99 - 9/2/2026
- Contrato 00317867 (Activated)
    PY-01880427 - $139 - 8/12/2026

### 3) R04/R13 - CUENTA O ROUTING INVALIDO
Contratos con al menos un ACH Return R04/R13 (NUMERO DE CUENTA O ROUTING INVALIDO) en un Payment - el numero de cuenta o de routing del metodo de pago esta mal capturado - reintentar con el mismo dato nunca va a funcionar, hace falta corregirlo con el cliente.

- Contrato 00311773 (Activated) - OJO: tiene un pago ACCEPTED despues del ultimo return, revisar si ya se resolvio
    PY-01498737 - $59.5 - 5/8/2023
    PY-01499072 - $59.5 - 5/11/2023
- Contrato 00313416 (Activated)
    PY-01880386 - $110.39 - 8/12/2026
- Contrato 00314444 (Activated) - OJO: tiene un pago ACCEPTED despues del ultimo return, revisar si ya se resolvio
    PY-01663123 - $99 - 2/2/2025
    PY-01666086 - $124 - 2/12/2025
- Contrato 00316237 (Activated) - OJO: tiene un pago ACCEPTED despues del ultimo return, revisar si ya se resolvio
    PY-01777920 - $69.5 - 1/14/2026
    PY-01786040 - $69.5 - 1/29/2026
    PY-01797722 - $94.5 - 2/25/2026
    PY-01797725 - $94.5 - 2/25/2026
- Contrato 00316242 (Activated) - OJO: tiene un pago ACCEPTED despues del ultimo return, revisar si ya se resolvio
    PY-01773987 - $139 - 1/3/2026
    PY-01788854 - $164 - 2/3/2026
- Contrato 00316240 (Activated) - OJO: tiene un pago ACCEPTED despues del ultimo return, revisar si ya se resolvio
    PY-01773986 - $139 - 1/3/2026
    PY-01788853 - $164 - 2/3/2026
- Contrato 00317037 (Activated) - OJO: tiene un pago ACCEPTED despues del ultimo return, revisar si ya se resolvio
    PY-01812412 - $139 - 3/30/2026
- Contrato 00317314 (Activated) - OJO: tiene un pago ACCEPTED despues del ultimo return, revisar si ya se resolvio
    PY-01828958 - $139 - 5/5/2026
- Contrato 00317655 (Activated) - OJO: tiene un pago ACCEPTED despues del ultimo return, revisar si ya se resolvio
    PY-01872232 - $49 - 7/30/2026
- Contrato 00317679 (Activated)
    PY-01880407 - $99 - 8/12/2026
    PY-01881040 - $99 - 8/13/2026
    PY-01902670 - $99 - 9/14/2026
- Contrato 00317797 (Activated)
    PY-01867096 - $99 - 7/15/2026
    PY-01880417 - $99 - 8/12/2026
    PY-01881042 - $99 - 8/13/2026
    PY-01890516 - $124 - 8/29/2026
    PY-01902672 - $99 - 9/14/2026
- Contrato 00317934 (Activated)
    PY-01903633 - $75 - 9/15/2026
- Contrato 00317976 (Activated) - OJO: tiene un pago ACCEPTED despues del ultimo return, revisar si ya se resolvio
    PY-01870729 - $129 - 7/27/2026
- Contrato 00317995 (Payment Process)
    PY-01899197 - $99 - 9/8/2026
- Contrato 00318103 (Payment Process)
    PY-01899218 - $139 - 9/8/2026
- Contrato 00318115 (Payment Process)
    PY-01885225 - $99 - 8/20/2026
- Contrato 00318169 (Payment Process)
    PY-01877994 - $139 - 8/7/2026
- Contrato 00318233 (Payment Process)
    PY-01885230 - $139 - 8/20/2026
- Contrato 00318310 (Payment Process)
    PY-01890558 - $99 - 8/29/2026
- Contrato 00318318 (Payment Process)
    PY-01899250 - $139 - 9/8/2026
- Contrato 00318427 (Payment Process)
    PY-01894042 - $99 - 9/1/2026
- Contrato 00318442 (Payment Process)
    PY-01895415 - $139 - 9/3/2026

### 4) R07 - AUTORIZACION REVOCADA
Contratos con al menos un ACH Return R07 (AUTORIZACION REVOCADA) en un Payment - el cliente revoco formalmente la autorizacion de cobro (no es un cargo puntual disputado como R10 - es una revocacion permanente) - hace falta una autorizacion nueva antes de volver a cobrar.

- Contrato 00312242 (Activated) - OJO: tiene un pago ACCEPTED despues del ultimo return, revisar si ya se resolvio
    PY-01773054 - $79 - 1/1/2026
- Contrato 00314671 (Activated)
    PY-01872893 - $75 - 7/30/2026
- Contrato 00315994 (Activated)
    PY-01872953 - $79 - 7/30/2026
- Contrato 00316097 (Activated)
    PY-01880967 - $99 - 8/13/2026
    PY-01899201 - $124 - 9/8/2026
    PY-01902621 - $99 - 9/14/2026
- Contrato 00316376 (Activated)
    PY-01894597 - $99 - 9/2/2026
- Contrato 00316977 (Activated) - OJO: tiene un pago ACCEPTED despues del ultimo return, revisar si ya se resolvio
    PY-01887688 - $49 - 8/24/2026
    PY-01888280 - $49 - 8/25/2026
    PY-01888810 - $49 - 8/26/2026
    PY-01888833 - $49 - 8/26/2026
- Contrato 00317116 (Activated)
    PY-01843592 - $99 - 5/29/2026
- Contrato 00317264 (Activated)
    PY-01872202 - $89 - 7/30/2026
    PY-01884704 - $114 - 8/19/2026
    PY-01884664 - $114 - 8/19/2026

### 5) R16 - CUENTA CONGELADA
Contratos con al menos un ACH Return R16 (CUENTA CONGELADA) en un Payment - la cuenta esta congelada (usualmente por una orden legal/judicial) - fuera del control del cliente, dar seguimiento aparte antes de reintentar.

- Contrato 00311265 (Activated)
    PY-01740246 - $69 - 10/9/2025
    PY-01751748 - $69 - 11/10/2025
    PY-01752569 - $94 - 11/13/2025
    PY-01769222 - $94 - 12/24/2025
    PY-01769229 - $94 - 12/24/2025
    PY-01849466 - $69 - 6/10/2026
    PY-01899143 - $94 - 9/8/2026
- Contrato 00315109 (Activated) - OJO: tiene un pago ACCEPTED despues del ultimo return, revisar si ya se resolvio
    PY-01852574 - $79 - 6/15/2026

### 6) PAGOS ACEPTADOS POR TIMEOUT Y LUEGO REVERTIDOS
Pagos que se aceptaron automaticamente por no tener reporte del banco dentro del plazo, y que un reporte real de Returns/Collection llegado DESPUES demostro que en realidad habian sido rechazados -- evidencia de cuanto se esta demorando el banco en reportar.

PY-01888987 - Transmitido el: 28 ago 2026 - Contrato 00309340 (Activated)
Pago aceptado por dias el 12 sep 2026, cumple 15 dias a partir de transmitido.
Estado actual: REJECTED / PENDING (Reportado en Collections del: 14 sep 2026) -> Return code: R11 (El cliente indica que el cargo no cumple los terminos autorizados)

PY-01885207 - Transmitido el: 20 ago 2026 - Contrato 00316444 (Activated)
Pago aceptado por dias el 4 sep 2026, cumple 15 dias a partir de transmitido.
Estado actual: REJECTED / NOT_COLLECTED (Reportado en Collections del: 8 sep 2026) -> Return code: R10 (El cliente le dijo al banco que no autoriza el cobro)

PY-01883327 - Transmitido el: 17 ago 2026 - Contrato 00316623 (Cancelled)
Pago aceptado por dias el 1 sep 2026, cumple 15 dias a partir de transmitido.
Estado actual: REJECTED / RETURN (Reportado en Collections del: 18 ago 2026) -> Return code: R11 (El cliente indica que el cargo no cumple los terminos autorizados)

PY-01888808 - Transmitido el: 26 ago 2026 - Contrato 00316863 (Activated)
Pago aceptado por dias el 10 sep 2026, cumple 15 dias a partir de transmitido.
Estado actual: REJECTED / PENDING (Reportado en Collections del: 15 sep 2026) -> Return code: R11 (El cliente indica que el cargo no cumple los terminos autorizados)

PY-01888831 - Transmitido el: 26 ago 2026 - Contrato 00316863 (Activated)
Pago aceptado por dias el 10 sep 2026, cumple 15 dias a partir de transmitido.
Estado actual: REJECTED / PENDING (Reportado en Collections del: 15 sep 2026) -> Return code: R11 (El cliente indica que el cargo no cumple los terminos autorizados)

PY-01883331 - Transmitido el: 17 ago 2026 - Contrato 00316864 (Activated)
Pago aceptado por dias el 1 sep 2026, cumple 15 dias a partir de transmitido.
Estado actual: REJECTED / NOT_COLLECTED (Reportado en Collections del: 18 ago 2026) -> Return code: R10 (El cliente le dijo al banco que no autoriza el cobro)

PY-01880307 - Transmitido el: 12 ago 2026 - Contrato 00318220 (Activated)
Pago aceptado por dias el 27 ago 2026, cumple 15 dias a partir de transmitido.
Estado actual: REJECTED / RETURN (Reportado en Collections del: 13 ago 2026) -> Return code: R11 (El cliente indica que el cargo no cumple los terminos autorizados)


19:16:41.18 (3018665398)|USER_DEBUG|[119]|DEBUG|===BODY END===
19:16:41.18 (3018683948)|USER_DEBUG|[120]|DEBUG|LENGTH: 13064
19:16:41.18 (3018750558)|CUMULATIVE_LIMIT_USAGE
19:16:41.18 (3018750558)|LIMIT_USAGE_FOR_NS|(default)|
  Number of SOQL queries: 11 out of 100
  Number of query rows: 9872 out of 50000
  Number of SOSL queries: 0 out of 20
  Number of DML statements: 0 out of 150
  Number of Publish Immediate DML: 0 out of 150
  Number of DML rows: 0 out of 10000
  Maximum CPU time: 238 out of 10000
  Maximum heap size: 0 out of 6000000
  Number of callouts: 0 out of 100
  Number of Email Invocations: 0 out of 10
  Number of future calls: 0 out of 50
  Number of queueable jobs added to the queue: 0 out of 50
  Number of Mobile Apex push calls: 0 out of 10

19:16:41.18 (3018750558)|CUMULATIVE_LIMIT_USAGE_END

19:16:41.18 (3018820438)|CODE_UNIT_FINISHED|execute_anonymous_apex
19:16:41.18 (3018832378)|EXECUTION_FINISHED

