Compiled successfully.
Executed successfully.

67.0 APEX_CODE,DEBUG;APEX_PROFILING,INFO
Execute Anonymous: // SOLO DIAGNOSTICO -- reproduce el mismo error que ya ocurrio, sin cambiar
Execute Anonymous: // nada nuevo (el update ya fallaba antes tambien). Envuelto en try/catch
Execute Anonymous: // para capturar el stack trace completo y ver la linea exacta.
Execute Anonymous: SM_Payment__c p = [SELECT Id, Name FROM SM_Payment__c WHERE Id = 'a24UU000005EtlSYAS'];
Execute Anonymous: Savepoint sp = Database.setSavepoint();
Execute Anonymous: try {
Execute Anonymous:     update new SM_Payment__c(
Execute Anonymous:         Id = p.Id,
Execute Anonymous:         Payment_Status__c = 'ACCEPTED',
Execute Anonymous:         SM_Check_Collection_Date__c = Date.today(),
Execute Anonymous:         SM_Check_Collection__c = true,
Execute Anonymous:         SM_Check_Collection_Status__c = 'COLLECTED'
Execute Anonymous:     );
Execute Anonymous:     System.debug('EXITO INESPERADO');
Execute Anonymous: } catch (Exception e) {
Execute Anonymous:     System.debug('TIPO: ' + e.getTypeName());
Execute Anonymous:     System.debug('MENSAJE: ' + e.getMessage());
Execute Anonymous:     System.debug('STACK TRACE: ' + e.getStackTraceString());
Execute Anonymous: } finally {
Execute Anonymous:     Database.rollback(sp);
Execute Anonymous: }
21:48:59.36 (36101120)|USER_INFO|[EXTERNAL]|0051U000007bbx5|clopez@legal-credit.com|(GMT+02:00) Central European Summer Time (Europe/Madrid)|GMT+02:00
21:48:59.36 (36136251)|EXECUTION_STARTED
21:48:59.36 (36178741)|CODE_UNIT_STARTED|[EXTERNAL]|execute_anonymous_apex
21:48:59.36 (65626383)|CODE_UNIT_STARTED|[EXTERNAL]|Flow:01I1U000002p7mA
21:48:59.36 (65652473)|CODE_UNIT_FINISHED|Flow:01I1U000002p7mA
21:48:59.36 (74322680)|CODE_UNIT_STARTED|[EXTERNAL]|01q1U000001iKpN|SM_PaymentTrigger on SM_Payment trigger event BeforeUpdate|__sfdc_trigger/SM_PaymentTrigger
21:48:59.165 (165859370)|CUMULATIVE_LIMIT_USAGE
21:48:59.165 (165859370)|LIMIT_USAGE_FOR_NS|(default)|
  Number of SOQL queries: 3 out of 100
  Number of query rows: 4 out of 50000
  Number of SOSL queries: 0 out of 20
  Number of DML statements: 3 out of 150
  Number of Publish Immediate DML: 0 out of 150
  Number of DML rows: 2 out of 10000
  Maximum CPU time: 0 out of 10000
  Maximum heap size: 0 out of 6000000
  Number of callouts: 0 out of 100
  Number of Email Invocations: 0 out of 10
  Number of future calls: 0 out of 50
  Number of queueable jobs added to the queue: 0 out of 50
  Number of Mobile Apex push calls: 0 out of 10

21:48:59.165 (165859370)|CUMULATIVE_LIMIT_USAGE_END

21:48:59.36 (167820348)|CODE_UNIT_FINISHED|SM_PaymentTrigger on SM_Payment trigger event BeforeUpdate|__sfdc_trigger/SM_PaymentTrigger
21:48:59.36 (170528770)|CODE_UNIT_STARTED|[EXTERNAL]|01q1U000001iMYY|SM_PaymentTGR on SM_Payment trigger event BeforeUpdate|__sfdc_trigger/SM_PaymentTGR
21:48:59.175 (175684332)|CUMULATIVE_LIMIT_USAGE
21:48:59.175 (175684332)|LIMIT_USAGE_FOR_NS|(default)|
  Number of SOQL queries: 3 out of 100
  Number of query rows: 5 out of 50000
  Number of SOSL queries: 0 out of 20
  Number of DML statements: 3 out of 150
  Number of Publish Immediate DML: 0 out of 150
  Number of DML rows: 2 out of 10000
  Maximum CPU time: 0 out of 10000
  Maximum heap size: 0 out of 6000000
  Number of callouts: 0 out of 100
  Number of Email Invocations: 0 out of 10
  Number of future calls: 0 out of 50
  Number of queueable jobs added to the queue: 0 out of 50
  Number of Mobile Apex push calls: 0 out of 10

21:48:59.175 (175684332)|CUMULATIVE_LIMIT_USAGE_END

21:48:59.36 (175864322)|CODE_UNIT_FINISHED|SM_PaymentTGR on SM_Payment trigger event BeforeUpdate|__sfdc_trigger/SM_PaymentTGR
21:48:59.36 (186417707)|CODE_UNIT_STARTED|[EXTERNAL]|Validation:SM_Payment:a24UU000005EtlS
21:48:59.36 (186504807)|CODE_UNIT_FINISHED|Validation:SM_Payment:a24UU000005EtlS
21:48:59.36 (193211675)|CODE_UNIT_STARTED|[EXTERNAL]|01q1U000001iKpN|SM_PaymentTrigger on SM_Payment trigger event AfterUpdate|__sfdc_trigger/SM_PaymentTrigger
21:48:59.36 (236026803)|CODE_UNIT_STARTED|[EXTERNAL]|01q1U000001iMYW|SM_ACHOrderTrigger on SM_ACH_Order trigger event BeforeUpdate|__sfdc_trigger/SM_ACHOrderTrigger
21:48:59.36 (321902470)|USER_DEBUG|[444]|DEBUG|newRecords: (SM_ACH_Order__c:{Id=a04UU00000HUbbWYAT, IsDeleted=false, Name=ACH-28851, CreatedDate=2026-08-21 20:22:15, CreatedById=0051U000007bbx5QAA, LastModifiedDate=2026-08-24 19:41:23, LastModifiedById=0051U000001MRFeQAO, SystemModstamp=2026-08-24 19:41:23, LastViewedDate=null, LastReferencedDate=null, SM_Contract__c=800UU00000kbujzYAA, SM_Billing_Email__c=thiagonolasco2522@gmail.com, SM_Charge_Date__c=null, SM_Failed_AC_Transactions__c=null, SM_Failed_Transactions__c=null, SM_IVU_Municipal_Amount__c=0.00, SM_Id_Salesforce_LCS__c=null, IVU_State_Amount__c=0.00, SM_Next_Transaction_Date__c=null, SM_Payment_Count__c=1, SM_Payment_End_Date__c=2026-08-22 00:00:00, SM_Payment_Frequency__c=Once, SM_Payment_Method__c=a10UU00000E7TNFYA3, SM_Payment_Start_Date__c=2026-08-22 00:00:00, SM_Payment_Status__c=Completed, SM_Payment_Stop__c=null, SM_Payment_Type__c=AC, SM_Quantity_of_scheduled_fees__c=null, SM_Total__c=139.00, SM_Fee_to_collect__c=1, SM_Payment_Condition__c=Fixed value, SM_Apply_penalty__c=false, SM_Failed_payment__c=null, SM_Is_Migrated__c=false, SM_Migration_Date__c=null, SM_Penalty_date__c=null, SM_Penalty_value__c=0.00, SM_User_who_applies_the_penalty__c=null, SM_Approval_status__c=null, SM_Reason_to_approve_exoneration__c=null, Total_Amount__c=139.00, SM_Bank__c=BANCO POPULAR, SM_DaystocollectPrincipalpayment__c=null, SM_FinalStatus__c=PENDING, SM_last_update_date_transmitted__c=null, SM_Date_ACH_Transmitted__c=null, SM_IsApplyingDaysCollectedPenalty__c=false, SM_Apply_Discount__c=false, SM_Discount_Applies_Date__c=null, Discount_Original_Subtotal__c=null, SM_Discount_Percentage__c=null, SM_Discount_Reason__c=null, SM_Discount_Status__c=null, SM_Discount_Type__c=null, SM_Discount_Value_Afer__c=0.00, SM_Discount_Value__c=null, SM_User_Who_Request_Discount__c=null, SM_User_Who_Applies_Discount__c=null, Invoice__c=null, SM_Original_Type__c=null, Payment_Catery__c=NONE, Order_To_Be_Collected__c=2, SM_PTP_Montly__c=null, Is_PTP__c=true, User_Who_Approve_Discount__c=null, Discount_Value_Afer_Discount_IVU__c=0.00, Discount_Original_Total__c=null, ACH_Tax__c=0.00})
21:48:59.334 (334197972)|CUMULATIVE_LIMIT_USAGE
21:48:59.334 (334197972)|LIMIT_USAGE_FOR_NS|(default)|
  Number of SOQL queries: 6 out of 100
  Number of query rows: 10 out of 50000
  Number of SOSL queries: 0 out of 20
  Number of DML statements: 4 out of 150
  Number of Publish Immediate DML: 0 out of 150
  Number of DML rows: 3 out of 10000
  Maximum CPU time: 0 out of 10000
  Maximum heap size: 0 out of 6000000
  Number of callouts: 0 out of 100
  Number of Email Invocations: 0 out of 10
  Number of future calls: 0 out of 50
  Number of queueable jobs added to the queue: 0 out of 50
  Number of Mobile Apex push calls: 0 out of 10

21:48:59.334 (334197972)|CUMULATIVE_LIMIT_USAGE_END

21:48:59.36 (334507094)|CODE_UNIT_FINISHED|SM_ACHOrderTrigger on SM_ACH_Order trigger event BeforeUpdate|__sfdc_trigger/SM_ACHOrderTrigger
21:48:59.36 (344494025)|CODE_UNIT_STARTED|[EXTERNAL]|Validation:SM_ACH_Order:a04UU00000HUbbW
21:48:59.36 (344570555)|CODE_UNIT_FINISHED|Validation:SM_ACH_Order:a04UU00000HUbbW
21:48:59.36 (350684770)|CODE_UNIT_STARTED|[EXTERNAL]|01q1U000001iMYW|SM_ACHOrderTrigger on SM_ACH_Order trigger event AfterUpdate|__sfdc_trigger/SM_ACHOrderTrigger
21:48:59.357 (357976000)|CUMULATIVE_LIMIT_USAGE
21:48:59.357 (357976000)|LIMIT_USAGE_FOR_NS|(default)|
  Number of SOQL queries: 7 out of 100
  Number of query rows: 11 out of 50000
  Number of SOSL queries: 0 out of 20
  Number of DML statements: 4 out of 150
  Number of Publish Immediate DML: 0 out of 150
  Number of DML rows: 3 out of 10000
  Maximum CPU time: 102 out of 10000
  Maximum heap size: 0 out of 6000000
  Number of callouts: 0 out of 100
  Number of Email Invocations: 0 out of 10
  Number of future calls: 0 out of 50
  Number of queueable jobs added to the queue: 0 out of 50
  Number of Mobile Apex push calls: 0 out of 10

21:48:59.357 (357976000)|CUMULATIVE_LIMIT_USAGE_END

21:48:59.36 (358199041)|CODE_UNIT_FINISHED|SM_ACHOrderTrigger on SM_ACH_Order trigger event AfterUpdate|__sfdc_trigger/SM_ACHOrderTrigger
21:48:59.36 (359326386)|CODE_UNIT_STARTED|[EXTERNAL]|Workflow:01I1U000002p7m5
21:48:59.36 (359358046)|CODE_UNIT_FINISHED|Workflow:01I1U000002p7m5
21:48:59.36 (366036495)|USER_DEBUG|[295]|DEBUG|achOrdersById - sr: [{"id":"a04UU00000HUbbWYAT","success":true,"errors":[]}]
21:48:59.410 (410750581)|CUMULATIVE_LIMIT_USAGE
21:48:59.410 (410750581)|LIMIT_USAGE_FOR_NS|(default)|
  Number of SOQL queries: 10 out of 100
  Number of query rows: 11 out of 50000
  Number of SOSL queries: 0 out of 20
  Number of DML statements: 4 out of 150
  Number of Publish Immediate DML: 0 out of 150
  Number of DML rows: 3 out of 10000
  Maximum CPU time: 102 out of 10000
  Maximum heap size: 0 out of 6000000
  Number of callouts: 0 out of 100
  Number of Email Invocations: 0 out of 10
  Number of future calls: 0 out of 50
  Number of queueable jobs added to the queue: 0 out of 50
  Number of Mobile Apex push calls: 0 out of 10

21:48:59.410 (410750581)|CUMULATIVE_LIMIT_USAGE_END

21:48:59.36 (410941562)|CODE_UNIT_FINISHED|SM_PaymentTrigger on SM_Payment trigger event AfterUpdate|__sfdc_trigger/SM_PaymentTrigger
21:48:59.36 (411335104)|CODE_UNIT_STARTED|[EXTERNAL]|01q1U000001iMYY|SM_PaymentTGR on SM_Payment trigger event AfterUpdate|__sfdc_trigger/SM_PaymentTGR
21:48:59.412 (412986400)|CUMULATIVE_LIMIT_USAGE
21:48:59.412 (412986400)|LIMIT_USAGE_FOR_NS|(default)|
  Number of SOQL queries: 10 out of 100
  Number of query rows: 12 out of 50000
  Number of SOSL queries: 0 out of 20
  Number of DML statements: 4 out of 150
  Number of Publish Immediate DML: 0 out of 150
  Number of DML rows: 3 out of 10000
  Maximum CPU time: 102 out of 10000
  Maximum heap size: 0 out of 6000000
  Number of callouts: 0 out of 100
  Number of Email Invocations: 0 out of 10
  Number of future calls: 0 out of 50
  Number of queueable jobs added to the queue: 0 out of 50
  Number of Mobile Apex push calls: 0 out of 10

21:48:59.412 (412986400)|CUMULATIVE_LIMIT_USAGE_END

21:48:59.36 (413118891)|CODE_UNIT_FINISHED|SM_PaymentTGR on SM_Payment trigger event AfterUpdate|__sfdc_trigger/SM_PaymentTGR
21:48:59.36 (414451426)|CODE_UNIT_STARTED|[EXTERNAL]|01qUU0000081AtZ|SM_ACPaymentActivationTrigger on SM_Payment trigger event AfterUpdate|__sfdc_trigger/SM_ACPaymentActivationTrigger
21:48:59.418 (418530673)|CUMULATIVE_LIMIT_USAGE
21:48:59.418 (418530673)|LIMIT_USAGE_FOR_NS|(default)|
  Number of SOQL queries: 10 out of 100
  Number of query rows: 13 out of 50000
  Number of SOSL queries: 0 out of 20
  Number of DML statements: 4 out of 150
  Number of Publish Immediate DML: 0 out of 150
  Number of DML rows: 3 out of 10000
  Maximum CPU time: 102 out of 10000
  Maximum heap size: 0 out of 6000000
  Number of callouts: 0 out of 100
  Number of Email Invocations: 0 out of 10
  Number of future calls: 0 out of 50
  Number of queueable jobs added to the queue: 0 out of 50
  Number of Mobile Apex push calls: 0 out of 10

21:48:59.418 (418530673)|CUMULATIVE_LIMIT_USAGE_END

21:48:59.36 (418670124)|CODE_UNIT_FINISHED|SM_ACPaymentActivationTrigger on SM_Payment trigger event AfterUpdate|__sfdc_trigger/SM_ACPaymentActivationTrigger
21:48:59.36 (420055070)|CODE_UNIT_STARTED|[EXTERNAL]|01qUU0000081Z5Z|SM_LateFeeReconciliationTrigger on SM_Payment trigger event AfterUpdate|__sfdc_trigger/SM_LateFeeReconciliationTrigger
21:48:59.433 (433720516)|CUMULATIVE_LIMIT_USAGE
21:48:59.433 (433720516)|LIMIT_USAGE_FOR_NS|(default)|
  Number of SOQL queries: 11 out of 100
  Number of query rows: 14 out of 50000
  Number of SOSL queries: 0 out of 20
  Number of DML statements: 4 out of 150
  Number of Publish Immediate DML: 0 out of 150
  Number of DML rows: 3 out of 10000
  Maximum CPU time: 102 out of 10000
  Maximum heap size: 0 out of 6000000
  Number of callouts: 0 out of 100
  Number of Email Invocations: 0 out of 10
  Number of future calls: 0 out of 50
  Number of queueable jobs added to the queue: 0 out of 50
  Number of Mobile Apex push calls: 0 out of 10

21:48:59.433 (433720516)|CUMULATIVE_LIMIT_USAGE_END

21:48:59.36 (433867637)|CODE_UNIT_FINISHED|SM_LateFeeReconciliationTrigger on SM_Payment trigger event AfterUpdate|__sfdc_trigger/SM_LateFeeReconciliationTrigger
21:48:59.36 (435908075)|CODE_UNIT_STARTED|[EXTERNAL]|Workflow:01I1U000002p7mA
21:48:59.36 (446970052)|CODE_UNIT_FINISHED|Workflow:01I1U000002p7mA
21:48:59.36 (447791815)|CODE_UNIT_STARTED|[EXTERNAL]|Flow:01I1U000002p7mA
21:48:59.466 (466840994)|CODE_UNIT_STARTED|[EXTERNAL]|Flow:Contract
21:48:59.466 (472256617)|CODE_UNIT_FINISHED|Flow:Contract
21:48:59.476 (476612515)|CODE_UNIT_STARTED|[EXTERNAL]|01q1U000001e9g3|SM_ContractTrigger on Contract trigger event BeforeUpdate|__sfdc_trigger/SM_ContractTrigger
21:48:59.480 (480909444)|CUMULATIVE_LIMIT_USAGE
21:48:59.480 (480909444)|LIMIT_USAGE_FOR_NS|(default)|
  Number of SOQL queries: 12 out of 100
  Number of query rows: 16 out of 50000
  Number of SOSL queries: 0 out of 20
  Number of DML statements: 5 out of 150
  Number of Publish Immediate DML: 0 out of 150
  Number of DML rows: 4 out of 10000
  Maximum CPU time: 160 out of 10000
  Maximum heap size: 0 out of 6000000
  Number of callouts: 0 out of 100
  Number of Email Invocations: 0 out of 10
  Number of future calls: 0 out of 50
  Number of queueable jobs added to the queue: 0 out of 50
  Number of Mobile Apex push calls: 0 out of 10

21:48:59.480 (480909444)|CUMULATIVE_LIMIT_USAGE_END

21:48:59.476 (481126955)|CODE_UNIT_FINISHED|SM_ContractTrigger on Contract trigger event BeforeUpdate|__sfdc_trigger/SM_ContractTrigger
21:48:59.482 (482384560)|CODE_UNIT_STARTED|[EXTERNAL]|01qUU000006wHpq|dlrs_ContractTrigger on Contract trigger event BeforeUpdate|__sfdc_trigger/dlrs_ContractTrigger
21:48:59.483 (483580905)|CUMULATIVE_LIMIT_USAGE
21:48:59.483 (483580905)|LIMIT_USAGE_FOR_NS|(default)|
  Number of SOQL queries: 12 out of 100
  Number of query rows: 16 out of 50000
  Number of SOSL queries: 0 out of 20
  Number of DML statements: 5 out of 150
  Number of Publish Immediate DML: 0 out of 150
  Number of DML rows: 4 out of 10000
  Maximum CPU time: 160 out of 10000
  Maximum heap size: 0 out of 6000000
  Number of callouts: 0 out of 100
  Number of Email Invocations: 0 out of 10
  Number of future calls: 0 out of 50
  Number of queueable jobs added to the queue: 0 out of 50
  Number of Mobile Apex push calls: 0 out of 10

21:48:59.483 (483580905)|CUMULATIVE_LIMIT_USAGE_END

21:48:59.482 (483712235)|CODE_UNIT_FINISHED|dlrs_ContractTrigger on Contract trigger event BeforeUpdate|__sfdc_trigger/dlrs_ContractTrigger
21:48:59.540 (540347050)|CODE_UNIT_STARTED|[EXTERNAL]|Validation:Contract:800UU00000kbujz
21:48:59.540 (553083203)|CODE_UNIT_FINISHED|Validation:Contract:800UU00000kbujz
21:48:59.565 (565562886)|CODE_UNIT_STARTED|[EXTERNAL]|01q1U000001e9g3|SM_ContractTrigger on Contract trigger event AfterUpdate|__sfdc_trigger/SM_ContractTrigger
21:48:59.568 (568124716)|CUMULATIVE_LIMIT_USAGE
21:48:59.568 (568124716)|LIMIT_USAGE_FOR_NS|(default)|
  Number of SOQL queries: 12 out of 100
  Number of query rows: 17 out of 50000
  Number of SOSL queries: 0 out of 20
  Number of DML statements: 5 out of 150
  Number of Publish Immediate DML: 0 out of 150
  Number of DML rows: 4 out of 10000
  Maximum CPU time: 160 out of 10000
  Maximum heap size: 0 out of 6000000
  Number of callouts: 0 out of 100
  Number of Email Invocations: 0 out of 10
  Number of future calls: 0 out of 50
  Number of queueable jobs added to the queue: 0 out of 50
  Number of Mobile Apex push calls: 0 out of 10

21:48:59.568 (568124716)|CUMULATIVE_LIMIT_USAGE_END

21:48:59.565 (568360777)|CODE_UNIT_FINISHED|SM_ContractTrigger on Contract trigger event AfterUpdate|__sfdc_trigger/SM_ContractTrigger
21:48:59.568 (568822979)|CODE_UNIT_STARTED|[EXTERNAL]|01qUU000006wHpq|dlrs_ContractTrigger on Contract trigger event AfterUpdate|__sfdc_trigger/dlrs_ContractTrigger
21:48:59.778 (778740993)|CUMULATIVE_LIMIT_USAGE
21:48:59.778 (778740993)|LIMIT_USAGE_FOR_NS|(default)|
  Number of SOQL queries: 12 out of 100
  Number of query rows: 17 out of 50000
  Number of SOSL queries: 0 out of 20
  Number of DML statements: 5 out of 150
  Number of Publish Immediate DML: 0 out of 150
  Number of DML rows: 4 out of 10000
  Maximum CPU time: 308 out of 10000
  Maximum heap size: 0 out of 6000000
  Number of callouts: 0 out of 100
  Number of Email Invocations: 0 out of 10
  Number of future calls: 0 out of 50
  Number of queueable jobs added to the queue: 0 out of 50
  Number of Mobile Apex push calls: 0 out of 10

21:48:59.778 (778740993)|LIMIT_USAGE_FOR_NS|dlrs|
  Number of SOQL queries: 4 out of 100
  Number of query rows: 2 out of 50000
  Number of SOSL queries: 0 out of 20
  Number of DML statements: 0 out of 150
  Number of Publish Immediate DML: 0 out of 150
  Number of DML rows: 0 out of 10000
  Maximum CPU time: 0 out of 10000
  Maximum heap size: 0 out of 6000000
  Number of callouts: 0 out of 100
  Number of Email Invocations: 0 out of 10
  Number of future calls: 0 out of 50
  Number of queueable jobs added to the queue: 0 out of 50
  Number of Mobile Apex push calls: 0 out of 10

21:48:59.778 (778740993)|CUMULATIVE_LIMIT_USAGE_END

21:48:59.568 (779017694)|CODE_UNIT_FINISHED|dlrs_ContractTrigger on Contract trigger event AfterUpdate|__sfdc_trigger/dlrs_ContractTrigger
21:48:59.780 (780389130)|CODE_UNIT_STARTED|[EXTERNAL]|Workflow:Contract
21:48:59.780 (839959249)|CODE_UNIT_FINISHED|Workflow:Contract
21:48:59.840 (840098409)|CODE_UNIT_STARTED|[EXTERNAL]|Flow:Contract
21:48:59.875 (875943759)|CODE_UNIT_STARTED|[EXTERNAL]|01q1U000001iMYW|SM_ACHOrderTrigger on SM_ACH_Order trigger event BeforeInsert|__sfdc_trigger/SM_ACHOrderTrigger
21:48:59.875 (897265248)|USER_DEBUG|[23]|DEBUG|Executing disableValidationRules: SM_Bypasser__c:{Id=a201U000000sM7PQAU, IsDeleted=false, Name=Bypasser (Profile), SetupOwnerId=00e1U000001XfCgQAK, CreatedDate=2021-04-21 02:07:03, CreatedById=0051U0000089GwCQAU, LastModifiedDate=2026-09-16 19:37:01, LastModifiedById=0051U000007bbx5QAA, SystemModstamp=2026-09-16 19:37:01, SM_Disable_Validation_Rules__c=false}
21:48:59.875 (914459509)|CODE_UNIT_STARTED|[EXTERNAL]|01q1U000001e9g3|SM_ContractTrigger on Contract trigger event BeforeUpdate|__sfdc_trigger/SM_ContractTrigger
21:48:59.917 (917735122)|CUMULATIVE_LIMIT_USAGE
21:48:59.917 (917735122)|LIMIT_USAGE_FOR_NS|(default)|
  Number of SOQL queries: 16 out of 100
  Number of query rows: 24 out of 50000
  Number of SOSL queries: 0 out of 20
  Number of DML statements: 8 out of 150
  Number of Publish Immediate DML: 0 out of 150
  Number of DML rows: 7 out of 10000
  Maximum CPU time: 385 out of 10000
  Maximum heap size: 0 out of 6000000
  Number of callouts: 0 out of 100
  Number of Email Invocations: 0 out of 10
  Number of future calls: 0 out of 50
  Number of queueable jobs added to the queue: 0 out of 50
  Number of Mobile Apex push calls: 0 out of 10

21:48:59.917 (917735122)|LIMIT_USAGE_FOR_NS|dlrs|
  Number of SOQL queries: 4 out of 100
  Number of query rows: 2 out of 50000
  Number of SOSL queries: 0 out of 20
  Number of DML statements: 0 out of 150
  Number of Publish Immediate DML: 0 out of 150
  Number of DML rows: 0 out of 10000
  Maximum CPU time: 0 out of 10000
  Maximum heap size: 0 out of 6000000
  Number of callouts: 0 out of 100
  Number of Email Invocations: 0 out of 10
  Number of future calls: 0 out of 50
  Number of queueable jobs added to the queue: 0 out of 50
  Number of Mobile Apex push calls: 0 out of 10

21:48:59.917 (917735122)|CUMULATIVE_LIMIT_USAGE_END

21:48:59.875 (917979533)|CODE_UNIT_FINISHED|SM_ContractTrigger on Contract trigger event BeforeUpdate|__sfdc_trigger/SM_ContractTrigger
21:48:59.875 (918302315)|CODE_UNIT_STARTED|[EXTERNAL]|01qUU000006wHpq|dlrs_ContractTrigger on Contract trigger event BeforeUpdate|__sfdc_trigger/dlrs_ContractTrigger
21:48:59.919 (919369999)|CUMULATIVE_LIMIT_USAGE
21:48:59.919 (919369999)|LIMIT_USAGE_FOR_NS|(default)|
  Number of SOQL queries: 16 out of 100
  Number of query rows: 24 out of 50000
  Number of SOSL queries: 0 out of 20
  Number of DML statements: 8 out of 150
  Number of Publish Immediate DML: 0 out of 150
  Number of DML rows: 7 out of 10000
  Maximum CPU time: 385 out of 10000
  Maximum heap size: 0 out of 6000000
  Number of callouts: 0 out of 100
  Number of Email Invocations: 0 out of 10
  Number of future calls: 0 out of 50
  Number of queueable jobs added to the queue: 0 out of 50
  Number of Mobile Apex push calls: 0 out of 10

21:48:59.919 (919369999)|LIMIT_USAGE_FOR_NS|dlrs|
  Number of SOQL queries: 4 out of 100
  Number of query rows: 2 out of 50000
  Number of SOSL queries: 0 out of 20
  Number of DML statements: 0 out of 150
  Number of Publish Immediate DML: 0 out of 150
  Number of DML rows: 0 out of 10000
  Maximum CPU time: 0 out of 10000
  Maximum heap size: 0 out of 6000000
  Number of callouts: 0 out of 100
  Number of Email Invocations: 0 out of 10
  Number of future calls: 0 out of 50
  Number of queueable jobs added to the queue: 0 out of 50
  Number of Mobile Apex push calls: 0 out of 10

21:48:59.919 (919369999)|CUMULATIVE_LIMIT_USAGE_END

21:48:59.875 (919499860)|CODE_UNIT_FINISHED|dlrs_ContractTrigger on Contract trigger event BeforeUpdate|__sfdc_trigger/dlrs_ContractTrigger
21:48:59.875 (922023560)|CODE_UNIT_STARTED|[EXTERNAL]|Validation:Contract:800UU00000kbujz
21:48:59.875 (925587905)|CODE_UNIT_FINISHED|Validation:Contract:800UU00000kbujz
21:48:59.875 (934722623)|CODE_UNIT_STARTED|[EXTERNAL]|01q1U000001e9g3|SM_ContractTrigger on Contract trigger event AfterUpdate|__sfdc_trigger/SM_ContractTrigger
21:48:59.937 (937267604)|CUMULATIVE_LIMIT_USAGE
21:48:59.937 (937267604)|LIMIT_USAGE_FOR_NS|(default)|
  Number of SOQL queries: 16 out of 100
  Number of query rows: 25 out of 50000
  Number of SOSL queries: 0 out of 20
  Number of DML statements: 8 out of 150
  Number of Publish Immediate DML: 0 out of 150
  Number of DML rows: 7 out of 10000
  Maximum CPU time: 385 out of 10000
  Maximum heap size: 0 out of 6000000
  Number of callouts: 0 out of 100
  Number of Email Invocations: 0 out of 10
  Number of future calls: 0 out of 50
  Number of queueable jobs added to the queue: 0 out of 50
  Number of Mobile Apex push calls: 0 out of 10

21:48:59.937 (937267604)|LIMIT_USAGE_FOR_NS|dlrs|
  Number of SOQL queries: 4 out of 100
  Number of query rows: 2 out of 50000
  Number of SOSL queries: 0 out of 20
  Number of DML statements: 0 out of 150
  Number of Publish Immediate DML: 0 out of 150
  Number of DML rows: 0 out of 10000
  Maximum CPU time: 0 out of 10000
  Maximum heap size: 0 out of 6000000
  Number of callouts: 0 out of 100
  Number of Email Invocations: 0 out of 10
  Number of future calls: 0 out of 50
  Number of queueable jobs added to the queue: 0 out of 50
  Number of Mobile Apex push calls: 0 out of 10

21:48:59.937 (937267604)|CUMULATIVE_LIMIT_USAGE_END

21:48:59.875 (937520245)|CODE_UNIT_FINISHED|SM_ContractTrigger on Contract trigger event AfterUpdate|__sfdc_trigger/SM_ContractTrigger
21:48:59.875 (937880897)|CODE_UNIT_STARTED|[EXTERNAL]|01qUU000006wHpq|dlrs_ContractTrigger on Contract trigger event AfterUpdate|__sfdc_trigger/dlrs_ContractTrigger
21:48:59.943 (943547400)|CUMULATIVE_LIMIT_USAGE
21:48:59.943 (943547400)|LIMIT_USAGE_FOR_NS|(default)|
  Number of SOQL queries: 16 out of 100
  Number of query rows: 25 out of 50000
  Number of SOSL queries: 0 out of 20
  Number of DML statements: 8 out of 150
  Number of Publish Immediate DML: 0 out of 150
  Number of DML rows: 7 out of 10000
  Maximum CPU time: 385 out of 10000
  Maximum heap size: 0 out of 6000000
  Number of callouts: 0 out of 100
  Number of Email Invocations: 0 out of 10
  Number of future calls: 0 out of 50
  Number of queueable jobs added to the queue: 0 out of 50
  Number of Mobile Apex push calls: 0 out of 10

21:48:59.943 (943547400)|LIMIT_USAGE_FOR_NS|dlrs|
  Number of SOQL queries: 4 out of 100
  Number of query rows: 2 out of 50000
  Number of SOSL queries: 0 out of 20
  Number of DML statements: 0 out of 150
  Number of Publish Immediate DML: 0 out of 150
  Number of DML rows: 0 out of 10000
  Maximum CPU time: 0 out of 10000
  Maximum heap size: 0 out of 6000000
  Number of callouts: 0 out of 100
  Number of Email Invocations: 0 out of 10
  Number of future calls: 0 out of 50
  Number of queueable jobs added to the queue: 0 out of 50
  Number of Mobile Apex push calls: 0 out of 10

21:48:59.943 (943547400)|CUMULATIVE_LIMIT_USAGE_END

21:48:59.875 (943796331)|CODE_UNIT_FINISHED|dlrs_ContractTrigger on Contract trigger event AfterUpdate|__sfdc_trigger/dlrs_ContractTrigger
21:48:59.875 (945586829)|USER_DEBUG|[32]|DEBUG|Executing enableValidationRules: SM_Bypasser__c:{Id=a201U000000sM7PQAU, IsDeleted=false, Name=Bypasser (Profile), SetupOwnerId=00e1U000001XfCgQAK, CreatedDate=2021-04-21 02:07:03, CreatedById=0051U0000089GwCQAU, LastModifiedDate=2026-09-16 19:48:59, LastModifiedById=0051U000007bbx5QAA, SystemModstamp=2026-09-16 19:48:59, SM_Disable_Validation_Rules__c=true}
21:48:59.875 (956112972)|USER_DEBUG|[510]|DEBUG|rs: [{"id":"800UU00000kbujzYAA","success":true,"errors":[]}]
21:49:00.20 (1020199820)|CUMULATIVE_LIMIT_USAGE
21:49:00.20 (1020199820)|LIMIT_USAGE_FOR_NS|(default)|
  Number of SOQL queries: 17 out of 100
  Number of query rows: 26 out of 50000
  Number of SOSL queries: 0 out of 20
  Number of DML statements: 9 out of 150
  Number of Publish Immediate DML: 0 out of 150
  Number of DML rows: 8 out of 10000
  Maximum CPU time: 385 out of 10000
  Maximum heap size: 0 out of 6000000
  Number of callouts: 0 out of 100
  Number of Email Invocations: 0 out of 10
  Number of future calls: 0 out of 50
  Number of queueable jobs added to the queue: 0 out of 50
  Number of Mobile Apex push calls: 0 out of 10

21:49:00.20 (1020199820)|LIMIT_USAGE_FOR_NS|dlrs|
  Number of SOQL queries: 4 out of 100
  Number of query rows: 2 out of 50000
  Number of SOSL queries: 0 out of 20
  Number of DML statements: 0 out of 150
  Number of Publish Immediate DML: 0 out of 150
  Number of DML rows: 0 out of 10000
  Maximum CPU time: 0 out of 10000
  Maximum heap size: 0 out of 6000000
  Number of callouts: 0 out of 100
  Number of Email Invocations: 0 out of 10
  Number of future calls: 0 out of 50
  Number of queueable jobs added to the queue: 0 out of 50
  Number of Mobile Apex push calls: 0 out of 10

21:49:00.20 (1020199820)|CUMULATIVE_LIMIT_USAGE_END

21:48:59.875 (1020406771)|CODE_UNIT_FINISHED|SM_ACHOrderTrigger on SM_ACH_Order trigger event BeforeInsert|__sfdc_trigger/SM_ACHOrderTrigger
21:49:00.25 (1025959323)|CODE_UNIT_STARTED|[EXTERNAL]|Validation:SM_ACH_Order:new
21:49:00.25 (1026022304)|CODE_UNIT_FINISHED|Validation:SM_ACH_Order:new
21:49:00.39 (1039012597)|CODE_UNIT_STARTED|[EXTERNAL]|01q1U000001iMYW|SM_ACHOrderTrigger on SM_ACH_Order trigger event AfterInsert|__sfdc_trigger/SM_ACHOrderTrigger
21:49:00.39 (1043168235)|USER_DEBUG|[58]|DEBUG|Executing createAssetsFee
21:49:00.39 (1093935647)|CODE_UNIT_STARTED|[EXTERNAL]|Flow:01I1U000002pBHn
21:49:00.39 (1097640372)|CODE_UNIT_FINISHED|Flow:01I1U000002pBHn
21:49:00.39 (1116110248)|CODE_UNIT_STARTED|[EXTERNAL]|Workflow:01I1U000002pBHn
21:49:00.39 (1134391455)|CODE_UNIT_FINISHED|Workflow:01I1U000002pBHn
21:49:00.39 (1134504076)|CODE_UNIT_STARTED|[EXTERNAL]|Flow:01I1U000002pBHn
21:49:00.39 (1134511856)|CODE_UNIT_FINISHED|Flow:01I1U000002pBHn
21:49:00.39 (1134535976)|CODE_UNIT_STARTED|[EXTERNAL]|Flow:01I1U000002pBHn
21:49:00.39 (1134539926)|CODE_UNIT_FINISHED|Flow:01I1U000002pBHn
21:49:00.39 (1140932952)|CODE_UNIT_STARTED|[EXTERNAL]|01qUU000007u069|dlrs_AssetTrigger on Asset trigger event BeforeUpdate|__sfdc_trigger/dlrs_AssetTrigger
21:49:00.142 (1142211728)|CUMULATIVE_LIMIT_USAGE
21:49:00.142 (1142211728)|LIMIT_USAGE_FOR_NS|(default)|
  Number of SOQL queries: 19 out of 100
  Number of query rows: 29 out of 50000
  Number of SOSL queries: 0 out of 20
  Number of DML statements: 10 out of 150
  Number of Publish Immediate DML: 0 out of 150
  Number of DML rows: 9 out of 10000
  Maximum CPU time: 459 out of 10000
  Maximum heap size: 0 out of 6000000
  Number of callouts: 0 out of 100
  Number of Email Invocations: 0 out of 10
  Number of future calls: 0 out of 50
  Number of queueable jobs added to the queue: 0 out of 50
  Number of Mobile Apex push calls: 0 out of 10

21:49:00.142 (1142211728)|LIMIT_USAGE_FOR_NS|dlrs|
  Number of SOQL queries: 4 out of 100
  Number of query rows: 2 out of 50000
  Number of SOSL queries: 0 out of 20
  Number of DML statements: 0 out of 150
  Number of Publish Immediate DML: 0 out of 150
  Number of DML rows: 0 out of 10000
  Maximum CPU time: 0 out of 10000
  Maximum heap size: 0 out of 6000000
  Number of callouts: 0 out of 100
  Number of Email Invocations: 0 out of 10
  Number of future calls: 0 out of 50
  Number of queueable jobs added to the queue: 0 out of 50
  Number of Mobile Apex push calls: 0 out of 10

21:49:00.142 (1142211728)|CUMULATIVE_LIMIT_USAGE_END

21:49:00.39 (1142364728)|CODE_UNIT_FINISHED|dlrs_AssetTrigger on Asset trigger event BeforeUpdate|__sfdc_trigger/dlrs_AssetTrigger
21:49:00.39 (1154983860)|CODE_UNIT_STARTED|[EXTERNAL]|01qUU000007u069|dlrs_AssetTrigger on Asset trigger event AfterUpdate|__sfdc_trigger/dlrs_AssetTrigger
21:49:00.166 (1166557079)|CUMULATIVE_LIMIT_USAGE
21:49:00.166 (1166557079)|LIMIT_USAGE_FOR_NS|(default)|
  Number of SOQL queries: 19 out of 100
  Number of query rows: 29 out of 50000
  Number of SOSL queries: 0 out of 20
  Number of DML statements: 10 out of 150
  Number of Publish Immediate DML: 0 out of 150
  Number of DML rows: 9 out of 10000
  Maximum CPU time: 459 out of 10000
  Maximum heap size: 0 out of 6000000
  Number of callouts: 0 out of 100
  Number of Email Invocations: 0 out of 10
  Number of future calls: 0 out of 50
  Number of queueable jobs added to the queue: 0 out of 50
  Number of Mobile Apex push calls: 0 out of 10

21:49:00.166 (1166557079)|LIMIT_USAGE_FOR_NS|dlrs|
  Number of SOQL queries: 4 out of 100
  Number of query rows: 2 out of 50000
  Number of SOSL queries: 0 out of 20
  Number of DML statements: 0 out of 150
  Number of Publish Immediate DML: 0 out of 150
  Number of DML rows: 0 out of 10000
  Maximum CPU time: 0 out of 10000
  Maximum heap size: 0 out of 6000000
  Number of callouts: 0 out of 100
  Number of Email Invocations: 0 out of 10
  Number of future calls: 0 out of 50
  Number of queueable jobs added to the queue: 0 out of 50
  Number of Mobile Apex push calls: 0 out of 10

21:49:00.166 (1166557079)|CUMULATIVE_LIMIT_USAGE_END

21:49:00.39 (1166785230)|CODE_UNIT_FINISHED|dlrs_AssetTrigger on Asset trigger event AfterUpdate|__sfdc_trigger/dlrs_AssetTrigger
21:49:00.39 (1170333505)|USER_DEBUG|[122]|DEBUG|sr: [{"id":"a26UU000001vLAPYA2","success":true,"errors":[]}]
21:49:00.39 (1170516446)|USER_DEBUG|[299]|DEBUG|Ready to execute queueable - SM_UpdateACHOrderInfoQueueable - PaymentCondition
21:49:00.39 (1170538296)|USER_DEBUG|[306]|DEBUG|Executing setPaymentCondition
21:49:00.39 (1170563586)|USER_DEBUG|[307]|DEBUG|contractIdByACHOrderId: {a04UU00000HWdfZYAT=800UU00000kbujzYAA}
21:49:00.39 (1195555819)|CODE_UNIT_STARTED|[EXTERNAL]|01q1U000001iMYW|SM_ACHOrderTrigger on SM_ACH_Order trigger event BeforeUpdate|__sfdc_trigger/SM_ACHOrderTrigger
21:49:00.39 (1199926077)|USER_DEBUG|[444]|DEBUG|newRecords: (SM_ACH_Order__c:{Id=a04UU00000HWdfZYAT, IsDeleted=false, Name=ACH-29579, CreatedDate=2026-09-16 19:49:00, CreatedById=0051U000007bbx5QAA, LastModifiedDate=2026-09-16 19:49:00, LastModifiedById=0051U000007bbx5QAA, SystemModstamp=2026-09-16 19:49:00, LastViewedDate=null, LastReferencedDate=null, SM_Contract__c=800UU00000kbujzYAA, SM_Billing_Email__c=thiagonolasco2522@gmail.com, SM_Charge_Date__c=null, SM_Failed_AC_Transactions__c=null, SM_Failed_Transactions__c=null, SM_IVU_Municipal_Amount__c=0.00, SM_Id_Salesforce_LCS__c=AUTO: CONTRACT_Create_ACH_Subscription_Order - Subscription Order creada - 2026-09-16, IVU_State_Amount__c=0.00, SM_Next_Transaction_Date__c=2026-09-18 00:00:00, SM_Payment_Count__c=1.0, SM_Payment_End_Date__c=null, SM_Payment_Frequency__c=Monthly, SM_Payment_Method__c=a10UU00000E7TNFYA3, SM_Payment_Start_Date__c=2026-09-18 00:00:00, SM_Payment_Status__c=Pending, SM_Payment_Stop__c=null, SM_Payment_Type__c=Subscription, SM_Quantity_of_scheduled_fees__c=null, SM_Total__c=139.00, SM_Fee_to_collect__c=1.0, SM_Payment_Condition__c=Fixed value, SM_Apply_penalty__c=false, SM_Failed_payment__c=null, SM_Is_Migrated__c=false, SM_Migration_Date__c=null, SM_Penalty_date__c=null, SM_Penalty_value__c=0.00, SM_User_who_applies_the_penalty__c=null, SM_Approval_status__c=null, SM_Reason_to_approve_exoneration__c=null, Total_Amount__c=139.00, SM_Bank__c=BANCO POPULAR, SM_DaystocollectPrincipalpayment__c=null, SM_FinalStatus__c=PENDING, SM_last_update_date_transmitted__c=null, SM_Date_ACH_Transmitted__c=null, SM_IsApplyingDaysCollectedPenalty__c=false, SM_Apply_Discount__c=false, SM_Discount_Applies_Date__c=null, Discount_Original_Subtotal__c=null, SM_Discount_Percentage__c=null, SM_Discount_Reason__c=null, SM_Discount_Status__c=null, SM_Discount_Type__c=null, SM_Discount_Value_Afer__c=0.00, SM_Discount_Value__c=null, SM_User_Who_Request_Discount__c=null, SM_User_Who_Applies_Discount__c=null, Invoice__c=null, SM_Original_Type__c=null, Payment_Catery__c=NONE, Order_To_Be_Collected__c=4, SM_PTP_Montly__c=null, Is_PTP__c=true, User_Who_Approve_Discount__c=null, Discount_Value_Afer_Discount_IVU__c=0.00, Discount_Original_Total__c=null, ACH_Tax__c=0.00})
21:49:00.205 (1205892043)|CUMULATIVE_LIMIT_USAGE
21:49:00.205 (1205892043)|LIMIT_USAGE_FOR_NS|(default)|
  Number of SOQL queries: 22 out of 100
  Number of query rows: 33 out of 50000
  Number of SOSL queries: 0 out of 20
  Number of DML statements: 11 out of 150
  Number of Publish Immediate DML: 0 out of 150
  Number of DML rows: 10 out of 10000
  Maximum CPU time: 459 out of 10000
  Maximum heap size: 0 out of 6000000
  Number of callouts: 0 out of 100
  Number of Email Invocations: 0 out of 10
  Number of future calls: 0 out of 50
  Number of queueable jobs added to the queue: 0 out of 50
  Number of Mobile Apex push calls: 0 out of 10

21:49:00.205 (1205892043)|LIMIT_USAGE_FOR_NS|dlrs|
  Number of SOQL queries: 4 out of 100
  Number of query rows: 2 out of 50000
  Number of SOSL queries: 0 out of 20
  Number of DML statements: 0 out of 150
  Number of Publish Immediate DML: 0 out of 150
  Number of DML rows: 0 out of 10000
  Maximum CPU time: 0 out of 10000
  Maximum heap size: 0 out of 6000000
  Number of callouts: 0 out of 100
  Number of Email Invocations: 0 out of 10
  Number of future calls: 0 out of 50
  Number of queueable jobs added to the queue: 0 out of 50
  Number of Mobile Apex push calls: 0 out of 10

21:49:00.205 (1205892043)|CUMULATIVE_LIMIT_USAGE_END

21:49:00.39 (1206311245)|CODE_UNIT_FINISHED|SM_ACHOrderTrigger on SM_ACH_Order trigger event BeforeUpdate|__sfdc_trigger/SM_ACHOrderTrigger
21:49:00.39 (1208153112)|CODE_UNIT_STARTED|[EXTERNAL]|Validation:SM_ACH_Order:a04UU00000HWdfZ
21:49:00.39 (1208210433)|CODE_UNIT_FINISHED|Validation:SM_ACH_Order:a04UU00000HWdfZ
21:49:00.39 (1213544465)|CODE_UNIT_STARTED|[EXTERNAL]|01q1U000001iMYW|SM_ACHOrderTrigger on SM_ACH_Order trigger event AfterUpdate|__sfdc_trigger/SM_ACHOrderTrigger
21:49:00.219 (1219822181)|CUMULATIVE_LIMIT_USAGE
21:49:00.219 (1219822181)|LIMIT_USAGE_FOR_NS|(default)|
  Number of SOQL queries: 23 out of 100
  Number of query rows: 34 out of 50000
  Number of SOSL queries: 0 out of 20
  Number of DML statements: 11 out of 150
  Number of Publish Immediate DML: 0 out of 150
  Number of DML rows: 10 out of 10000
  Maximum CPU time: 459 out of 10000
  Maximum heap size: 0 out of 6000000
  Number of callouts: 0 out of 100
  Number of Email Invocations: 0 out of 10
  Number of future calls: 0 out of 50
  Number of queueable jobs added to the queue: 0 out of 50
  Number of Mobile Apex push calls: 0 out of 10

21:49:00.219 (1219822181)|LIMIT_USAGE_FOR_NS|dlrs|
  Number of SOQL queries: 4 out of 100
  Number of query rows: 2 out of 50000
  Number of SOSL queries: 0 out of 20
  Number of DML statements: 0 out of 150
  Number of Publish Immediate DML: 0 out of 150
  Number of DML rows: 0 out of 10000
  Maximum CPU time: 0 out of 10000
  Maximum heap size: 0 out of 6000000
  Number of callouts: 0 out of 100
  Number of Email Invocations: 0 out of 10
  Number of future calls: 0 out of 50
  Number of queueable jobs added to the queue: 0 out of 50
  Number of Mobile Apex push calls: 0 out of 10

21:49:00.219 (1219822181)|CUMULATIVE_LIMIT_USAGE_END

21:49:00.39 (1220001972)|CODE_UNIT_FINISHED|SM_ACHOrderTrigger on SM_ACH_Order trigger event AfterUpdate|__sfdc_trigger/SM_ACHOrderTrigger
21:49:00.39 (1221524238)|USER_DEBUG|[332]|DEBUG|sr: [{"id":"a04UU00000HWdfZYAT","success":true,"errors":[]}]
21:49:00.39 (1234946524)|CODE_UNIT_STARTED|[EXTERNAL]|01q1U000001e9g3|SM_ContractTrigger on Contract trigger event BeforeUpdate|__sfdc_trigger/SM_ContractTrigger
21:49:00.236 (1236767552)|CUMULATIVE_LIMIT_USAGE
21:49:00.236 (1236767552)|LIMIT_USAGE_FOR_NS|(default)|
  Number of SOQL queries: 24 out of 100
  Number of query rows: 39 out of 50000
  Number of SOSL queries: 0 out of 20
  Number of DML statements: 12 out of 150
  Number of Publish Immediate DML: 0 out of 150
  Number of DML rows: 11 out of 10000
  Maximum CPU time: 459 out of 10000
  Maximum heap size: 0 out of 6000000
  Number of callouts: 0 out of 100
  Number of Email Invocations: 0 out of 10
  Number of future calls: 0 out of 50
  Number of queueable jobs added to the queue: 0 out of 50
  Number of Mobile Apex push calls: 0 out of 10

21:49:00.236 (1236767552)|LIMIT_USAGE_FOR_NS|dlrs|
  Number of SOQL queries: 4 out of 100
  Number of query rows: 2 out of 50000
  Number of SOSL queries: 0 out of 20
  Number of DML statements: 0 out of 150
  Number of Publish Immediate DML: 0 out of 150
  Number of DML rows: 0 out of 10000
  Maximum CPU time: 0 out of 10000
  Maximum heap size: 0 out of 6000000
  Number of callouts: 0 out of 100
  Number of Email Invocations: 0 out of 10
  Number of future calls: 0 out of 50
  Number of queueable jobs added to the queue: 0 out of 50
  Number of Mobile Apex push calls: 0 out of 10

21:49:00.236 (1236767552)|CUMULATIVE_LIMIT_USAGE_END

21:49:00.39 (1236994043)|CODE_UNIT_FINISHED|SM_ContractTrigger on Contract trigger event BeforeUpdate|__sfdc_trigger/SM_ContractTrigger
21:49:00.39 (1237352224)|CODE_UNIT_STARTED|[EXTERNAL]|01qUU000006wHpq|dlrs_ContractTrigger on Contract trigger event BeforeUpdate|__sfdc_trigger/dlrs_ContractTrigger
21:49:00.238 (1238305608)|CUMULATIVE_LIMIT_USAGE
21:49:00.238 (1238305608)|LIMIT_USAGE_FOR_NS|(default)|
  Number of SOQL queries: 24 out of 100
  Number of query rows: 39 out of 50000
  Number of SOSL queries: 0 out of 20
  Number of DML statements: 12 out of 150
  Number of Publish Immediate DML: 0 out of 150
  Number of DML rows: 11 out of 10000
  Maximum CPU time: 459 out of 10000
  Maximum heap size: 0 out of 6000000
  Number of callouts: 0 out of 100
  Number of Email Invocations: 0 out of 10
  Number of future calls: 0 out of 50
  Number of queueable jobs added to the queue: 0 out of 50
  Number of Mobile Apex push calls: 0 out of 10

21:49:00.238 (1238305608)|LIMIT_USAGE_FOR_NS|dlrs|
  Number of SOQL queries: 4 out of 100
  Number of query rows: 2 out of 50000
  Number of SOSL queries: 0 out of 20
  Number of DML statements: 0 out of 150
  Number of Publish Immediate DML: 0 out of 150
  Number of DML rows: 0 out of 10000
  Maximum CPU time: 0 out of 10000
  Maximum heap size: 0 out of 6000000
  Number of callouts: 0 out of 100
  Number of Email Invocations: 0 out of 10
  Number of future calls: 0 out of 50
  Number of queueable jobs added to the queue: 0 out of 50
  Number of Mobile Apex push calls: 0 out of 10

21:49:00.238 (1238305608)|CUMULATIVE_LIMIT_USAGE_END

21:49:00.39 (1238439089)|CODE_UNIT_FINISHED|dlrs_ContractTrigger on Contract trigger event BeforeUpdate|__sfdc_trigger/dlrs_ContractTrigger
21:49:00.39 (1240746429)|CODE_UNIT_STARTED|[EXTERNAL]|Validation:Contract:800UU00000kbujz
21:49:00.39 (1244174113)|CODE_UNIT_FINISHED|Validation:Contract:800UU00000kbujz
21:49:00.39 (1253226510)|CODE_UNIT_STARTED|[EXTERNAL]|01q1U000001e9g3|SM_ContractTrigger on Contract trigger event AfterUpdate|__sfdc_trigger/SM_ContractTrigger
21:49:00.255 (1255769941)|CUMULATIVE_LIMIT_USAGE
21:49:00.255 (1255769941)|LIMIT_USAGE_FOR_NS|(default)|
  Number of SOQL queries: 24 out of 100
  Number of query rows: 40 out of 50000
  Number of SOSL queries: 0 out of 20
  Number of DML statements: 12 out of 150
  Number of Publish Immediate DML: 0 out of 150
  Number of DML rows: 11 out of 10000
  Maximum CPU time: 459 out of 10000
  Maximum heap size: 0 out of 6000000
  Number of callouts: 0 out of 100
  Number of Email Invocations: 0 out of 10
  Number of future calls: 0 out of 50
  Number of queueable jobs added to the queue: 0 out of 50
  Number of Mobile Apex push calls: 0 out of 10

21:49:00.255 (1255769941)|LIMIT_USAGE_FOR_NS|dlrs|
  Number of SOQL queries: 4 out of 100
  Number of query rows: 2 out of 50000
  Number of SOSL queries: 0 out of 20
  Number of DML statements: 0 out of 150
  Number of Publish Immediate DML: 0 out of 150
  Number of DML rows: 0 out of 10000
  Maximum CPU time: 0 out of 10000
  Maximum heap size: 0 out of 6000000
  Number of callouts: 0 out of 100
  Number of Email Invocations: 0 out of 10
  Number of future calls: 0 out of 50
  Number of queueable jobs added to the queue: 0 out of 50
  Number of Mobile Apex push calls: 0 out of 10

21:49:00.255 (1255769941)|CUMULATIVE_LIMIT_USAGE_END

21:49:00.39 (1255986342)|CODE_UNIT_FINISHED|SM_ContractTrigger on Contract trigger event AfterUpdate|__sfdc_trigger/SM_ContractTrigger
21:49:00.39 (1256366823)|CODE_UNIT_STARTED|[EXTERNAL]|01qUU000006wHpq|dlrs_ContractTrigger on Contract trigger event AfterUpdate|__sfdc_trigger/dlrs_ContractTrigger
21:49:00.260 (1260273769)|CUMULATIVE_LIMIT_USAGE
21:49:00.260 (1260273769)|LIMIT_USAGE_FOR_NS|(default)|
  Number of SOQL queries: 24 out of 100
  Number of query rows: 40 out of 50000
  Number of SOSL queries: 0 out of 20
  Number of DML statements: 12 out of 150
  Number of Publish Immediate DML: 0 out of 150
  Number of DML rows: 11 out of 10000
  Maximum CPU time: 459 out of 10000
  Maximum heap size: 0 out of 6000000
  Number of callouts: 0 out of 100
  Number of Email Invocations: 0 out of 10
  Number of future calls: 0 out of 50
  Number of queueable jobs added to the queue: 0 out of 50
  Number of Mobile Apex push calls: 0 out of 10

21:49:00.260 (1260273769)|LIMIT_USAGE_FOR_NS|dlrs|
  Number of SOQL queries: 4 out of 100
  Number of query rows: 2 out of 50000
  Number of SOSL queries: 0 out of 20
  Number of DML statements: 0 out of 150
  Number of Publish Immediate DML: 0 out of 150
  Number of DML rows: 0 out of 10000
  Maximum CPU time: 0 out of 10000
  Maximum heap size: 0 out of 6000000
  Number of callouts: 0 out of 100
  Number of Email Invocations: 0 out of 10
  Number of future calls: 0 out of 50
  Number of queueable jobs added to the queue: 0 out of 50
  Number of Mobile Apex push calls: 0 out of 10

21:49:00.260 (1260273769)|CUMULATIVE_LIMIT_USAGE_END

21:49:00.39 (1260457480)|CODE_UNIT_FINISHED|dlrs_ContractTrigger on Contract trigger event AfterUpdate|__sfdc_trigger/dlrs_ContractTrigger
21:49:00.39 (1261730665)|USER_DEBUG|[486]|DEBUG|sr: (Database.SaveResult[getErrors=();getId=800UU00000kbujzYAA;isSuccess=true;])
21:49:00.39 (1266616315)|CODE_UNIT_STARTED|[EXTERNAL]|01q1U000001iMYW|SM_ACHOrderTrigger on SM_ACH_Order trigger event BeforeUpdate|__sfdc_trigger/SM_ACHOrderTrigger
21:49:00.39 (1270751203)|USER_DEBUG|[444]|DEBUG|newRecords: (SM_ACH_Order__c:{Id=a04UU00000HWdfZYAT, IsDeleted=false, Name=ACH-29579, CreatedDate=2026-09-16 19:49:00, CreatedById=0051U000007bbx5QAA, LastModifiedDate=2026-09-16 19:49:00, LastModifiedById=0051U000007bbx5QAA, SystemModstamp=2026-09-16 19:49:00, LastViewedDate=null, LastReferencedDate=null, SM_Contract__c=800UU00000kbujzYAA, SM_Billing_Email__c=thiagonolasco2522@gmail.com, SM_Charge_Date__c=null, SM_Failed_AC_Transactions__c=null, SM_Failed_Transactions__c=null, SM_IVU_Municipal_Amount__c=0.00, SM_Id_Salesforce_LCS__c=AUTO: CONTRACT_Create_ACH_Subscription_Order - Subscription Order creada - 2026-09-16, IVU_State_Amount__c=0.00, SM_Next_Transaction_Date__c=2026-09-18 00:00:00, SM_Payment_Count__c=1.0, SM_Payment_End_Date__c=null, SM_Payment_Frequency__c=Monthly, SM_Payment_Method__c=a10UU00000E7TNFYA3, SM_Payment_Start_Date__c=2026-09-18 00:00:00, SM_Payment_Status__c=Pending, SM_Payment_Stop__c=null, SM_Payment_Type__c=Subscription, SM_Quantity_of_scheduled_fees__c=null, SM_Total__c=139.00, SM_Fee_to_collect__c=1, SM_Payment_Condition__c=Fixed value, SM_Apply_penalty__c=false, SM_Failed_payment__c=null, SM_Is_Migrated__c=false, SM_Migration_Date__c=null, SM_Penalty_date__c=null, SM_Penalty_value__c=0.00, SM_User_who_applies_the_penalty__c=null, SM_Approval_status__c=null, SM_Reason_to_approve_exoneration__c=null, Total_Amount__c=139.00, SM_Bank__c=BANCO POPULAR, SM_DaystocollectPrincipalpayment__c=null, SM_FinalStatus__c=PENDING, SM_last_update_date_transmitted__c=null, SM_Date_ACH_Transmitted__c=null, SM_IsApplyingDaysCollectedPenalty__c=false, SM_Apply_Discount__c=false, SM_Discount_Applies_Date__c=null, Discount_Original_Subtotal__c=null, SM_Discount_Percentage__c=null, SM_Discount_Reason__c=null, SM_Discount_Status__c=null, SM_Discount_Type__c=null, SM_Discount_Value_Afer__c=0.00, SM_Discount_Value__c=null, SM_User_Who_Request_Discount__c=null, SM_User_Who_Applies_Discount__c=null, Invoice__c=null, SM_Original_Type__c=null, Payment_Catery__c=NONE, Order_To_Be_Collected__c=4, SM_PTP_Montly__c=null, Is_PTP__c=true, User_Who_Approve_Discount__c=null, Discount_Value_Afer_Discount_IVU__c=0.00, Discount_Original_Total__c=null, ACH_Tax__c=0.00})
21:49:00.277 (1277403091)|CUMULATIVE_LIMIT_USAGE
21:49:00.277 (1277403091)|LIMIT_USAGE_FOR_NS|(default)|
  Number of SOQL queries: 26 out of 100
  Number of query rows: 42 out of 50000
  Number of SOSL queries: 0 out of 20
  Number of DML statements: 13 out of 150
  Number of Publish Immediate DML: 0 out of 150
  Number of DML rows: 12 out of 10000
  Maximum CPU time: 459 out of 10000
  Maximum heap size: 0 out of 6000000
  Number of callouts: 0 out of 100
  Number of Email Invocations: 0 out of 10
  Number of future calls: 0 out of 50
  Number of queueable jobs added to the queue: 0 out of 50
  Number of Mobile Apex push calls: 0 out of 10

21:49:00.277 (1277403091)|LIMIT_USAGE_FOR_NS|dlrs|
  Number of SOQL queries: 4 out of 100
  Number of query rows: 2 out of 50000
  Number of SOSL queries: 0 out of 20
  Number of DML statements: 0 out of 150
  Number of Publish Immediate DML: 0 out of 150
  Number of DML rows: 0 out of 10000
  Maximum CPU time: 0 out of 10000
  Maximum heap size: 0 out of 6000000
  Number of callouts: 0 out of 100
  Number of Email Invocations: 0 out of 10
  Number of future calls: 0 out of 50
  Number of queueable jobs added to the queue: 0 out of 50
  Number of Mobile Apex push calls: 0 out of 10

21:49:00.277 (1277403091)|CUMULATIVE_LIMIT_USAGE_END

21:49:00.39 (1278007864)|CODE_UNIT_FINISHED|SM_ACHOrderTrigger on SM_ACH_Order trigger event BeforeUpdate|__sfdc_trigger/SM_ACHOrderTrigger
21:49:00.39 (1279875602)|CODE_UNIT_STARTED|[EXTERNAL]|Validation:SM_ACH_Order:a04UU00000HWdfZ
21:49:00.39 (1279934412)|CODE_UNIT_FINISHED|Validation:SM_ACH_Order:a04UU00000HWdfZ
21:49:00.39 (1285328544)|CODE_UNIT_STARTED|[EXTERNAL]|01q1U000001iMYW|SM_ACHOrderTrigger on SM_ACH_Order trigger event AfterUpdate|__sfdc_trigger/SM_ACHOrderTrigger
21:49:00.291 (1291874941)|CUMULATIVE_LIMIT_USAGE
21:49:00.291 (1291874941)|LIMIT_USAGE_FOR_NS|(default)|
  Number of SOQL queries: 27 out of 100
  Number of query rows: 43 out of 50000
  Number of SOSL queries: 0 out of 20
  Number of DML statements: 13 out of 150
  Number of Publish Immediate DML: 0 out of 150
  Number of DML rows: 12 out of 10000
  Maximum CPU time: 459 out of 10000
  Maximum heap size: 0 out of 6000000
  Number of callouts: 0 out of 100
  Number of Email Invocations: 0 out of 10
  Number of future calls: 0 out of 50
  Number of queueable jobs added to the queue: 0 out of 50
  Number of Mobile Apex push calls: 0 out of 10

21:49:00.291 (1291874941)|LIMIT_USAGE_FOR_NS|dlrs|
  Number of SOQL queries: 4 out of 100
  Number of query rows: 2 out of 50000
  Number of SOSL queries: 0 out of 20
  Number of DML statements: 0 out of 150
  Number of Publish Immediate DML: 0 out of 150
  Number of DML rows: 0 out of 10000
  Maximum CPU time: 0 out of 10000
  Maximum heap size: 0 out of 6000000
  Number of callouts: 0 out of 100
  Number of Email Invocations: 0 out of 10
  Number of future calls: 0 out of 50
  Number of queueable jobs added to the queue: 0 out of 50
  Number of Mobile Apex push calls: 0 out of 10

21:49:00.291 (1291874941)|CUMULATIVE_LIMIT_USAGE_END

21:49:00.39 (1292086272)|CODE_UNIT_FINISHED|SM_ACHOrderTrigger on SM_ACH_Order trigger event AfterUpdate|__sfdc_trigger/SM_ACHOrderTrigger
21:49:00.39 (1293559688)|USER_DEBUG|[611]|DEBUG|sr: [{"id":"a04UU00000HWdfZYAT","success":true,"errors":[]}]
21:49:00.293 (1293594588)|CUMULATIVE_LIMIT_USAGE
21:49:00.293 (1293594588)|LIMIT_USAGE_FOR_NS|(default)|
  Number of SOQL queries: 27 out of 100
  Number of query rows: 43 out of 50000
  Number of SOSL queries: 0 out of 20
  Number of DML statements: 13 out of 150
  Number of Publish Immediate DML: 0 out of 150
  Number of DML rows: 12 out of 10000
  Maximum CPU time: 459 out of 10000
  Maximum heap size: 0 out of 6000000
  Number of callouts: 0 out of 100
  Number of Email Invocations: 0 out of 10
  Number of future calls: 0 out of 50
  Number of queueable jobs added to the queue: 0 out of 50
  Number of Mobile Apex push calls: 0 out of 10

21:49:00.293 (1293594588)|LIMIT_USAGE_FOR_NS|dlrs|
  Number of SOQL queries: 4 out of 100
  Number of query rows: 2 out of 50000
  Number of SOSL queries: 0 out of 20
  Number of DML statements: 0 out of 150
  Number of Publish Immediate DML: 0 out of 150
  Number of DML rows: 0 out of 10000
  Maximum CPU time: 0 out of 10000
  Maximum heap size: 0 out of 6000000
  Number of callouts: 0 out of 100
  Number of Email Invocations: 0 out of 10
  Number of future calls: 0 out of 50
  Number of queueable jobs added to the queue: 0 out of 50
  Number of Mobile Apex push calls: 0 out of 10

21:49:00.293 (1293594588)|CUMULATIVE_LIMIT_USAGE_END

21:49:00.39 (1293700249)|CODE_UNIT_FINISHED|SM_ACHOrderTrigger on SM_ACH_Order trigger event AfterInsert|__sfdc_trigger/SM_ACHOrderTrigger
21:49:00.293 (1293831239)|CODE_UNIT_STARTED|[EXTERNAL]|Workflow:01I1U000002p7m5
21:49:00.293 (1293859969)|CODE_UNIT_FINISHED|Workflow:01I1U000002p7m5
21:49:00.298 (1298852510)|CODE_UNIT_STARTED|[EXTERNAL]|01q1U000001e9g3|SM_ContractTrigger on Contract trigger event BeforeUpdate|__sfdc_trigger/SM_ContractTrigger
21:49:00.300 (1300922468)|CUMULATIVE_LIMIT_USAGE
21:49:00.300 (1300922468)|LIMIT_USAGE_FOR_NS|(default)|
  Number of SOQL queries: 27 out of 100
  Number of query rows: 44 out of 50000
  Number of SOSL queries: 0 out of 20
  Number of DML statements: 13 out of 150
  Number of Publish Immediate DML: 0 out of 150
  Number of DML rows: 12 out of 10000
  Maximum CPU time: 459 out of 10000
  Maximum heap size: 0 out of 6000000
  Number of callouts: 0 out of 100
  Number of Email Invocations: 0 out of 10
  Number of future calls: 0 out of 50
  Number of queueable jobs added to the queue: 0 out of 50
  Number of Mobile Apex push calls: 0 out of 10

21:49:00.300 (1300922468)|LIMIT_USAGE_FOR_NS|dlrs|
  Number of SOQL queries: 4 out of 100
  Number of query rows: 2 out of 50000
  Number of SOSL queries: 0 out of 20
  Number of DML statements: 0 out of 150
  Number of Publish Immediate DML: 0 out of 150
  Number of DML rows: 0 out of 10000
  Maximum CPU time: 0 out of 10000
  Maximum heap size: 0 out of 6000000
  Number of callouts: 0 out of 100
  Number of Email Invocations: 0 out of 10
  Number of future calls: 0 out of 50
  Number of queueable jobs added to the queue: 0 out of 50
  Number of Mobile Apex push calls: 0 out of 10

21:49:00.300 (1300922468)|CUMULATIVE_LIMIT_USAGE_END

21:49:00.298 (1301064689)|CODE_UNIT_FINISHED|SM_ContractTrigger on Contract trigger event BeforeUpdate|__sfdc_trigger/SM_ContractTrigger
21:49:00.301 (1301442891)|CODE_UNIT_STARTED|[EXTERNAL]|01qUU000006wHpq|dlrs_ContractTrigger on Contract trigger event BeforeUpdate|__sfdc_trigger/dlrs_ContractTrigger
21:49:00.302 (1302355204)|CUMULATIVE_LIMIT_USAGE
21:49:00.302 (1302355204)|LIMIT_USAGE_FOR_NS|(default)|
  Number of SOQL queries: 27 out of 100
  Number of query rows: 44 out of 50000
  Number of SOSL queries: 0 out of 20
  Number of DML statements: 13 out of 150
  Number of Publish Immediate DML: 0 out of 150
  Number of DML rows: 12 out of 10000
  Maximum CPU time: 459 out of 10000
  Maximum heap size: 0 out of 6000000
  Number of callouts: 0 out of 100
  Number of Email Invocations: 0 out of 10
  Number of future calls: 0 out of 50
  Number of queueable jobs added to the queue: 0 out of 50
  Number of Mobile Apex push calls: 0 out of 10

21:49:00.302 (1302355204)|LIMIT_USAGE_FOR_NS|dlrs|
  Number of SOQL queries: 4 out of 100
  Number of query rows: 2 out of 50000
  Number of SOSL queries: 0 out of 20
  Number of DML statements: 0 out of 150
  Number of Publish Immediate DML: 0 out of 150
  Number of DML rows: 0 out of 10000
  Maximum CPU time: 0 out of 10000
  Maximum heap size: 0 out of 6000000
  Number of callouts: 0 out of 100
  Number of Email Invocations: 0 out of 10
  Number of future calls: 0 out of 50
  Number of queueable jobs added to the queue: 0 out of 50
  Number of Mobile Apex push calls: 0 out of 10

21:49:00.302 (1302355204)|CUMULATIVE_LIMIT_USAGE_END

21:49:00.301 (1302443795)|CODE_UNIT_FINISHED|dlrs_ContractTrigger on Contract trigger event BeforeUpdate|__sfdc_trigger/dlrs_ContractTrigger
21:49:00.304 (1304757294)|CODE_UNIT_STARTED|[EXTERNAL]|Validation:Contract:800UU00000kbujz
21:49:00.304 (1304992625)|CODE_UNIT_FINISHED|Validation:Contract:800UU00000kbujz
21:49:00.315 (1315663380)|CODE_UNIT_STARTED|[EXTERNAL]|01q1U000001e9g3|SM_ContractTrigger on Contract trigger event AfterUpdate|__sfdc_trigger/SM_ContractTrigger
21:49:00.317 (1317403468)|CUMULATIVE_LIMIT_USAGE
21:49:00.317 (1317403468)|LIMIT_USAGE_FOR_NS|(default)|
  Number of SOQL queries: 27 out of 100
  Number of query rows: 45 out of 50000
  Number of SOSL queries: 0 out of 20
  Number of DML statements: 13 out of 150
  Number of Publish Immediate DML: 0 out of 150
  Number of DML rows: 12 out of 10000
  Maximum CPU time: 459 out of 10000
  Maximum heap size: 0 out of 6000000
  Number of callouts: 0 out of 100
  Number of Email Invocations: 0 out of 10
  Number of future calls: 0 out of 50
  Number of queueable jobs added to the queue: 0 out of 50
  Number of Mobile Apex push calls: 0 out of 10

21:49:00.317 (1317403468)|LIMIT_USAGE_FOR_NS|dlrs|
  Number of SOQL queries: 4 out of 100
  Number of query rows: 2 out of 50000
  Number of SOSL queries: 0 out of 20
  Number of DML statements: 0 out of 150
  Number of Publish Immediate DML: 0 out of 150
  Number of DML rows: 0 out of 10000
  Maximum CPU time: 0 out of 10000
  Maximum heap size: 0 out of 6000000
  Number of callouts: 0 out of 100
  Number of Email Invocations: 0 out of 10
  Number of future calls: 0 out of 50
  Number of queueable jobs added to the queue: 0 out of 50
  Number of Mobile Apex push calls: 0 out of 10

21:49:00.317 (1317403468)|CUMULATIVE_LIMIT_USAGE_END

21:49:00.315 (1317612759)|CODE_UNIT_FINISHED|SM_ContractTrigger on Contract trigger event AfterUpdate|__sfdc_trigger/SM_ContractTrigger
21:49:00.318 (1318057480)|CODE_UNIT_STARTED|[EXTERNAL]|01qUU000006wHpq|dlrs_ContractTrigger on Contract trigger event AfterUpdate|__sfdc_trigger/dlrs_ContractTrigger
21:49:00.322 (1322464689)|CUMULATIVE_LIMIT_USAGE
21:49:00.322 (1322464689)|LIMIT_USAGE_FOR_NS|(default)|
  Number of SOQL queries: 27 out of 100
  Number of query rows: 45 out of 50000
  Number of SOSL queries: 0 out of 20
  Number of DML statements: 13 out of 150
  Number of Publish Immediate DML: 0 out of 150
  Number of DML rows: 12 out of 10000
  Maximum CPU time: 459 out of 10000
  Maximum heap size: 0 out of 6000000
  Number of callouts: 0 out of 100
  Number of Email Invocations: 0 out of 10
  Number of future calls: 0 out of 50
  Number of queueable jobs added to the queue: 0 out of 50
  Number of Mobile Apex push calls: 0 out of 10

21:49:00.322 (1322464689)|LIMIT_USAGE_FOR_NS|dlrs|
  Number of SOQL queries: 4 out of 100
  Number of query rows: 2 out of 50000
  Number of SOSL queries: 0 out of 20
  Number of DML statements: 0 out of 150
  Number of Publish Immediate DML: 0 out of 150
  Number of DML rows: 0 out of 10000
  Maximum CPU time: 0 out of 10000
  Maximum heap size: 0 out of 6000000
  Number of callouts: 0 out of 100
  Number of Email Invocations: 0 out of 10
  Number of future calls: 0 out of 50
  Number of queueable jobs added to the queue: 0 out of 50
  Number of Mobile Apex push calls: 0 out of 10

21:49:00.322 (1322464689)|CUMULATIVE_LIMIT_USAGE_END

21:49:00.318 (1322838050)|CODE_UNIT_FINISHED|dlrs_ContractTrigger on Contract trigger event AfterUpdate|__sfdc_trigger/dlrs_ContractTrigger
21:48:59.840 (1326361005)|CODE_UNIT_FINISHED|Flow:Contract
21:49:00.326 (1326516956)|CODE_UNIT_STARTED|[EXTERNAL]|Flow:Contract
21:49:00.326 (1333536525)|CODE_UNIT_FINISHED|Flow:Contract
21:49:00.342 (1342971513)|CODE_UNIT_STARTED|[EXTERNAL]|Flow:Contract
21:49:00.342 (1346226427)|CODE_UNIT_FINISHED|Flow:Contract
21:49:00.346 (1346704629)|CODE_UNIT_STARTED|[EXTERNAL]|01q1U000001e9g3|SM_ContractTrigger on Contract trigger event BeforeUpdate|__sfdc_trigger/SM_ContractTrigger
21:49:00.349 (1349526520)|CUMULATIVE_LIMIT_USAGE
21:49:00.349 (1349526520)|LIMIT_USAGE_FOR_NS|(default)|
  Number of SOQL queries: 28 out of 100
  Number of query rows: 47 out of 50000
  Number of SOSL queries: 0 out of 20
  Number of DML statements: 14 out of 150
  Number of Publish Immediate DML: 0 out of 150
  Number of DML rows: 13 out of 10000
  Maximum CPU time: 585 out of 10000
  Maximum heap size: 0 out of 6000000
  Number of callouts: 0 out of 100
  Number of Email Invocations: 0 out of 10
  Number of future calls: 0 out of 50
  Number of queueable jobs added to the queue: 0 out of 50
  Number of Mobile Apex push calls: 0 out of 10

21:49:00.349 (1349526520)|LIMIT_USAGE_FOR_NS|dlrs|
  Number of SOQL queries: 4 out of 100
  Number of query rows: 2 out of 50000
  Number of SOSL queries: 0 out of 20
  Number of DML statements: 0 out of 150
  Number of Publish Immediate DML: 0 out of 150
  Number of DML rows: 0 out of 10000
  Maximum CPU time: 0 out of 10000
  Maximum heap size: 0 out of 6000000
  Number of callouts: 0 out of 100
  Number of Email Invocations: 0 out of 10
  Number of future calls: 0 out of 50
  Number of queueable jobs added to the queue: 0 out of 50
  Number of Mobile Apex push calls: 0 out of 10

21:49:00.349 (1349526520)|CUMULATIVE_LIMIT_USAGE_END

21:49:00.346 (1349697621)|CODE_UNIT_FINISHED|SM_ContractTrigger on Contract trigger event BeforeUpdate|__sfdc_trigger/SM_ContractTrigger
21:49:00.350 (1350472414)|CODE_UNIT_STARTED|[EXTERNAL]|01qUU000006wHpq|dlrs_ContractTrigger on Contract trigger event BeforeUpdate|__sfdc_trigger/dlrs_ContractTrigger
21:49:00.351 (1351476599)|CUMULATIVE_LIMIT_USAGE
21:49:00.351 (1351476599)|LIMIT_USAGE_FOR_NS|(default)|
  Number of SOQL queries: 28 out of 100
  Number of query rows: 47 out of 50000
  Number of SOSL queries: 0 out of 20
  Number of DML statements: 14 out of 150
  Number of Publish Immediate DML: 0 out of 150
  Number of DML rows: 13 out of 10000
  Maximum CPU time: 585 out of 10000
  Maximum heap size: 0 out of 6000000
  Number of callouts: 0 out of 100
  Number of Email Invocations: 0 out of 10
  Number of future calls: 0 out of 50
  Number of queueable jobs added to the queue: 0 out of 50
  Number of Mobile Apex push calls: 0 out of 10

21:49:00.351 (1351476599)|LIMIT_USAGE_FOR_NS|dlrs|
  Number of SOQL queries: 4 out of 100
  Number of query rows: 2 out of 50000
  Number of SOSL queries: 0 out of 20
  Number of DML statements: 0 out of 150
  Number of Publish Immediate DML: 0 out of 150
  Number of DML rows: 0 out of 10000
  Maximum CPU time: 0 out of 10000
  Maximum heap size: 0 out of 6000000
  Number of callouts: 0 out of 100
  Number of Email Invocations: 0 out of 10
  Number of future calls: 0 out of 50
  Number of queueable jobs added to the queue: 0 out of 50
  Number of Mobile Apex push calls: 0 out of 10

21:49:00.351 (1351476599)|CUMULATIVE_LIMIT_USAGE_END

21:49:00.350 (1351603859)|CODE_UNIT_FINISHED|dlrs_ContractTrigger on Contract trigger event BeforeUpdate|__sfdc_trigger/dlrs_ContractTrigger
21:49:00.354 (1354239821)|CODE_UNIT_STARTED|[EXTERNAL]|Validation:Contract:800UU00000kbujz
21:49:00.354 (1354506072)|CODE_UNIT_FINISHED|Validation:Contract:800UU00000kbujz
21:49:00.374 (1374507465)|CODE_UNIT_STARTED|[EXTERNAL]|01q1U000001e9g3|SM_ContractTrigger on Contract trigger event AfterUpdate|__sfdc_trigger/SM_ContractTrigger
21:49:00.376 (1376397853)|CUMULATIVE_LIMIT_USAGE
21:49:00.376 (1376397853)|LIMIT_USAGE_FOR_NS|(default)|
  Number of SOQL queries: 28 out of 100
  Number of query rows: 48 out of 50000
  Number of SOSL queries: 0 out of 20
  Number of DML statements: 14 out of 150
  Number of Publish Immediate DML: 0 out of 150
  Number of DML rows: 13 out of 10000
  Maximum CPU time: 585 out of 10000
  Maximum heap size: 0 out of 6000000
  Number of callouts: 0 out of 100
  Number of Email Invocations: 0 out of 10
  Number of future calls: 0 out of 50
  Number of queueable jobs added to the queue: 0 out of 50
  Number of Mobile Apex push calls: 0 out of 10

21:49:00.376 (1376397853)|LIMIT_USAGE_FOR_NS|dlrs|
  Number of SOQL queries: 4 out of 100
  Number of query rows: 2 out of 50000
  Number of SOSL queries: 0 out of 20
  Number of DML statements: 0 out of 150
  Number of Publish Immediate DML: 0 out of 150
  Number of DML rows: 0 out of 10000
  Maximum CPU time: 0 out of 10000
  Maximum heap size: 0 out of 6000000
  Number of callouts: 0 out of 100
  Number of Email Invocations: 0 out of 10
  Number of future calls: 0 out of 50
  Number of queueable jobs added to the queue: 0 out of 50
  Number of Mobile Apex push calls: 0 out of 10

21:49:00.376 (1376397853)|CUMULATIVE_LIMIT_USAGE_END

21:49:00.374 (1376585414)|CODE_UNIT_FINISHED|SM_ContractTrigger on Contract trigger event AfterUpdate|__sfdc_trigger/SM_ContractTrigger
21:49:00.376 (1376994255)|CODE_UNIT_STARTED|[EXTERNAL]|01qUU000006wHpq|dlrs_ContractTrigger on Contract trigger event AfterUpdate|__sfdc_trigger/dlrs_ContractTrigger
21:49:00.381 (1381155812)|CUMULATIVE_LIMIT_USAGE
21:49:00.381 (1381155812)|LIMIT_USAGE_FOR_NS|(default)|
  Number of SOQL queries: 28 out of 100
  Number of query rows: 48 out of 50000
  Number of SOSL queries: 0 out of 20
  Number of DML statements: 14 out of 150
  Number of Publish Immediate DML: 0 out of 150
  Number of DML rows: 13 out of 10000
  Maximum CPU time: 585 out of 10000
  Maximum heap size: 0 out of 6000000
  Number of callouts: 0 out of 100
  Number of Email Invocations: 0 out of 10
  Number of future calls: 0 out of 50
  Number of queueable jobs added to the queue: 0 out of 50
  Number of Mobile Apex push calls: 0 out of 10

21:49:00.381 (1381155812)|LIMIT_USAGE_FOR_NS|dlrs|
  Number of SOQL queries: 4 out of 100
  Number of query rows: 2 out of 50000
  Number of SOSL queries: 0 out of 20
  Number of DML statements: 0 out of 150
  Number of Publish Immediate DML: 0 out of 150
  Number of DML rows: 0 out of 10000
  Maximum CPU time: 0 out of 10000
  Maximum heap size: 0 out of 6000000
  Number of callouts: 0 out of 100
  Number of Email Invocations: 0 out of 10
  Number of future calls: 0 out of 50
  Number of queueable jobs added to the queue: 0 out of 50
  Number of Mobile Apex push calls: 0 out of 10

21:49:00.381 (1381155812)|CUMULATIVE_LIMIT_USAGE_END

21:49:00.376 (1381289413)|CODE_UNIT_FINISHED|dlrs_ContractTrigger on Contract trigger event AfterUpdate|__sfdc_trigger/dlrs_ContractTrigger
21:49:00.381 (1381453114)|CODE_UNIT_STARTED|[EXTERNAL]|Workflow:Contract
21:49:00.381 (1403628707)|CODE_UNIT_FINISHED|Workflow:Contract
21:49:00.403 (1403725037)|CODE_UNIT_STARTED|[EXTERNAL]|Flow:Contract
21:49:00.403 (1406383168)|CODE_UNIT_FINISHED|Flow:Contract
21:49:00.406 (1406448348)|CODE_UNIT_STARTED|[EXTERNAL]|Flow:Contract
21:49:00.406 (1406655859)|CODE_UNIT_FINISHED|Flow:Contract
21:49:00.408 (1408450017)|CODE_UNIT_FINISHED|Flow:01I1U000002p7mA
21:49:00.408 (1409345640)|CODE_UNIT_STARTED|[EXTERNAL]|Flow:01I1U000002p7mA
21:49:00.408 (1409352080)|CODE_UNIT_FINISHED|Flow:01I1U000002p7mA
21:49:00.408 (1420726037)|CODE_UNIT_STARTED|[EXTERNAL]|Flow:Contract
21:49:00.408 (1422601215)|CODE_UNIT_FINISHED|Flow:Contract
21:49:00.408 (1422977367)|CODE_UNIT_STARTED|[EXTERNAL]|01q1U000001e9g3|SM_ContractTrigger on Contract trigger event BeforeUpdate|__sfdc_trigger/SM_ContractTrigger
21:49:00.425 (1425752849)|CUMULATIVE_LIMIT_USAGE
21:49:00.425 (1425752849)|LIMIT_USAGE_FOR_NS|(default)|
  Number of SOQL queries: 28 out of 100
  Number of query rows: 49 out of 50000
  Number of SOSL queries: 0 out of 20
  Number of DML statements: 14 out of 150
  Number of Publish Immediate DML: 0 out of 150
  Number of DML rows: 13 out of 10000
  Maximum CPU time: 625 out of 10000
  Maximum heap size: 0 out of 6000000
  Number of callouts: 0 out of 100
  Number of Email Invocations: 0 out of 10
  Number of future calls: 0 out of 50
  Number of queueable jobs added to the queue: 0 out of 50
  Number of Mobile Apex push calls: 0 out of 10

21:49:00.425 (1425752849)|LIMIT_USAGE_FOR_NS|dlrs|
  Number of SOQL queries: 4 out of 100
  Number of query rows: 2 out of 50000
  Number of SOSL queries: 0 out of 20
  Number of DML statements: 0 out of 150
  Number of Publish Immediate DML: 0 out of 150
  Number of DML rows: 0 out of 10000
  Maximum CPU time: 0 out of 10000
  Maximum heap size: 0 out of 6000000
  Number of callouts: 0 out of 100
  Number of Email Invocations: 0 out of 10
  Number of future calls: 0 out of 50
  Number of queueable jobs added to the queue: 0 out of 50
  Number of Mobile Apex push calls: 0 out of 10

21:49:00.425 (1425752849)|CUMULATIVE_LIMIT_USAGE_END

21:49:00.408 (1426019280)|CODE_UNIT_FINISHED|SM_ContractTrigger on Contract trigger event BeforeUpdate|__sfdc_trigger/SM_ContractTrigger
21:49:00.408 (1426304351)|CODE_UNIT_STARTED|[EXTERNAL]|01qUU000006wHpq|dlrs_ContractTrigger on Contract trigger event BeforeUpdate|__sfdc_trigger/dlrs_ContractTrigger
21:49:00.427 (1427249645)|CUMULATIVE_LIMIT_USAGE
21:49:00.427 (1427249645)|LIMIT_USAGE_FOR_NS|(default)|
  Number of SOQL queries: 28 out of 100
  Number of query rows: 49 out of 50000
  Number of SOSL queries: 0 out of 20
  Number of DML statements: 14 out of 150
  Number of Publish Immediate DML: 0 out of 150
  Number of DML rows: 13 out of 10000
  Maximum CPU time: 625 out of 10000
  Maximum heap size: 0 out of 6000000
  Number of callouts: 0 out of 100
  Number of Email Invocations: 0 out of 10
  Number of future calls: 0 out of 50
  Number of queueable jobs added to the queue: 0 out of 50
  Number of Mobile Apex push calls: 0 out of 10

21:49:00.427 (1427249645)|LIMIT_USAGE_FOR_NS|dlrs|
  Number of SOQL queries: 4 out of 100
  Number of query rows: 2 out of 50000
  Number of SOSL queries: 0 out of 20
  Number of DML statements: 0 out of 150
  Number of Publish Immediate DML: 0 out of 150
  Number of DML rows: 0 out of 10000
  Maximum CPU time: 0 out of 10000
  Maximum heap size: 0 out of 6000000
  Number of callouts: 0 out of 100
  Number of Email Invocations: 0 out of 10
  Number of future calls: 0 out of 50
  Number of queueable jobs added to the queue: 0 out of 50
  Number of Mobile Apex push calls: 0 out of 10

21:49:00.427 (1427249645)|CUMULATIVE_LIMIT_USAGE_END

21:49:00.408 (1427355896)|CODE_UNIT_FINISHED|dlrs_ContractTrigger on Contract trigger event BeforeUpdate|__sfdc_trigger/dlrs_ContractTrigger
21:49:00.408 (1429898447)|CODE_UNIT_STARTED|[EXTERNAL]|Validation:Contract:800UU00000kbujz
21:49:00.408 (1430251458)|CODE_UNIT_FINISHED|Validation:Contract:800UU00000kbujz
21:49:00.408 (1442339548)|CODE_UNIT_STARTED|[EXTERNAL]|01q1U000001e9g3|SM_ContractTrigger on Contract trigger event AfterUpdate|__sfdc_trigger/SM_ContractTrigger
21:49:00.444 (1444461227)|CUMULATIVE_LIMIT_USAGE
21:49:00.444 (1444461227)|LIMIT_USAGE_FOR_NS|(default)|
  Number of SOQL queries: 28 out of 100
  Number of query rows: 50 out of 50000
  Number of SOSL queries: 0 out of 20
  Number of DML statements: 14 out of 150
  Number of Publish Immediate DML: 0 out of 150
  Number of DML rows: 13 out of 10000
  Maximum CPU time: 625 out of 10000
  Maximum heap size: 0 out of 6000000
  Number of callouts: 0 out of 100
  Number of Email Invocations: 0 out of 10
  Number of future calls: 0 out of 50
  Number of queueable jobs added to the queue: 0 out of 50
  Number of Mobile Apex push calls: 0 out of 10

21:49:00.444 (1444461227)|LIMIT_USAGE_FOR_NS|dlrs|
  Number of SOQL queries: 4 out of 100
  Number of query rows: 2 out of 50000
  Number of SOSL queries: 0 out of 20
  Number of DML statements: 0 out of 150
  Number of Publish Immediate DML: 0 out of 150
  Number of DML rows: 0 out of 10000
  Maximum CPU time: 0 out of 10000
  Maximum heap size: 0 out of 6000000
  Number of callouts: 0 out of 100
  Number of Email Invocations: 0 out of 10
  Number of future calls: 0 out of 50
  Number of queueable jobs added to the queue: 0 out of 50
  Number of Mobile Apex push calls: 0 out of 10

21:49:00.444 (1444461227)|CUMULATIVE_LIMIT_USAGE_END

21:49:00.408 (1444606367)|CODE_UNIT_FINISHED|SM_ContractTrigger on Contract trigger event AfterUpdate|__sfdc_trigger/SM_ContractTrigger
21:49:00.408 (1444917479)|CODE_UNIT_STARTED|[EXTERNAL]|01qUU000006wHpq|dlrs_ContractTrigger on Contract trigger event AfterUpdate|__sfdc_trigger/dlrs_ContractTrigger
21:49:00.449 (1449092636)|CUMULATIVE_LIMIT_USAGE
21:49:00.449 (1449092636)|LIMIT_USAGE_FOR_NS|(default)|
  Number of SOQL queries: 28 out of 100
  Number of query rows: 50 out of 50000
  Number of SOSL queries: 0 out of 20
  Number of DML statements: 14 out of 150
  Number of Publish Immediate DML: 0 out of 150
  Number of DML rows: 13 out of 10000
  Maximum CPU time: 625 out of 10000
  Maximum heap size: 0 out of 6000000
  Number of callouts: 0 out of 100
  Number of Email Invocations: 0 out of 10
  Number of future calls: 0 out of 50
  Number of queueable jobs added to the queue: 0 out of 50
  Number of Mobile Apex push calls: 0 out of 10

21:49:00.449 (1449092636)|LIMIT_USAGE_FOR_NS|dlrs|
  Number of SOQL queries: 4 out of 100
  Number of query rows: 2 out of 50000
  Number of SOSL queries: 0 out of 20
  Number of DML statements: 0 out of 150
  Number of Publish Immediate DML: 0 out of 150
  Number of DML rows: 0 out of 10000
  Maximum CPU time: 0 out of 10000
  Maximum heap size: 0 out of 6000000
  Number of callouts: 0 out of 100
  Number of Email Invocations: 0 out of 10
  Number of future calls: 0 out of 50
  Number of queueable jobs added to the queue: 0 out of 50
  Number of Mobile Apex push calls: 0 out of 10

21:49:00.449 (1449092636)|CUMULATIVE_LIMIT_USAGE_END

21:49:00.408 (1449210006)|CODE_UNIT_FINISHED|dlrs_ContractTrigger on Contract trigger event AfterUpdate|__sfdc_trigger/dlrs_ContractTrigger
21:49:00.408 (1449306537)|CODE_UNIT_STARTED|[EXTERNAL]|Workflow:Contract
21:49:00.408 (1470434925)|CODE_UNIT_FINISHED|Workflow:Contract
21:49:00.408 (1470520086)|CODE_UNIT_STARTED|[EXTERNAL]|Flow:Contract
21:49:00.408 (1471816001)|CODE_UNIT_FINISHED|Flow:Contract
21:49:00.408 (1471868061)|CODE_UNIT_STARTED|[EXTERNAL]|Flow:Contract
21:49:00.408 (1472142242)|CODE_UNIT_FINISHED|Flow:Contract
21:49:00.408 (1475885138)|USER_DEBUG|[14]|DEBUG|EXITO INESPERADO
21:49:00.477 (1477707315)|CUMULATIVE_LIMIT_USAGE
21:49:00.477 (1477707315)|LIMIT_USAGE_FOR_NS|(default)|
  Number of SOQL queries: 28 out of 100
  Number of query rows: 50 out of 50000
  Number of SOSL queries: 0 out of 20
  Number of DML statements: 15 out of 150
  Number of Publish Immediate DML: 0 out of 150
  Number of DML rows: 13 out of 10000
  Maximum CPU time: 656 out of 10000
  Maximum heap size: 0 out of 6000000
  Number of callouts: 0 out of 100
  Number of Email Invocations: 0 out of 10
  Number of future calls: 0 out of 50
  Number of queueable jobs added to the queue: 0 out of 50
  Number of Mobile Apex push calls: 0 out of 10

21:49:00.477 (1477707315)|LIMIT_USAGE_FOR_NS|dlrs|
  Number of SOQL queries: 4 out of 100
  Number of query rows: 2 out of 50000
  Number of SOSL queries: 0 out of 20
  Number of DML statements: 0 out of 150
  Number of Publish Immediate DML: 0 out of 150
  Number of DML rows: 0 out of 10000
  Maximum CPU time: 0 out of 10000
  Maximum heap size: 0 out of 6000000
  Number of callouts: 0 out of 100
  Number of Email Invocations: 0 out of 10
  Number of future calls: 0 out of 50
  Number of queueable jobs added to the queue: 0 out of 50
  Number of Mobile Apex push calls: 0 out of 10

21:49:00.477 (1477707315)|CUMULATIVE_LIMIT_USAGE_END

21:49:00.408 (1477820616)|CODE_UNIT_FINISHED|execute_anonymous_apex
21:49:00.408 (1477847006)|EXECUTION_FINISHED

