Compiled successfully.
Executed successfully.

67.0 APEX_CODE,DEBUG;APEX_PROFILING,INFO
Execute Anonymous: // SOLO DIAGNOSTICO -- reproduce el batch completo que fallo, con rollback,
Execute Anonymous: // para capturar el stack trace real.
Execute Anonymous: Set<Id> ids = new Set<Id>{
Execute Anonymous:     'a24UU000005EtlSYAS','a24UU000005EtlTYAS','a24UU000005EtlUYAS','a24UU000005EtlWYAS',
Execute Anonymous:     'a24UU000005EtlZYAS','a24UU000005EtlaYAC','a24UU000005EtlbYAC','a24UU000005EtlhYAC',
Execute Anonymous:     'a24UU000005EtliYAC','a24UU000005FR77YAG','a24UU000005FR7AYAW','a24UU000005FR7CYAW',
Execute Anonymous:     'a24UU000005FR7DYAW','a24UU000005GDNsYAO','a24UU000005GDNtYAO'
Execute Anonymous: };
Execute Anonymous: List<SM_Payment__c> toUpdate = new List<SM_Payment__c>();
Execute Anonymous: for (Id i : ids) {
Execute Anonymous:     toUpdate.add(new SM_Payment__c(
Execute Anonymous:         Id = i,
Execute Anonymous:         Payment_Status__c = 'ACCEPTED',
Execute Anonymous:         SM_Check_Collection_Date__c = Date.today(),
Execute Anonymous:         SM_Check_Collection__c = true,
Execute Anonymous:         SM_Check_Collection_Status__c = 'COLLECTED'
Execute Anonymous:     ));
Execute Anonymous: }
Execute Anonymous: Savepoint sp = Database.setSavepoint();
Execute Anonymous: try {
Execute Anonymous:     update toUpdate;
Execute Anonymous:     System.debug('EXITO INESPERADO - todo el batch paso');
Execute Anonymous: } catch (Exception e) {
Execute Anonymous:     System.debug('TIPO: ' + e.getTypeName());
Execute Anonymous:     System.debug('MENSAJE: ' + e.getMessage());
Execute Anonymous:     System.debug('STACK TRACE: ' + e.getStackTraceString());
Execute Anonymous: } finally {
Execute Anonymous:     Database.rollback(sp);
Execute Anonymous: }
21:49:34.38 (38783716)|USER_INFO|[EXTERNAL]|0051U000007bbx5|clopez@legal-credit.com|(GMT+02:00) Central European Summer Time (Europe/Madrid)|GMT+02:00
21:49:34.38 (38807086)|EXECUTION_STARTED
21:49:34.38 (38831927)|CODE_UNIT_STARTED|[EXTERNAL]|execute_anonymous_apex
21:49:34.38 (60993392)|CODE_UNIT_STARTED|[EXTERNAL]|Flow:01I1U000002p7mA
21:49:34.38 (61018792)|CODE_UNIT_FINISHED|Flow:01I1U000002p7mA
21:49:34.38 (69632139)|CODE_UNIT_STARTED|[EXTERNAL]|01q1U000001iKpN|SM_PaymentTrigger on SM_Payment trigger event BeforeUpdate|__sfdc_trigger/SM_PaymentTrigger
21:49:34.159 (159661339)|CUMULATIVE_LIMIT_USAGE
21:49:34.159 (159661339)|LIMIT_USAGE_FOR_NS|(default)|
  Number of SOQL queries: 2 out of 100
  Number of query rows: 31 out of 50000
  Number of SOSL queries: 0 out of 20
  Number of DML statements: 3 out of 150
  Number of Publish Immediate DML: 0 out of 150
  Number of DML rows: 30 out of 10000
  Maximum CPU time: 0 out of 10000
  Maximum heap size: 0 out of 6000000
  Number of callouts: 0 out of 100
  Number of Email Invocations: 0 out of 10
  Number of future calls: 0 out of 50
  Number of queueable jobs added to the queue: 0 out of 50
  Number of Mobile Apex push calls: 0 out of 10

21:49:34.159 (159661339)|CUMULATIVE_LIMIT_USAGE_END

21:49:34.38 (162084236)|CODE_UNIT_FINISHED|SM_PaymentTrigger on SM_Payment trigger event BeforeUpdate|__sfdc_trigger/SM_PaymentTrigger
21:49:34.38 (164411912)|CODE_UNIT_STARTED|[EXTERNAL]|01q1U000001iMYY|SM_PaymentTGR on SM_Payment trigger event BeforeUpdate|__sfdc_trigger/SM_PaymentTGR
21:49:34.169 (169899689)|CUMULATIVE_LIMIT_USAGE
21:49:34.169 (169899689)|LIMIT_USAGE_FOR_NS|(default)|
  Number of SOQL queries: 2 out of 100
  Number of query rows: 32 out of 50000
  Number of SOSL queries: 0 out of 20
  Number of DML statements: 3 out of 150
  Number of Publish Immediate DML: 0 out of 150
  Number of DML rows: 30 out of 10000
  Maximum CPU time: 0 out of 10000
  Maximum heap size: 0 out of 6000000
  Number of callouts: 0 out of 100
  Number of Email Invocations: 0 out of 10
  Number of future calls: 0 out of 50
  Number of queueable jobs added to the queue: 0 out of 50
  Number of Mobile Apex push calls: 0 out of 10

21:49:34.169 (169899689)|CUMULATIVE_LIMIT_USAGE_END

21:49:34.38 (170015489)|CODE_UNIT_FINISHED|SM_PaymentTGR on SM_Payment trigger event BeforeUpdate|__sfdc_trigger/SM_PaymentTGR
21:49:34.38 (180158490)|CODE_UNIT_STARTED|[EXTERNAL]|Validation:SM_Payment:a24UU000005EtlS
21:49:34.38 (180218510)|CODE_UNIT_FINISHED|Validation:SM_Payment:a24UU000005EtlS
21:49:34.38 (180231560)|CODE_UNIT_STARTED|[EXTERNAL]|Validation:SM_Payment:a24UU000005EtlT
21:49:34.38 (180246560)|CODE_UNIT_FINISHED|Validation:SM_Payment:a24UU000005EtlT
21:49:34.38 (180256620)|CODE_UNIT_STARTED|[EXTERNAL]|Validation:SM_Payment:a24UU000005EtlU
21:49:34.38 (180270300)|CODE_UNIT_FINISHED|Validation:SM_Payment:a24UU000005EtlU
21:49:34.38 (180276630)|CODE_UNIT_STARTED|[EXTERNAL]|Validation:SM_Payment:a24UU000005EtlW
21:49:34.38 (180289910)|CODE_UNIT_FINISHED|Validation:SM_Payment:a24UU000005EtlW
21:49:34.38 (180295740)|CODE_UNIT_STARTED|[EXTERNAL]|Validation:SM_Payment:a24UU000005EtlZ
21:49:34.38 (180308520)|CODE_UNIT_FINISHED|Validation:SM_Payment:a24UU000005EtlZ
21:49:34.38 (180314270)|CODE_UNIT_STARTED|[EXTERNAL]|Validation:SM_Payment:a24UU000005Etla
21:49:34.38 (180327090)|CODE_UNIT_FINISHED|Validation:SM_Payment:a24UU000005Etla
21:49:34.38 (180332961)|CODE_UNIT_STARTED|[EXTERNAL]|Validation:SM_Payment:a24UU000005Etlb
21:49:34.38 (180357931)|CODE_UNIT_FINISHED|Validation:SM_Payment:a24UU000005Etlb
21:49:34.38 (180365381)|CODE_UNIT_STARTED|[EXTERNAL]|Validation:SM_Payment:a24UU000005Etlh
21:49:34.38 (180378571)|CODE_UNIT_FINISHED|Validation:SM_Payment:a24UU000005Etlh
21:49:34.38 (180385101)|CODE_UNIT_STARTED|[EXTERNAL]|Validation:SM_Payment:a24UU000005Etli
21:49:34.38 (180398471)|CODE_UNIT_FINISHED|Validation:SM_Payment:a24UU000005Etli
21:49:34.38 (180404051)|CODE_UNIT_STARTED|[EXTERNAL]|Validation:SM_Payment:a24UU000005FR77
21:49:34.38 (180417271)|CODE_UNIT_FINISHED|Validation:SM_Payment:a24UU000005FR77
21:49:34.38 (180431411)|CODE_UNIT_STARTED|[EXTERNAL]|Validation:SM_Payment:a24UU000005FR7A
21:49:34.38 (180444321)|CODE_UNIT_FINISHED|Validation:SM_Payment:a24UU000005FR7A
21:49:34.38 (180458461)|CODE_UNIT_STARTED|[EXTERNAL]|Validation:SM_Payment:a24UU000005FR7C
21:49:34.38 (180471711)|CODE_UNIT_FINISHED|Validation:SM_Payment:a24UU000005FR7C
21:49:34.38 (180482071)|CODE_UNIT_STARTED|[EXTERNAL]|Validation:SM_Payment:a24UU000005FR7D
21:49:34.38 (180495091)|CODE_UNIT_FINISHED|Validation:SM_Payment:a24UU000005FR7D
21:49:34.38 (180502651)|CODE_UNIT_STARTED|[EXTERNAL]|Validation:SM_Payment:a24UU000005GDNs
21:49:34.38 (180516361)|CODE_UNIT_FINISHED|Validation:SM_Payment:a24UU000005GDNs
21:49:34.38 (180779162)|CODE_UNIT_STARTED|[EXTERNAL]|Validation:SM_Payment:a24UU000005GDNt
21:49:34.38 (180823572)|CODE_UNIT_FINISHED|Validation:SM_Payment:a24UU000005GDNt
21:49:34.38 (194076801)|CODE_UNIT_STARTED|[EXTERNAL]|01q1U000001iKpN|SM_PaymentTrigger on SM_Payment trigger event AfterUpdate|__sfdc_trigger/SM_PaymentTrigger
21:49:34.38 (238950066)|CODE_UNIT_STARTED|[EXTERNAL]|01q1U000001iMYW|SM_ACHOrderTrigger on SM_ACH_Order trigger event BeforeUpdate|__sfdc_trigger/SM_ACHOrderTrigger
21:49:34.38 (274193972)|USER_DEBUG|[444]|DEBUG|newRecords: (SM_ACH_Order__c:{Id=a04UU00000HTDBZYA5, IsDeleted=false, Name=ACH-28317, CreatedDate=2026-08-05 13:29:26, CreatedById=0051U000007bbx5QAA, LastModifiedDate=2026-08-25 19:32:04, LastModifiedById=0051U000001MRFeQAO, SystemModstamp=2026-08-25 19:32:04, LastViewedDate=null, LastReferencedDate=null, SM_Contract__c=800UU00000ju54jYAA, SM_Billing_Email__c=naidymarrosario@gmail.com, SM_Charge_Date__c=null, SM_Failed_AC_Transactions__c=null, SM_Failed_Transactions__c=null, SM_IVU_Municipal_Amount__c=0.00, SM_Id_Salesforce_LCS__c=null, IVU_State_Amount__c=0.00, SM_Next_Transaction_Date__c=null, SM_Payment_Count__c=1, SM_Payment_End_Date__c=2026-08-26 00:00:00, SM_Payment_Frequency__c=Once, SM_Payment_Method__c=a10UU00000DikhBYAR, SM_Payment_Start_Date__c=2026-08-26 00:00:00, SM_Payment_Status__c=Completed, SM_Payment_Stop__c=null, SM_Payment_Type__c=AC, SM_Quantity_of_scheduled_fees__c=null, SM_Total__c=99.00, SM_Fee_to_collect__c=1, SM_Payment_Condition__c=Fixed value, SM_Apply_penalty__c=false, SM_Failed_payment__c=null, SM_Is_Migrated__c=false, SM_Migration_Date__c=null, SM_Penalty_date__c=null, SM_Penalty_value__c=0.00, SM_User_who_applies_the_penalty__c=null, SM_Approval_status__c=null, SM_Reason_to_approve_exoneration__c=null, Total_Amount__c=99.00, SM_Bank__c=BANCO POPULAR, SM_DaystocollectPrincipalpayment__c=null, SM_FinalStatus__c=PENDING, SM_last_update_date_transmitted__c=null, SM_Date_ACH_Transmitted__c=null, SM_IsApplyingDaysCollectedPenalty__c=false, SM_Apply_Discount__c=false, SM_Discount_Applies_Date__c=null, Discount_Original_Subtotal__c=null, SM_Discount_Percentage__c=null, SM_Discount_Reason__c=null, SM_Discount_Status__c=null, SM_Discount_Type__c=null, SM_Discount_Value_Afer__c=0.00, SM_Discount_Value__c=null, SM_User_Who_Request_Discount__c=null, SM_User_Who_Applies_Discount__c=null, Invoice__c=null, SM_Original_Type__c=null, Payment_Catery__c=NONE, Order_To_Be_Collected__c=2, SM_PTP_Montly__c=null, Is_PTP__c=true, User_Who_Approve_Discount__c=null, Discount_Value_Afer_Discount_IVU__c=0.00, Discount_Original_Total__c=null, ACH_Tax__c=0.00}, SM_ACH_Order__c:{Id=a04UU00000HTnAEYA1, IsDeleted=false, Name=ACH-28527, CreatedDate=2026-08-12 16:19:15, CreatedById=0051U000007bbx5QAA, LastModifiedDate=2026-08-27 07:54:30, LastModifiedById=0051U000007bbx5QAA, SystemModstamp=2026-08-27 07:54:30, LastViewedDate=null, LastReferencedDate=null, SM_Contract__c=800UU00000kERIpYAO, SM_Billing_Email__c=sorfaura@gmail.com, SM_Charge_Date__c=null, SM_Failed_AC_Transactions__c=null, SM_Failed_Transactions__c=null, SM_IVU_Municipal_Amount__c=0.00, SM_Id_Salesforce_LCS__c=null, IVU_State_Amount__c=0.00, SM_Next_Transaction_Date__c=null, SM_Payment_Count__c=1, SM_Payment_End_Date__c=2026-08-28 00:00:00, SM_Payment_Frequency__c=Once, SM_Payment_Method__c=a10UU00000DtzGHYAZ, SM_Payment_Start_Date__c=2026-08-28 00:00:00, SM_Payment_Status__c=Completed, SM_Payment_Stop__c=null, SM_Payment_Type__c=AC, SM_Quantity_of_scheduled_fees__c=null, SM_Total__c=99.00, SM_Fee_to_collect__c=1, SM_Payment_Condition__c=Fixed value, SM_Apply_penalty__c=false, SM_Failed_payment__c=null, SM_Is_Migrated__c=false, SM_Migration_Date__c=null, SM_Penalty_date__c=null, SM_Penalty_value__c=0.00, SM_User_who_applies_the_penalty__c=null, SM_Approval_status__c=null, SM_Reason_to_approve_exoneration__c=null, Total_Amount__c=99.00, SM_Bank__c=BANCO POPULAR, SM_DaystocollectPrincipalpayment__c=null, SM_FinalStatus__c=PENDING, SM_last_update_date_transmitted__c=null, SM_Date_ACH_Transmitted__c=null, SM_IsApplyingDaysCollectedPenalty__c=false, SM_Apply_Discount__c=false, SM_Discount_Applies_Date__c=null, Discount_Original_Subtotal__c=null, SM_Discount_Percentage__c=null, SM_Discount_Reason__c=null, SM_Discount_Status__c=null, SM_Discount_Type__c=null, SM_Discount_Value_Afer__c=0.00, SM_Discount_Value__c=null, SM_User_Who_Request_Discount__c=null, SM_User_Who_Applies_Discount__c=null, Invoice__c=null, SM_Original_Type__c=null, Payment_Catery__c=NONE, Order_To_Be_Collected__c=2, SM_PTP_Montly__c=null, Is_PTP__c=true, User_Who_Approve_Discount__c=null, Discount_Value_Afer_Discount_IVU__c=0.00, Discount_Original_Total__c=null, ACH_Tax__c=0.00}, SM_ACH_Order__c:{Id=a04UU00000HTnASYA1, IsDeleted=false, Name=ACH-28541, CreatedDate=2026-08-12 16:19:15, CreatedById=0051U000007bbx5QAA, LastModifiedDate=2026-08-27 07:54:30, LastModifiedById=0051U000007bbx5QAA, SystemModstamp=2026-08-27 07:54:30, LastViewedDate=null, LastReferencedDate=null, SM_Contract__c=800UU00000kH7U1YAK, SM_Billing_Email__c=roberto98prt@gmail.com, SM_Charge_Date__c=null, SM_Failed_AC_Transactions__c=null, SM_Failed_Transactions__c=null, SM_IVU_Municipal_Amount__c=0.00, SM_Id_Salesforce_LCS__c=null, IVU_State_Amount__c=0.00, SM_Next_Transaction_Date__c=null, SM_Payment_Count__c=1, SM_Payment_End_Date__c=2026-08-28 00:00:00, SM_Payment_Frequency__c=Once, SM_Payment_Method__c=a10UU00000DvBLqYAN, SM_Payment_Start_Date__c=2026-08-28 00:00:00, SM_Payment_Status__c=Completed, SM_Payment_Stop__c=null, SM_Payment_Type__c=AC, SM_Quantity_of_scheduled_fees__c=null, SM_Total__c=99.00, SM_Fee_to_collect__c=1, SM_Payment_Condition__c=Fixed value, SM_Apply_penalty__c=false, SM_Failed_payment__c=null, SM_Is_Migrated__c=false, SM_Migration_Date__c=null, SM_Penalty_date__c=null, SM_Penalty_value__c=0.00, SM_User_who_applies_the_penalty__c=null, SM_Approval_status__c=null, SM_Reason_to_approve_exoneration__c=null, Total_Amount__c=99.00, SM_Bank__c=BANCO POPULAR, SM_DaystocollectPrincipalpayment__c=null, SM_FinalStatus__c=PENDING, SM_last_update_date_transmitted__c=null, SM_Date_ACH_Transmitted__c=null, SM_IsApplyingDaysCollectedPenalty__c=false, SM_Apply_Discount__c=false, SM_Discount_Applies_Date__c=null, Discount_Original_Subtotal__c=null, SM_Discount_Percentage__c=null, SM_Discount_Reason__c=null, SM_Discount_Status__c=null, SM_Discount_Type__c=null, SM_Discount_Value_Afer__c=0.00, SM_Discount_Value__c=null, SM_User_Who_Request_Discount__c=null, SM_User_Who_Applies_Discount__c=null, Invoice__c=null, SM_Original_Type__c=null, Payment_Catery__c=NONE, Order_To_Be_Collected__c=2, SM_PTP_Montly__c=null, Is_PTP__c=true, User_Who_Approve_Discount__c=null, Discount_Value_Afer_Discount_IVU__c=0.00, Discount_Original_Total__c=null, ACH_Tax__c=0.00}, SM_ACH_Order__c:{Id=a04UU00000HUbbWYAT, IsDeleted=false, Name=ACH-28851, CreatedDate=2026-08-21 20:22:15, CreatedById=0051U000007bbx5QAA, LastModifiedDate=2026-08-24 19:41:23, LastModifiedById=0051U000001MRFeQAO, SystemModstamp=2026-08-24 19:41:23, LastViewedDate=null, LastReferencedDate=null, SM_Contract__c=800UU00000kbujzYAA, SM_Billing_Email__c=thiagonolasco2522@gmail.com, SM_Charge_Date__c=null, SM_Failed_AC_Transactions__c=null, SM_Failed_Transactions__c=null, SM_IVU_Municipal_Amount__c=0.00, SM_Id_Salesforce_LCS__c=null, IVU_State_Amount__c=0.00, SM_Next_Transaction_Date__c=null, SM_Payment_Count__c=1, SM_Payment_End_Date__c=2026-08-22 00:00:00, SM_Payment_Frequency__c=Once, SM_Payment_Method__c=a10UU00000E7TNFYA3, SM_Payment_Start_Date__c=2026-08-22 00:00:00, SM_Payment_Status__c=Completed, SM_Payment_Stop__c=null, SM_Payment_Type__c=AC, SM_Quantity_of_scheduled_fees__c=null, SM_Total__c=139.00, SM_Fee_to_collect__c=1, SM_Payment_Condition__c=Fixed value, SM_Apply_penalty__c=false, SM_Failed_payment__c=null, SM_Is_Migrated__c=false, SM_Migration_Date__c=null, SM_Penalty_date__c=null, SM_Penalty_value__c=0.00, SM_User_who_applies_the_penalty__c=null, SM_Approval_status__c=null, SM_Reason_to_approve_exoneration__c=null, Total_Amount__c=139.00, SM_Bank__c=BANCO POPULAR, SM_DaystocollectPrincipalpayment__c=null, SM_FinalStatus__c=PENDING, SM_last_update_date_transmitted__c=null, SM_Date_ACH_Transmitted__c=null, SM_IsApplyingDaysCollectedPenalty__c=false, SM_Apply_Discount__c=false, SM_Discount_Applies_Date__c=null, Discount_Original_Subtotal__c=null, SM_Discount_Percentage__c=null, SM_Discount_Reason__c=null, SM_Discount_Status__c=null, SM_Discount_Type__c=null, SM_Discount_Value_Afer__c=0.00, SM_Discount_Value__c=null, SM_User_Who_Request_Discount__c=null, SM_User_Who_Applies_Discount__c=null, Invoice__c=null, SM_Original_Type__c=null, Payment_Catery__c=NONE, Order_To_Be_Collected__c=2, SM_PTP_Montly__c=null, Is_PTP__c=true, User_Who_Approve_Discount__c=null, Discount_Value_Afer_Discount_IVU__c=0.00, Discount_Original_Total__c=null, ACH_Tax__c=0.00}, SM_ACH_Order__c:{Id=a04UU00000HUbbXYAT, IsDeleted=false, Name=ACH-28852, CreatedDate=2026-08-21 20:22:15, CreatedById=0051U000007bbx5QAA, LastModifiedDate=2026-08-24 19:41:23, LastModifiedById=0051U000001MRFeQAO, SystemModstamp=2026-08-24 19:41:23, LastViewedDate=null, LastReferencedDate=null, SM_Contract__c=800UU00000kciX5YAI, SM_Billing_Email__c=laysav1209@gmail.com, SM_Charge_Date__c=null, SM_Failed_AC_Transactions__c=null, SM_Failed_Transactions__c=null, SM_IVU_Municipal_Amount__c=0.00, SM_Id_Salesforce_LCS__c=null, IVU_State_Amount__c=0.00, SM_Next_Transaction_Date__c=null, SM_Payment_Count__c=1, SM_Payment_End_Date__c=2026-08-20 00:00:00, SM_Payment_Frequency__c=Once, SM_Payment_Method__c=a10UU00000E7rKUYAZ, SM_Payment_Start_Date__c=2026-08-20 00:00:00, SM_Payment_Status__c=Completed, SM_Payment_Stop__c=null, SM_Payment_Type__c=AC, SM_Quantity_of_scheduled_fees__c=null, SM_Total__c=99.00, SM_Fee_to_collect__c=1, SM_Payment_Condition__c=Fixed value, SM_Apply_penalty__c=false, SM_Failed_payment__c=null, SM_Is_Migrated__c=false, SM_Migration_Date__c=null, SM_Penalty_date__c=null, SM_Penalty_value__c=0.00, SM_User_who_applies_the_penalty__c=null, SM_Approval_status__c=null, SM_Reason_to_approve_exoneration__c=null, Total_Amount__c=99.00, SM_Bank__c=BANCO POPULAR, SM_DaystocollectPrincipalpayment__c=null, SM_FinalStatus__c=PENDING, SM_last_update_date_transmitted__c=null, SM_Date_ACH_Transmitted__c=null, SM_IsApplyingDaysCollectedPenalty__c=false, SM_Apply_Discount__c=false, SM_Discount_Applies_Date__c=null, Discount_Original_Subtotal__c=null, SM_Discount_Percentage__c=null, SM_Discount_Reason__c=null, SM_Discount_Status__c=null, SM_Discount_Type__c=null, SM_Discount_Value_Afer__c=0.00, SM_Discount_Value__c=null, SM_User_Who_Request_Discount__c=null, SM_User_Who_Applies_Discount__c=null, Invoice__c=null, SM_Original_Type__c=null, Payment_Catery__c=NONE, Order_To_Be_Collected__c=2, SM_PTP_Montly__c=null, Is_PTP__c=true, User_Who_Approve_Discount__c=null, Discount_Value_Afer_Discount_IVU__c=0.00, Discount_Original_Total__c=null, ACH_Tax__c=0.00}, SM_ACH_Order__c:{Id=a04UU00000HUbbaYAD, IsDeleted=false, Name=ACH-28855, CreatedDate=2026-08-21 20:22:15, CreatedById=0051U000007bbx5QAA, LastModifiedDate=2026-08-24 19:41:23, LastModifiedById=0051U000001MRFeQAO, SystemModstamp=2026-08-24 19:41:23, LastViewedDate=null, LastReferencedDate=null, SM_Contract__c=800UU00000ka3XxYAI, SM_Billing_Email__c=yarylee2001@gmail.com, SM_Charge_Date__c=null, SM_Failed_AC_Transactions__c=null, SM_Failed_Transactions__c=null, SM_IVU_Municipal_Amount__c=0.00, SM_Id_Salesforce_LCS__c=null, IVU_State_Amount__c=0.00, SM_Next_Transaction_Date__c=null, SM_Payment_Count__c=1, SM_Payment_End_Date__c=2026-08-25 00:00:00, SM_Payment_Frequency__c=Once, SM_Payment_Method__c=a10UU00000E6RdNYAV, SM_Payment_Start_Date__c=2026-08-25 00:00:00, SM_Payment_Status__c=Completed, SM_Payment_Stop__c=null, SM_Payment_Type__c=AC, SM_Quantity_of_scheduled_fees__c=null, SM_Total__c=99.00, SM_Fee_to_collect__c=1, SM_Payment_Condition__c=Fixed value, SM_Apply_penalty__c=false, SM_Failed_payment__c=null, SM_Is_Migrated__c=false, SM_Migration_Date__c=null, SM_Penalty_date__c=null, SM_Penalty_value__c=0.00, SM_User_who_applies_the_penalty__c=null, SM_Approval_status__c=null, SM_Reason_to_approve_exoneration__c=null, Total_Amount__c=99.00, SM_Bank__c=BANCO POPULAR, SM_DaystocollectPrincipalpayment__c=null, SM_FinalStatus__c=PENDING, SM_last_update_date_transmitted__c=null, SM_Date_ACH_Transmitted__c=null, SM_IsApplyingDaysCollectedPenalty__c=false, SM_Apply_Discount__c=false, SM_Discount_Applies_Date__c=null, Discount_Original_Subtotal__c=null, SM_Discount_Percentage__c=null, SM_Discount_Reason__c=null, SM_Discount_Status__c=null, SM_Discount_Type__c=null, SM_Discount_Value_Afer__c=0.00, SM_Discount_Value__c=null, SM_User_Who_Request_Discount__c=null, SM_User_Who_Applies_Discount__c=null, Invoice__c=null, SM_Original_Type__c=null, Payment_Catery__c=NONE, Order_To_Be_Collected__c=2, SM_PTP_Montly__c=null, Is_PTP__c=true, User_Who_Approve_Discount__c=null, Discount_Value_Afer_Discount_IVU__c=0.00, Discount_Original_Total__c=null, ACH_Tax__c=0.00}, SM_ACH_Order__c:{Id=a04UU00000HUbbeYAD, IsDeleted=false, Name=ACH-28859, CreatedDate=2026-08-21 20:22:15, CreatedById=0051U000007bbx5QAA, LastModifiedDate=2026-08-24 19:41:23, LastModifiedById=0051U000001MRFeQAO, SystemModstamp=2026-08-24 19:41:23, LastViewedDate=null, LastReferencedDate=null, SM_Contract__c=800UU00000kDydPYAS, SM_Billing_Email__c=glorimartdj@gmail.com, SM_Charge_Date__c=null, SM_Failed_AC_Transactions__c=null, SM_Failed_Transactions__c=null, SM_IVU_Municipal_Amount__c=0.00, SM_Id_Salesforce_LCS__c=null, IVU_State_Amount__c=0.00, SM_Next_Transaction_Date__c=null, SM_Payment_Count__c=1, SM_Payment_End_Date__c=2026-08-14 00:00:00, SM_Payment_Frequency__c=Once, SM_Payment_Method__c=a10UU00000Dtb5tYAB, SM_Payment_Start_Date__c=2026-08-14 00:00:00, SM_Payment_Status__c=Completed, SM_Payment_Stop__c=null, SM_Payment_Type__c=AC, SM_Quantity_of_scheduled_fees__c=null, SM_Total__c=99.00, SM_Fee_to_collect__c=1, SM_Payment_Condition__c=Fixed value, SM_Apply_penalty__c=false, SM_Failed_payment__c=null, SM_Is_Migrated__c=false, SM_Migration_Date__c=null, SM_Penalty_date__c=null, SM_Penalty_value__c=0.00, SM_User_who_applies_the_penalty__c=null, SM_Approval_status__c=null, SM_Reason_to_approve_exoneration__c=null, Total_Amount__c=99.00, SM_Bank__c=BANCO POPULAR, SM_DaystocollectPrincipalpayment__c=null, SM_FinalStatus__c=PENDING, SM_last_update_date_transmitted__c=null, SM_Date_ACH_Transmitted__c=null, SM_IsApplyingDaysCollectedPenalty__c=false, SM_Apply_Discount__c=false, SM_Discount_Applies_Date__c=null, Discount_Original_Subtotal__c=null, SM_Discount_Percentage__c=null, SM_Discount_Reason__c=null, SM_Discount_Status__c=null, SM_Discount_Type__c=null, SM_Discount_Value_Afer__c=0.00, SM_Discount_Value__c=null, SM_User_Who_Request_Discount__c=null, SM_User_Who_Applies_Discount__c=null, Invoice__c=null, SM_Original_Type__c=null, Payment_Catery__c=NONE, Order_To_Be_Collected__c=2, SM_PTP_Montly__c=null, Is_PTP__c=true, User_Who_Approve_Discount__c=null, Discount_Value_Afer_Discount_IVU__c=0.00, Discount_Original_Total__c=null, ACH_Tax__c=0.00}, SM_ACH_Order__c:{Id=a04UU00000HUbbiYAD, IsDeleted=false, Name=ACH-28863, CreatedDate=2026-08-21 20:22:15, CreatedById=0051U000007bbx5QAA, LastModifiedDate=2026-08-24 19:41:23, LastModifiedById=0051U000001MRFeQAO, SystemModstamp=2026-08-24 19:41:23, LastViewedDate=null, LastReferencedDate=null, SM_Contract__c=800UU00000kKb2dYAC, SM_Billing_Email__c=hola1220@live.com, SM_Charge_Date__c=null, SM_Failed_AC_Transactions__c=null, SM_Failed_Transactions__c=null, SM_IVU_Municipal_Amount__c=0.00, SM_Id_Salesforce_LCS__c=null, IVU_State_Amount__c=0.00, SM_Next_Transaction_Date__c=null, SM_Payment_Count__c=1, SM_Payment_End_Date__c=2026-08-13 00:00:00, SM_Payment_Frequency__c=Once, SM_Payment_Method__c=a10UU00000DxbLpYAJ, SM_Payment_Start_Date__c=2026-08-13 00:00:00, SM_Payment_Status__c=Completed, SM_Payment_Stop__c=null, SM_Payment_Type__c=AC, SM_Quantity_of_scheduled_fees__c=null, SM_Total__c=99.00, SM_Fee_to_collect__c=1, SM_Payment_Condition__c=Fixed value, SM_Apply_penalty__c=false, SM_Failed_payment__c=null, SM_Is_Migrated__c=false, SM_Migration_Date__c=null, SM_Penalty_date__c=null, SM_Penalty_value__c=0.00, SM_User_who_applies_the_penalty__c=null, SM_Approval_status__c=null, SM_Reason_to_approve_exoneration__c=null, Total_Amount__c=99.00, SM_Bank__c=ORIENTAL BANK, SM_DaystocollectPrincipalpayment__c=null, SM_FinalStatus__c=PENDING, SM_last_update_date_transmitted__c=null, SM_Date_ACH_Transmitted__c=null, SM_IsApplyingDaysCollectedPenalty__c=false, SM_Apply_Discount__c=false, SM_Discount_Applies_Date__c=null, Discount_Original_Subtotal__c=null, SM_Discount_Percentage__c=null, SM_Discount_Reason__c=null, SM_Discount_Status__c=null, SM_Discount_Type__c=null, SM_Discount_Value_Afer__c=0.00, SM_Discount_Value__c=null, SM_User_Who_Request_Discount__c=null, SM_User_Who_Applies_Discount__c=null, Invoice__c=null, SM_Original_Type__c=null, Payment_Catery__c=NONE, Order_To_Be_Collected__c=2, SM_PTP_Montly__c=null, Is_PTP__c=true, User_Who_Approve_Discount__c=null, Discount_Value_Afer_Discount_IVU__c=0.00, Discount_Original_Total__c=null, ACH_Tax__c=0.00}, SM_ACH_Order__c:{Id=a04UU00000HUbbjYAD, IsDeleted=false, Name=ACH-28864, CreatedDate=2026-08-21 20:22:15, CreatedById=0051U000007bbx5QAA, LastModifiedDate=2026-08-24 19:41:23, LastModifiedById=0051U000001MRFeQAO, SystemModstamp=2026-08-24 19:41:23, LastViewedDate=null, LastReferencedDate=null, SM_Contract__c=800UU00000kKm9KYAS, SM_Billing_Email__c=k.torrespinto93@icloud.com, SM_Charge_Date__c=null, SM_Failed_AC_Transactions__c=null, SM_Failed_Transactions__c=null, SM_IVU_Municipal_Amount__c=0.00, SM_Id_Salesforce_LCS__c=null, IVU_State_Amount__c=0.00, SM_Next_Transaction_Date__c=null, SM_Payment_Count__c=1, SM_Payment_End_Date__c=2026-08-13 00:00:00, SM_Payment_Frequency__c=Once, SM_Payment_Method__c=a10UU00000DxZK1YAN, SM_Payment_Start_Date__c=2026-08-13 00:00:00, SM_Payment_Status__c=Completed, SM_Payment_Stop__c=null, SM_Payment_Type__c=AC, SM_Quantity_of_scheduled_fees__c=null, SM_Total__c=139.00, SM_Fee_to_collect__c=1, SM_Payment_Condition__c=Fixed value, SM_Apply_penalty__c=false, SM_Failed_payment__c=null, SM_Is_Migrated__c=false, SM_Migration_Date__c=null, SM_Penalty_date__c=null, SM_Penalty_value__c=0.00, SM_User_who_applies_the_penalty__c=null, SM_Approval_status__c=null, SM_Reason_to_approve_exoneration__c=null, Total_Amount__c=139.00, SM_Bank__c=ORIENTAL BANK, SM_DaystocollectPrincipalpayment__c=null, SM_FinalStatus__c=PENDING, SM_last_update_date_transmitted__c=null, SM_Date_ACH_Transmitted__c=null, SM_IsApplyingDaysCollectedPenalty__c=false, SM_Apply_Discount__c=false, SM_Discount_Applies_Date__c=null, Discount_Original_Subtotal__c=null, SM_Discount_Percentage__c=null, SM_Discount_Reason__c=null, SM_Discount_Status__c=null, SM_Discount_Type__c=null, SM_Discount_Value_Afer__c=0.00, SM_Discount_Value__c=null, SM_User_Who_Request_Discount__c=null, SM_User_Who_Applies_Discount__c=null, Invoice__c=null, SM_Original_Type__c=null, Payment_Catery__c=NONE, Order_To_Be_Collected__c=2, SM_PTP_Montly__c=null, Is_PTP__c=true, User_Who_Approve_Discount__c=null, Discount_Value_Afer_Discount_IVU__c=0.00, Discount_Original_Total__c=null, ACH_Tax__c=0.00}, SM_ACH_Order__c:{Id=a04UU00000HUbbkYAD, IsDeleted=false, Name=ACH-28865, CreatedDate=2026-08-21 20:22:15, CreatedById=0051U000007bbx5QAA, LastModifiedDate=2026-08-24 19:41:23, LastModifiedById=0051U000001MRFeQAO, SystemModstamp=2026-08-24 19:41:23, LastViewedDate=null, LastReferencedDate=null, SM_Contract__c=800UU00000kKtkGYAS, SM_Billing_Email__c=evelynconcepcion860@gmail.com, SM_Charge_Date__c=null, SM_Failed_AC_Transactions__c=null, SM_Failed_Transactions__c=null, SM_IVU_Municipal_Amount__c=0.00, SM_Id_Salesforce_LCS__c=null, IVU_State_Amount__c=0.00, SM_Next_Transaction_Date__c=null, SM_Payment_Count__c=1, SM_Payment_End_Date__c=2026-08-17 00:00:00, SM_Payment_Frequency__c=Once, SM_Payment_Method__c=a10UU00000Dxe1xYAB, SM_Payment_Start_Date__c=2026-08-17 00:00:00, SM_Payment_Status__c=Completed, SM_Payment_Stop__c=null, SM_Payment_Type__c=AC, SM_Quantity_of_scheduled_fees__c=null, SM_Total__c=99.00, SM_Fee_to_collect__c=1, SM_Payment_Condition__c=Fixed value, SM_Apply_penalty__c=false, SM_Failed_payment__c=null, SM_Is_Migrated__c=false, SM_Migration_Date__c=null, SM_Penalty_date__c=null, SM_Penalty_value__c=0.00, SM_User_who_applies_the_penalty__c=null, SM_Approval_status__c=null, SM_Reason_to_approve_exoneration__c=null, Total_Amount__c=99.00, SM_Bank__c=ORIENTAL BANK, SM_DaystocollectPrincipalpayment__c=null, SM_FinalStatus__c=PENDING, SM_last_update_date_transmitted__c=null, SM_Date_ACH_Transmitted__c=null, SM_IsApplyingDaysCollectedPenalty__c=false, SM_Apply_Discount__c=false, SM_Discount_Applies_Date__c=null, Discount_Original_Subtotal__c=null, SM_Discount_Percentage__c=null, SM_Discount_Reason__c=null, SM_Discount_Status__c=null, SM_Discount_Type__c=null, SM_Discount_Value_Afer__c=0.00, SM_Discount_Value__c=null, SM_User_Who_Request_Discount__c=null, SM_User_Who_Applies_Discount__c=null, Invoice__c=null, SM_Original_Type__c=null, Payment_Catery__c=NONE, Order_To_Be_Collected__c=2, SM_PTP_Montly__c=null, Is_PTP__c=true, User_Who_Approve_Discount__c=null, Discount_Value_Afer_Discount_IVU__c=0.00, Discount_Original_Total__c=null, ACH_Tax__c=0.00}, ...)
21:49:34.287 (287490832)|CUMULATIVE_LIMIT_USAGE
21:49:34.287 (287490832)|LIMIT_USAGE_FOR_NS|(default)|
  Number of SOQL queries: 5 out of 100
  Number of query rows: 65 out of 50000
  Number of SOSL queries: 0 out of 20
  Number of DML statements: 4 out of 150
  Number of Publish Immediate DML: 0 out of 150
  Number of DML rows: 45 out of 10000
  Maximum CPU time: 0 out of 10000
  Maximum heap size: 0 out of 6000000
  Number of callouts: 0 out of 100
  Number of Email Invocations: 0 out of 10
  Number of future calls: 0 out of 50
  Number of queueable jobs added to the queue: 0 out of 50
  Number of Mobile Apex push calls: 0 out of 10

21:49:34.287 (287490832)|CUMULATIVE_LIMIT_USAGE_END

21:49:34.38 (288040413)|CODE_UNIT_FINISHED|SM_ACHOrderTrigger on SM_ACH_Order trigger event BeforeUpdate|__sfdc_trigger/SM_ACHOrderTrigger
21:49:34.38 (298229604)|CODE_UNIT_STARTED|[EXTERNAL]|Validation:SM_ACH_Order:a04UU00000HTDBZ
21:49:34.38 (298310024)|CODE_UNIT_FINISHED|Validation:SM_ACH_Order:a04UU00000HTDBZ
21:49:34.38 (298325284)|CODE_UNIT_STARTED|[EXTERNAL]|Validation:SM_ACH_Order:a04UU00000HTnAE
21:49:34.38 (298347284)|CODE_UNIT_FINISHED|Validation:SM_ACH_Order:a04UU00000HTnAE
21:49:34.38 (298355304)|CODE_UNIT_STARTED|[EXTERNAL]|Validation:SM_ACH_Order:a04UU00000HTnAS
21:49:34.38 (298374154)|CODE_UNIT_FINISHED|Validation:SM_ACH_Order:a04UU00000HTnAS
21:49:34.38 (298380944)|CODE_UNIT_STARTED|[EXTERNAL]|Validation:SM_ACH_Order:a04UU00000HUbbW
21:49:34.38 (298398774)|CODE_UNIT_FINISHED|Validation:SM_ACH_Order:a04UU00000HUbbW
21:49:34.38 (298405324)|CODE_UNIT_STARTED|[EXTERNAL]|Validation:SM_ACH_Order:a04UU00000HUbbX
21:49:34.38 (298423415)|CODE_UNIT_FINISHED|Validation:SM_ACH_Order:a04UU00000HUbbX
21:49:34.38 (298429915)|CODE_UNIT_STARTED|[EXTERNAL]|Validation:SM_ACH_Order:a04UU00000HUbba
21:49:34.38 (298448285)|CODE_UNIT_FINISHED|Validation:SM_ACH_Order:a04UU00000HUbba
21:49:34.38 (298454545)|CODE_UNIT_STARTED|[EXTERNAL]|Validation:SM_ACH_Order:a04UU00000HUbbe
21:49:34.38 (298473175)|CODE_UNIT_FINISHED|Validation:SM_ACH_Order:a04UU00000HUbbe
21:49:34.38 (298479565)|CODE_UNIT_STARTED|[EXTERNAL]|Validation:SM_ACH_Order:a04UU00000HUbbi
21:49:34.38 (298498205)|CODE_UNIT_FINISHED|Validation:SM_ACH_Order:a04UU00000HUbbi
21:49:34.38 (298504975)|CODE_UNIT_STARTED|[EXTERNAL]|Validation:SM_ACH_Order:a04UU00000HUbbj
21:49:34.38 (298522955)|CODE_UNIT_FINISHED|Validation:SM_ACH_Order:a04UU00000HUbbj
21:49:34.38 (298529025)|CODE_UNIT_STARTED|[EXTERNAL]|Validation:SM_ACH_Order:a04UU00000HUbbk
21:49:34.38 (298546905)|CODE_UNIT_FINISHED|Validation:SM_ACH_Order:a04UU00000HUbbk
21:49:34.38 (298552935)|CODE_UNIT_STARTED|[EXTERNAL]|Validation:SM_ACH_Order:a04UU00000HUbbp
21:49:34.38 (298571005)|CODE_UNIT_FINISHED|Validation:SM_ACH_Order:a04UU00000HUbbp
21:49:34.38 (298576965)|CODE_UNIT_STARTED|[EXTERNAL]|Validation:SM_ACH_Order:a04UU00000HUdwc
21:49:34.38 (298595005)|CODE_UNIT_FINISHED|Validation:SM_ACH_Order:a04UU00000HUdwc
21:49:34.38 (298600975)|CODE_UNIT_STARTED|[EXTERNAL]|Validation:SM_ACH_Order:a04UU00000HUdwd
21:49:34.38 (298618985)|CODE_UNIT_FINISHED|Validation:SM_ACH_Order:a04UU00000HUdwd
21:49:34.38 (298624845)|CODE_UNIT_STARTED|[EXTERNAL]|Validation:SM_ACH_Order:a04UU00000HUoFQ
21:49:34.38 (298642885)|CODE_UNIT_FINISHED|Validation:SM_ACH_Order:a04UU00000HUoFQ
21:49:34.38 (298648825)|CODE_UNIT_STARTED|[EXTERNAL]|Validation:SM_ACH_Order:a04UU00000HUoFT
21:49:34.38 (298666785)|CODE_UNIT_FINISHED|Validation:SM_ACH_Order:a04UU00000HUoFT
21:49:34.38 (308622314)|CODE_UNIT_STARTED|[EXTERNAL]|01q1U000001iMYW|SM_ACHOrderTrigger on SM_ACH_Order trigger event AfterUpdate|__sfdc_trigger/SM_ACHOrderTrigger
21:49:34.316 (316577128)|CUMULATIVE_LIMIT_USAGE
21:49:34.316 (316577128)|LIMIT_USAGE_FOR_NS|(default)|
  Number of SOQL queries: 6 out of 100
  Number of query rows: 66 out of 50000
  Number of SOSL queries: 0 out of 20
  Number of DML statements: 4 out of 150
  Number of Publish Immediate DML: 0 out of 150
  Number of DML rows: 45 out of 10000
  Maximum CPU time: 107 out of 10000
  Maximum heap size: 0 out of 6000000
  Number of callouts: 0 out of 100
  Number of Email Invocations: 0 out of 10
  Number of future calls: 0 out of 50
  Number of queueable jobs added to the queue: 0 out of 50
  Number of Mobile Apex push calls: 0 out of 10

21:49:34.316 (316577128)|CUMULATIVE_LIMIT_USAGE_END

21:49:34.38 (316805529)|CODE_UNIT_FINISHED|SM_ACHOrderTrigger on SM_ACH_Order trigger event AfterUpdate|__sfdc_trigger/SM_ACHOrderTrigger
21:49:34.38 (317937283)|CODE_UNIT_STARTED|[EXTERNAL]|Workflow:01I1U000002p7m5
21:49:34.38 (317965423)|CODE_UNIT_FINISHED|Workflow:01I1U000002p7m5
21:49:34.38 (329362227)|USER_DEBUG|[295]|DEBUG|achOrdersById - sr: [{"id":"a04UU00000HUbbWYAT","success":true,"errors":[]},{"id":"a04UU00000HUbbXYAT","success":true,"errors":[]},{"id":"a04UU00000HUbbaYAD","success":true,"errors":[]},{"id":"a04UU00000HUbbeYAD","success":true,"errors":[]},{"id":"a04UU00000HUbbiYAD","success":true,"errors":[]},{"id":"a04UU00000HUbbjYAD","success":true,"errors":[]},{"id":"a04UU00000HUbbkYAD","success":true,"errors":[]},{"id":"a04UU00000HUdwcYAD","success":true,"errors":[]},{"id":"a04UU00000HUdwdYAD","success":true,"errors":[]},{"id":"a04UU00000HTDBZYA5","success":true,"errors":[]},{"id":"a04UU00000HUbbpYAD","success":true,"errors":[]},{"id":"a04UU00000HUoFQYA1","success":true,"errors":[]},{"id":"a04UU00000HUoFTYA1","success":true,"errors":[]},{"id":"a04UU00000HTnAEYA1","success":true,"errors":[]},{"id":"a04UU00000HTnASYA1","success":true,"errors":[]}]
21:49:34.372 (372765198)|CUMULATIVE_LIMIT_USAGE
21:49:34.372 (372765198)|LIMIT_USAGE_FOR_NS|(default)|
  Number of SOQL queries: 9 out of 100
  Number of query rows: 66 out of 50000
  Number of SOSL queries: 0 out of 20
  Number of DML statements: 4 out of 150
  Number of Publish Immediate DML: 0 out of 150
  Number of DML rows: 45 out of 10000
  Maximum CPU time: 107 out of 10000
  Maximum heap size: 0 out of 6000000
  Number of callouts: 0 out of 100
  Number of Email Invocations: 0 out of 10
  Number of future calls: 0 out of 50
  Number of queueable jobs added to the queue: 0 out of 50
  Number of Mobile Apex push calls: 0 out of 10

21:49:34.372 (372765198)|CUMULATIVE_LIMIT_USAGE_END

21:49:34.38 (373054079)|CODE_UNIT_FINISHED|SM_PaymentTrigger on SM_Payment trigger event AfterUpdate|__sfdc_trigger/SM_PaymentTrigger
21:49:34.38 (373542630)|CODE_UNIT_STARTED|[EXTERNAL]|01q1U000001iMYY|SM_PaymentTGR on SM_Payment trigger event AfterUpdate|__sfdc_trigger/SM_PaymentTGR
21:49:34.375 (375575216)|CUMULATIVE_LIMIT_USAGE
21:49:34.375 (375575216)|LIMIT_USAGE_FOR_NS|(default)|
  Number of SOQL queries: 9 out of 100
  Number of query rows: 67 out of 50000
  Number of SOSL queries: 0 out of 20
  Number of DML statements: 4 out of 150
  Number of Publish Immediate DML: 0 out of 150
  Number of DML rows: 45 out of 10000
  Maximum CPU time: 107 out of 10000
  Maximum heap size: 0 out of 6000000
  Number of callouts: 0 out of 100
  Number of Email Invocations: 0 out of 10
  Number of future calls: 0 out of 50
  Number of queueable jobs added to the queue: 0 out of 50
  Number of Mobile Apex push calls: 0 out of 10

21:49:34.375 (375575216)|CUMULATIVE_LIMIT_USAGE_END

21:49:34.38 (375792287)|CODE_UNIT_FINISHED|SM_PaymentTGR on SM_Payment trigger event AfterUpdate|__sfdc_trigger/SM_PaymentTGR
21:49:34.38 (377137911)|CODE_UNIT_STARTED|[EXTERNAL]|01qUU0000081AtZ|SM_ACPaymentActivationTrigger on SM_Payment trigger event AfterUpdate|__sfdc_trigger/SM_ACPaymentActivationTrigger
21:49:34.381 (381931195)|CUMULATIVE_LIMIT_USAGE
21:49:34.381 (381931195)|LIMIT_USAGE_FOR_NS|(default)|
  Number of SOQL queries: 9 out of 100
  Number of query rows: 68 out of 50000
  Number of SOSL queries: 0 out of 20
  Number of DML statements: 4 out of 150
  Number of Publish Immediate DML: 0 out of 150
  Number of DML rows: 45 out of 10000
  Maximum CPU time: 107 out of 10000
  Maximum heap size: 0 out of 6000000
  Number of callouts: 0 out of 100
  Number of Email Invocations: 0 out of 10
  Number of future calls: 0 out of 50
  Number of queueable jobs added to the queue: 0 out of 50
  Number of Mobile Apex push calls: 0 out of 10

21:49:34.381 (381931195)|CUMULATIVE_LIMIT_USAGE_END

21:49:34.38 (382114075)|CODE_UNIT_FINISHED|SM_ACPaymentActivationTrigger on SM_Payment trigger event AfterUpdate|__sfdc_trigger/SM_ACPaymentActivationTrigger
21:49:34.38 (383595460)|CODE_UNIT_STARTED|[EXTERNAL]|01qUU0000081Z5Z|SM_LateFeeReconciliationTrigger on SM_Payment trigger event AfterUpdate|__sfdc_trigger/SM_LateFeeReconciliationTrigger
21:49:34.396 (396682249)|CUMULATIVE_LIMIT_USAGE
21:49:34.396 (396682249)|LIMIT_USAGE_FOR_NS|(default)|
  Number of SOQL queries: 10 out of 100
  Number of query rows: 69 out of 50000
  Number of SOSL queries: 0 out of 20
  Number of DML statements: 4 out of 150
  Number of Publish Immediate DML: 0 out of 150
  Number of DML rows: 45 out of 10000
  Maximum CPU time: 107 out of 10000
  Maximum heap size: 0 out of 6000000
  Number of callouts: 0 out of 100
  Number of Email Invocations: 0 out of 10
  Number of future calls: 0 out of 50
  Number of queueable jobs added to the queue: 0 out of 50
  Number of Mobile Apex push calls: 0 out of 10

21:49:34.396 (396682249)|CUMULATIVE_LIMIT_USAGE_END

21:49:34.38 (396878389)|CODE_UNIT_FINISHED|SM_LateFeeReconciliationTrigger on SM_Payment trigger event AfterUpdate|__sfdc_trigger/SM_LateFeeReconciliationTrigger
21:49:34.38 (399148826)|CODE_UNIT_STARTED|[EXTERNAL]|Workflow:01I1U000002p7mA
21:49:34.38 (410177709)|CODE_UNIT_FINISHED|Workflow:01I1U000002p7mA
21:49:34.38 (410926121)|CODE_UNIT_STARTED|[EXTERNAL]|Flow:01I1U000002p7mA
21:49:34.473 (473195918)|CODE_UNIT_STARTED|[EXTERNAL]|Flow:Contract
21:49:34.473 (494768933)|CODE_UNIT_FINISHED|Flow:Contract
21:49:34.499 (499101376)|CODE_UNIT_STARTED|[EXTERNAL]|01q1U000001e9g3|SM_ContractTrigger on Contract trigger event BeforeUpdate|__sfdc_trigger/SM_ContractTrigger
21:49:34.503 (503261728)|CUMULATIVE_LIMIT_USAGE
21:49:34.503 (503261728)|LIMIT_USAGE_FOR_NS|(default)|
  Number of SOQL queries: 12 out of 100
  Number of query rows: 86 out of 50000
  Number of SOSL queries: 0 out of 20
  Number of DML statements: 5 out of 150
  Number of Publish Immediate DML: 0 out of 150
  Number of DML rows: 60 out of 10000
  Maximum CPU time: 194 out of 10000
  Maximum heap size: 0 out of 6000000
  Number of callouts: 0 out of 100
  Number of Email Invocations: 0 out of 10
  Number of future calls: 0 out of 50
  Number of queueable jobs added to the queue: 0 out of 50
  Number of Mobile Apex push calls: 0 out of 10

21:49:34.503 (503261728)|CUMULATIVE_LIMIT_USAGE_END

21:49:34.499 (503511449)|CODE_UNIT_FINISHED|SM_ContractTrigger on Contract trigger event BeforeUpdate|__sfdc_trigger/SM_ContractTrigger
21:49:34.504 (504570542)|CODE_UNIT_STARTED|[EXTERNAL]|01qUU000006wHpq|dlrs_ContractTrigger on Contract trigger event BeforeUpdate|__sfdc_trigger/dlrs_ContractTrigger
21:49:34.506 (506288807)|CUMULATIVE_LIMIT_USAGE
21:49:34.506 (506288807)|LIMIT_USAGE_FOR_NS|(default)|
  Number of SOQL queries: 12 out of 100
  Number of query rows: 86 out of 50000
  Number of SOSL queries: 0 out of 20
  Number of DML statements: 5 out of 150
  Number of Publish Immediate DML: 0 out of 150
  Number of DML rows: 60 out of 10000
  Maximum CPU time: 194 out of 10000
  Maximum heap size: 0 out of 6000000
  Number of callouts: 0 out of 100
  Number of Email Invocations: 0 out of 10
  Number of future calls: 0 out of 50
  Number of queueable jobs added to the queue: 0 out of 50
  Number of Mobile Apex push calls: 0 out of 10

21:49:34.506 (506288807)|CUMULATIVE_LIMIT_USAGE_END

21:49:34.504 (506373388)|CODE_UNIT_FINISHED|dlrs_ContractTrigger on Contract trigger event BeforeUpdate|__sfdc_trigger/dlrs_ContractTrigger
21:49:34.546 (546656499)|CODE_UNIT_STARTED|[EXTERNAL]|Validation:Contract:800UU00000ju54j
21:49:34.546 (550284830)|CODE_UNIT_FINISHED|Validation:Contract:800UU00000ju54j
21:49:34.550 (550337680)|CODE_UNIT_STARTED|[EXTERNAL]|Validation:Contract:800UU00000kDydP
21:49:34.550 (550539180)|CODE_UNIT_FINISHED|Validation:Contract:800UU00000kDydP
21:49:34.550 (550564250)|CODE_UNIT_STARTED|[EXTERNAL]|Validation:Contract:800UU00000kERIp
21:49:34.550 (550689391)|CODE_UNIT_FINISHED|Validation:Contract:800UU00000kERIp
21:49:34.550 (550706181)|CODE_UNIT_STARTED|[EXTERNAL]|Validation:Contract:800UU00000kH7U1
21:49:34.550 (550814561)|CODE_UNIT_FINISHED|Validation:Contract:800UU00000kH7U1
21:49:34.550 (550829981)|CODE_UNIT_STARTED|[EXTERNAL]|Validation:Contract:800UU00000kKb2d
21:49:34.550 (550934682)|CODE_UNIT_FINISHED|Validation:Contract:800UU00000kKb2d
21:49:34.550 (550949422)|CODE_UNIT_STARTED|[EXTERNAL]|Validation:Contract:800UU00000kKm9K
21:49:34.550 (551053012)|CODE_UNIT_FINISHED|Validation:Contract:800UU00000kKm9K
21:49:34.551 (551067142)|CODE_UNIT_STARTED|[EXTERNAL]|Validation:Contract:800UU00000kKtkG
21:49:34.551 (551169522)|CODE_UNIT_FINISHED|Validation:Contract:800UU00000kKtkG
21:49:34.551 (551183582)|CODE_UNIT_STARTED|[EXTERNAL]|Validation:Contract:800UU00000kVYcS
21:49:34.551 (551283373)|CODE_UNIT_FINISHED|Validation:Contract:800UU00000kVYcS
21:49:34.551 (551297003)|CODE_UNIT_STARTED|[EXTERNAL]|Validation:Contract:800UU00000ka3Xx
21:49:34.551 (551398313)|CODE_UNIT_FINISHED|Validation:Contract:800UU00000ka3Xx
21:49:34.551 (551412043)|CODE_UNIT_STARTED|[EXTERNAL]|Validation:Contract:800UU00000kbujz
21:49:34.551 (551511853)|CODE_UNIT_FINISHED|Validation:Contract:800UU00000kbujz
21:49:34.551 (551524693)|CODE_UNIT_STARTED|[EXTERNAL]|Validation:Contract:800UU00000kciX5
21:49:34.551 (551625784)|CODE_UNIT_FINISHED|Validation:Contract:800UU00000kciX5
21:49:34.551 (551638354)|CODE_UNIT_STARTED|[EXTERNAL]|Validation:Contract:800UU00000kfEiy
21:49:34.551 (551738834)|CODE_UNIT_FINISHED|Validation:Contract:800UU00000kfEiy
21:49:34.551 (551752664)|CODE_UNIT_STARTED|[EXTERNAL]|Validation:Contract:800UU00000kgRMb
21:49:34.551 (551925875)|CODE_UNIT_FINISHED|Validation:Contract:800UU00000kgRMb
21:49:34.551 (551941735)|CODE_UNIT_STARTED|[EXTERNAL]|Validation:Contract:800UU00000kkbyE
21:49:34.551 (552045265)|CODE_UNIT_FINISHED|Validation:Contract:800UU00000kkbyE
21:49:34.552 (552077695)|CODE_UNIT_STARTED|[EXTERNAL]|Validation:Contract:800UU00000km2Ji
21:49:34.552 (552181885)|CODE_UNIT_FINISHED|Validation:Contract:800UU00000km2Ji
21:49:34.575 (575526925)|CODE_UNIT_STARTED|[EXTERNAL]|01q1U000001e9g3|SM_ContractTrigger on Contract trigger event AfterUpdate|__sfdc_trigger/SM_ContractTrigger
21:49:34.577 (577998652)|CUMULATIVE_LIMIT_USAGE
21:49:34.577 (577998652)|LIMIT_USAGE_FOR_NS|(default)|
  Number of SOQL queries: 12 out of 100
  Number of query rows: 87 out of 50000
  Number of SOSL queries: 0 out of 20
  Number of DML statements: 5 out of 150
  Number of Publish Immediate DML: 0 out of 150
  Number of DML rows: 60 out of 10000
  Maximum CPU time: 194 out of 10000
  Maximum heap size: 0 out of 6000000
  Number of callouts: 0 out of 100
  Number of Email Invocations: 0 out of 10
  Number of future calls: 0 out of 50
  Number of queueable jobs added to the queue: 0 out of 50
  Number of Mobile Apex push calls: 0 out of 10

21:49:34.577 (577998652)|CUMULATIVE_LIMIT_USAGE_END

21:49:34.575 (578192073)|CODE_UNIT_FINISHED|SM_ContractTrigger on Contract trigger event AfterUpdate|__sfdc_trigger/SM_ContractTrigger
21:49:34.578 (578509694)|CODE_UNIT_STARTED|[EXTERNAL]|01qUU000006wHpq|dlrs_ContractTrigger on Contract trigger event AfterUpdate|__sfdc_trigger/dlrs_ContractTrigger
21:49:34.759 (759982868)|CUMULATIVE_LIMIT_USAGE
21:49:34.759 (759982868)|LIMIT_USAGE_FOR_NS|(default)|
  Number of SOQL queries: 12 out of 100
  Number of query rows: 87 out of 50000
  Number of SOSL queries: 0 out of 20
  Number of DML statements: 5 out of 150
  Number of Publish Immediate DML: 0 out of 150
  Number of DML rows: 60 out of 10000
  Maximum CPU time: 344 out of 10000
  Maximum heap size: 0 out of 6000000
  Number of callouts: 0 out of 100
  Number of Email Invocations: 0 out of 10
  Number of future calls: 0 out of 50
  Number of queueable jobs added to the queue: 0 out of 50
  Number of Mobile Apex push calls: 0 out of 10

21:49:34.759 (759982868)|LIMIT_USAGE_FOR_NS|dlrs|
  Number of SOQL queries: 4 out of 100
  Number of query rows: 31 out of 50000
  Number of SOSL queries: 0 out of 20
  Number of DML statements: 0 out of 150
  Number of Publish Immediate DML: 0 out of 150
  Number of DML rows: 0 out of 10000
  Maximum CPU time: 0 out of 10000
  Maximum heap size: 0 out of 6000000
  Number of callouts: 0 out of 100
  Number of Email Invocations: 0 out of 10
  Number of future calls: 0 out of 50
  Number of queueable jobs added to the queue: 0 out of 50
  Number of Mobile Apex push calls: 0 out of 10

21:49:34.759 (759982868)|CUMULATIVE_LIMIT_USAGE_END

21:49:34.578 (760209108)|CODE_UNIT_FINISHED|dlrs_ContractTrigger on Contract trigger event AfterUpdate|__sfdc_trigger/dlrs_ContractTrigger
21:49:34.761 (761538092)|CODE_UNIT_STARTED|[EXTERNAL]|Workflow:Contract
21:49:34.761 (927355909)|CODE_UNIT_FINISHED|Workflow:Contract
21:49:34.927 (927528499)|CODE_UNIT_STARTED|[EXTERNAL]|Flow:Contract
21:49:34.973 (973527228)|CODE_UNIT_STARTED|[EXTERNAL]|01q1U000001iMYW|SM_ACHOrderTrigger on SM_ACH_Order trigger event BeforeInsert|__sfdc_trigger/SM_ACHOrderTrigger
21:49:34.973 (996510287)|USER_DEBUG|[23]|DEBUG|Executing disableValidationRules: SM_Bypasser__c:{Id=a201U000000sM7PQAU, IsDeleted=false, Name=Bypasser (Profile), SetupOwnerId=00e1U000001XfCgQAK, CreatedDate=2021-04-21 02:07:03, CreatedById=0051U0000089GwCQAU, LastModifiedDate=2026-09-16 19:37:01, LastModifiedById=0051U000007bbx5QAA, SystemModstamp=2026-09-16 19:37:01, SM_Disable_Validation_Rules__c=false}
21:49:34.973 (1046243956)|CODE_UNIT_STARTED|[EXTERNAL]|01q1U000001e9g3|SM_ContractTrigger on Contract trigger event BeforeUpdate|__sfdc_trigger/SM_ContractTrigger
21:49:35.49 (1049638136)|CUMULATIVE_LIMIT_USAGE
21:49:35.49 (1049638136)|LIMIT_USAGE_FOR_NS|(default)|
  Number of SOQL queries: 16 out of 100
  Number of query rows: 164 out of 50000
  Number of SOSL queries: 0 out of 20
  Number of DML statements: 8 out of 150
  Number of Publish Immediate DML: 0 out of 150
  Number of DML rows: 91 out of 10000
  Maximum CPU time: 505 out of 10000
  Maximum heap size: 0 out of 6000000
  Number of callouts: 0 out of 100
  Number of Email Invocations: 0 out of 10
  Number of future calls: 0 out of 50
  Number of queueable jobs added to the queue: 0 out of 50
  Number of Mobile Apex push calls: 0 out of 10

21:49:35.49 (1049638136)|LIMIT_USAGE_FOR_NS|dlrs|
  Number of SOQL queries: 4 out of 100
  Number of query rows: 31 out of 50000
  Number of SOSL queries: 0 out of 20
  Number of DML statements: 0 out of 150
  Number of Publish Immediate DML: 0 out of 150
  Number of DML rows: 0 out of 10000
  Maximum CPU time: 0 out of 10000
  Maximum heap size: 0 out of 6000000
  Number of callouts: 0 out of 100
  Number of Email Invocations: 0 out of 10
  Number of future calls: 0 out of 50
  Number of queueable jobs added to the queue: 0 out of 50
  Number of Mobile Apex push calls: 0 out of 10

21:49:35.49 (1049638136)|CUMULATIVE_LIMIT_USAGE_END

21:49:34.973 (1049913927)|CODE_UNIT_FINISHED|SM_ContractTrigger on Contract trigger event BeforeUpdate|__sfdc_trigger/SM_ContractTrigger
21:49:34.973 (1050394648)|CODE_UNIT_STARTED|[EXTERNAL]|01qUU000006wHpq|dlrs_ContractTrigger on Contract trigger event BeforeUpdate|__sfdc_trigger/dlrs_ContractTrigger
21:49:35.51 (1051391601)|CUMULATIVE_LIMIT_USAGE
21:49:35.51 (1051391601)|LIMIT_USAGE_FOR_NS|(default)|
  Number of SOQL queries: 16 out of 100
  Number of query rows: 164 out of 50000
  Number of SOSL queries: 0 out of 20
  Number of DML statements: 8 out of 150
  Number of Publish Immediate DML: 0 out of 150
  Number of DML rows: 91 out of 10000
  Maximum CPU time: 505 out of 10000
  Maximum heap size: 0 out of 6000000
  Number of callouts: 0 out of 100
  Number of Email Invocations: 0 out of 10
  Number of future calls: 0 out of 50
  Number of queueable jobs added to the queue: 0 out of 50
  Number of Mobile Apex push calls: 0 out of 10

21:49:35.51 (1051391601)|LIMIT_USAGE_FOR_NS|dlrs|
  Number of SOQL queries: 4 out of 100
  Number of query rows: 31 out of 50000
  Number of SOSL queries: 0 out of 20
  Number of DML statements: 0 out of 150
  Number of Publish Immediate DML: 0 out of 150
  Number of DML rows: 0 out of 10000
  Maximum CPU time: 0 out of 10000
  Maximum heap size: 0 out of 6000000
  Number of callouts: 0 out of 100
  Number of Email Invocations: 0 out of 10
  Number of future calls: 0 out of 50
  Number of queueable jobs added to the queue: 0 out of 50
  Number of Mobile Apex push calls: 0 out of 10

21:49:35.51 (1051391601)|CUMULATIVE_LIMIT_USAGE_END

21:49:34.973 (1051528842)|CODE_UNIT_FINISHED|dlrs_ContractTrigger on Contract trigger event BeforeUpdate|__sfdc_trigger/dlrs_ContractTrigger
21:49:34.973 (1056001405)|CODE_UNIT_STARTED|[EXTERNAL]|Validation:Contract:800UU00000ju54j
21:49:34.973 (1059531466)|CODE_UNIT_FINISHED|Validation:Contract:800UU00000ju54j
21:49:34.973 (1059561966)|CODE_UNIT_STARTED|[EXTERNAL]|Validation:Contract:800UU00000kDydP
21:49:34.973 (1059718826)|CODE_UNIT_FINISHED|Validation:Contract:800UU00000kDydP
21:49:34.973 (1059733527)|CODE_UNIT_STARTED|[EXTERNAL]|Validation:Contract:800UU00000kERIp
21:49:34.973 (1059841367)|CODE_UNIT_FINISHED|Validation:Contract:800UU00000kERIp
21:49:34.973 (1059851247)|CODE_UNIT_STARTED|[EXTERNAL]|Validation:Contract:800UU00000kH7U1
21:49:34.973 (1059948327)|CODE_UNIT_FINISHED|Validation:Contract:800UU00000kH7U1
21:49:34.973 (1059956977)|CODE_UNIT_STARTED|[EXTERNAL]|Validation:Contract:800UU00000kKb2d
21:49:34.973 (1060051718)|CODE_UNIT_FINISHED|Validation:Contract:800UU00000kKb2d
21:49:34.973 (1060060698)|CODE_UNIT_STARTED|[EXTERNAL]|Validation:Contract:800UU00000kKm9K
21:49:34.973 (1060154128)|CODE_UNIT_FINISHED|Validation:Contract:800UU00000kKm9K
21:49:34.973 (1060162598)|CODE_UNIT_STARTED|[EXTERNAL]|Validation:Contract:800UU00000kKtkG
21:49:34.973 (1060255338)|CODE_UNIT_FINISHED|Validation:Contract:800UU00000kKtkG
21:49:34.973 (1060264368)|CODE_UNIT_STARTED|[EXTERNAL]|Validation:Contract:800UU00000kVYcS
21:49:34.973 (1060355278)|CODE_UNIT_FINISHED|Validation:Contract:800UU00000kVYcS
21:49:34.973 (1060363378)|CODE_UNIT_STARTED|[EXTERNAL]|Validation:Contract:800UU00000ka3Xx
21:49:34.973 (1060454109)|CODE_UNIT_FINISHED|Validation:Contract:800UU00000ka3Xx
21:49:34.973 (1060464179)|CODE_UNIT_STARTED|[EXTERNAL]|Validation:Contract:800UU00000kbujz
21:49:34.973 (1060553659)|CODE_UNIT_FINISHED|Validation:Contract:800UU00000kbujz
21:49:34.973 (1060562329)|CODE_UNIT_STARTED|[EXTERNAL]|Validation:Contract:800UU00000kciX5
21:49:34.973 (1060652719)|CODE_UNIT_FINISHED|Validation:Contract:800UU00000kciX5
21:49:34.973 (1060660839)|CODE_UNIT_STARTED|[EXTERNAL]|Validation:Contract:800UU00000kfEiy
21:49:34.973 (1060753760)|CODE_UNIT_FINISHED|Validation:Contract:800UU00000kfEiy
21:49:34.973 (1060763040)|CODE_UNIT_STARTED|[EXTERNAL]|Validation:Contract:800UU00000kgRMb
21:49:34.973 (1060854620)|CODE_UNIT_FINISHED|Validation:Contract:800UU00000kgRMb
21:49:34.973 (1060863530)|CODE_UNIT_STARTED|[EXTERNAL]|Validation:Contract:800UU00000kkbyE
21:49:34.973 (1060957560)|CODE_UNIT_FINISHED|Validation:Contract:800UU00000kkbyE
21:49:34.973 (1060966440)|CODE_UNIT_STARTED|[EXTERNAL]|Validation:Contract:800UU00000km2Ji
21:49:34.973 (1061058531)|CODE_UNIT_FINISHED|Validation:Contract:800UU00000km2Ji
21:49:34.973 (1079912706)|CODE_UNIT_STARTED|[EXTERNAL]|01q1U000001e9g3|SM_ContractTrigger on Contract trigger event AfterUpdate|__sfdc_trigger/SM_ContractTrigger
21:49:35.82 (1082302624)|CUMULATIVE_LIMIT_USAGE
21:49:35.82 (1082302624)|LIMIT_USAGE_FOR_NS|(default)|
  Number of SOQL queries: 16 out of 100
  Number of query rows: 165 out of 50000
  Number of SOSL queries: 0 out of 20
  Number of DML statements: 8 out of 150
  Number of Publish Immediate DML: 0 out of 150
  Number of DML rows: 91 out of 10000
  Maximum CPU time: 505 out of 10000
  Maximum heap size: 0 out of 6000000
  Number of callouts: 0 out of 100
  Number of Email Invocations: 0 out of 10
  Number of future calls: 0 out of 50
  Number of queueable jobs added to the queue: 0 out of 50
  Number of Mobile Apex push calls: 0 out of 10

21:49:35.82 (1082302624)|LIMIT_USAGE_FOR_NS|dlrs|
  Number of SOQL queries: 4 out of 100
  Number of query rows: 31 out of 50000
  Number of SOSL queries: 0 out of 20
  Number of DML statements: 0 out of 150
  Number of Publish Immediate DML: 0 out of 150
  Number of DML rows: 0 out of 10000
  Maximum CPU time: 0 out of 10000
  Maximum heap size: 0 out of 6000000
  Number of callouts: 0 out of 100
  Number of Email Invocations: 0 out of 10
  Number of future calls: 0 out of 50
  Number of queueable jobs added to the queue: 0 out of 50
  Number of Mobile Apex push calls: 0 out of 10

21:49:35.82 (1082302624)|CUMULATIVE_LIMIT_USAGE_END

21:49:34.973 (1082529464)|CODE_UNIT_FINISHED|SM_ContractTrigger on Contract trigger event AfterUpdate|__sfdc_trigger/SM_ContractTrigger
21:49:34.973 (1082962526)|CODE_UNIT_STARTED|[EXTERNAL]|01qUU000006wHpq|dlrs_ContractTrigger on Contract trigger event AfterUpdate|__sfdc_trigger/dlrs_ContractTrigger
21:49:35.89 (1089171354)|CUMULATIVE_LIMIT_USAGE
21:49:35.89 (1089171354)|LIMIT_USAGE_FOR_NS|(default)|
  Number of SOQL queries: 16 out of 100
  Number of query rows: 165 out of 50000
  Number of SOSL queries: 0 out of 20
  Number of DML statements: 8 out of 150
  Number of Publish Immediate DML: 0 out of 150
  Number of DML rows: 91 out of 10000
  Maximum CPU time: 505 out of 10000
  Maximum heap size: 0 out of 6000000
  Number of callouts: 0 out of 100
  Number of Email Invocations: 0 out of 10
  Number of future calls: 0 out of 50
  Number of queueable jobs added to the queue: 0 out of 50
  Number of Mobile Apex push calls: 0 out of 10

21:49:35.89 (1089171354)|LIMIT_USAGE_FOR_NS|dlrs|
  Number of SOQL queries: 4 out of 100
  Number of query rows: 31 out of 50000
  Number of SOSL queries: 0 out of 20
  Number of DML statements: 0 out of 150
  Number of Publish Immediate DML: 0 out of 150
  Number of DML rows: 0 out of 10000
  Maximum CPU time: 0 out of 10000
  Maximum heap size: 0 out of 6000000
  Number of callouts: 0 out of 100
  Number of Email Invocations: 0 out of 10
  Number of future calls: 0 out of 50
  Number of queueable jobs added to the queue: 0 out of 50
  Number of Mobile Apex push calls: 0 out of 10

21:49:35.89 (1089171354)|CUMULATIVE_LIMIT_USAGE_END

21:49:34.973 (1089334655)|CODE_UNIT_FINISHED|dlrs_ContractTrigger on Contract trigger event AfterUpdate|__sfdc_trigger/dlrs_ContractTrigger
21:49:34.973 (1090969740)|USER_DEBUG|[32]|DEBUG|Executing enableValidationRules: SM_Bypasser__c:{Id=a201U000000sM7PQAU, IsDeleted=false, Name=Bypasser (Profile), SetupOwnerId=00e1U000001XfCgQAK, CreatedDate=2021-04-21 02:07:03, CreatedById=0051U0000089GwCQAU, LastModifiedDate=2026-09-16 19:49:35, LastModifiedById=0051U000007bbx5QAA, SystemModstamp=2026-09-16 19:49:35, SM_Disable_Validation_Rules__c=true}
21:49:34.973 (1100055538)|USER_DEBUG|[510]|DEBUG|rs: [{"id":"800UU00000ju54jYAA","success":true,"errors":[]},{"id":"800UU00000kDydPYAS","success":true,"errors":[]},{"id":"800UU00000kERIpYAO","success":true,"errors":[]},{"id":"800UU00000kH7U1YAK","success":true,"errors":[]},{"id":"800UU00000kKb2dYAC","success":true,"errors":[]},{"id":"800UU00000kKm9KYAS","success":true,"errors":[]},{"id":"800UU00000kKtkGYAS","success":true,"errors":[]},{"id":"800UU00000kVYcSYAW","success":true,"errors":[]},{"id":"800UU00000ka3XxYAI","success":true,"errors":[]},{"id":"800UU00000kbujzYAA","success":true,"errors":[]},{"id":"800UU00000kciX5YAI","success":true,"errors":[]},{"id":"800UU00000kfEiyYAE","success":true,"errors":[]},{"id":"800UU00000kgRMbYAM","success":true,"errors":[]},{"id":"800UU00000kkbyEYAQ","success":true,"errors":[]},{"id":"800UU00000km2JiYAI","success":true,"errors":[]}]
21:49:34.973 (1108706114)|FATAL_ERROR|System.NullPointerException: Attempt to de-reference a null object

Class.SM_ACHOrderHandler.insertNextScheduledPaymentDate: line 588, column 1
Class.SM_ACHOrderHandler.beforeInsert: line 22, column 1
Class.SM_TriggerHandler.run: line 61, column 1
Trigger.SM_ACHOrderTrigger: line 14, column 1
21:49:34.973 (1108721624)|FATAL_ERROR|System.NullPointerException: Attempt to de-reference a null object

Class.SM_ACHOrderHandler.insertNextScheduledPaymentDate: line 588, column 1
Class.SM_ACHOrderHandler.beforeInsert: line 22, column 1
Class.SM_TriggerHandler.run: line 61, column 1
Trigger.SM_ACHOrderTrigger: line 14, column 1
21:49:35.108 (1108753554)|CUMULATIVE_LIMIT_USAGE
21:49:35.108 (1108753554)|LIMIT_USAGE_FOR_NS|(default)|
  Number of SOQL queries: 17 out of 100
  Number of query rows: 166 out of 50000
  Number of SOSL queries: 0 out of 20
  Number of DML statements: 9 out of 150
  Number of Publish Immediate DML: 0 out of 150
  Number of DML rows: 92 out of 10000
  Maximum CPU time: 505 out of 10000
  Maximum heap size: 0 out of 6000000
  Number of callouts: 0 out of 100
  Number of Email Invocations: 0 out of 10
  Number of future calls: 0 out of 50
  Number of queueable jobs added to the queue: 0 out of 50
  Number of Mobile Apex push calls: 0 out of 10

21:49:35.108 (1108753554)|LIMIT_USAGE_FOR_NS|dlrs|
  Number of SOQL queries: 4 out of 100
  Number of query rows: 31 out of 50000
  Number of SOSL queries: 0 out of 20
  Number of DML statements: 0 out of 150
  Number of Publish Immediate DML: 0 out of 150
  Number of DML rows: 0 out of 10000
  Maximum CPU time: 0 out of 10000
  Maximum heap size: 0 out of 6000000
  Number of callouts: 0 out of 100
  Number of Email Invocations: 0 out of 10
  Number of future calls: 0 out of 50
  Number of queueable jobs added to the queue: 0 out of 50
  Number of Mobile Apex push calls: 0 out of 10

21:49:35.108 (1108753554)|CUMULATIVE_LIMIT_USAGE_END

21:49:34.973 (1108912794)|CODE_UNIT_FINISHED|SM_ACHOrderTrigger on SM_ACH_Order trigger event BeforeInsert|__sfdc_trigger/SM_ACHOrderTrigger
21:49:34.927 (1379254804)|CODE_UNIT_FINISHED|Flow:Contract
21:49:35.550 (1550883278)|CODE_UNIT_FINISHED|Flow:01I1U000002p7mA
21:49:35.550 (1555888833)|EXCEPTION_THROWN|[21]|System.DmlException: Update failed. First exception on row 0 with id a24UU000005EtlSYAS; first error: CANNOT_EXECUTE_FLOW_TRIGGER, We can't save this record because the “PAYMENT: Accumulate AC On Contract” process failed. Give your Salesforce admin these details. The flow tried to update these records: 800UU00000kbujzYAA. This error occurred: CANNOT_EXECUTE_FLOW_TRIGGER: We can't save this record because the “CONTRACT: 10 - After Save Orchestrator” process failed. Give your Salesforce admin these details. This error occurred when the flow tried to create records: CANNOT_INSERT_UPDATE_ACTIVATE_ENTITY: SM_ACHOrderTrigger: execution of BeforeInsert

caused by: System.NullPointerException: Attempt to de-reference a null object

Class.SM_ACHOrderHandler.insertNextScheduledPaymentDate: line 588, column 1
Class.SM_ACHOrderHandler.beforeInsert: line 22, column 1
Class.SM_TriggerHandler.run: line 61, column 1
Trigger.SM_ACHOrderTrigger: line 14, column 1. You can look up ExceptionCode values in the <a href='https://developer.salesforce.com/docs/atlas.en-us.api.meta/api/sforce_api_calls_concepts_core_data_objects.htm#'>SOAP API Developer Guide</a>. Erro...epts_core_data_objects.htm#'>SOAP API Developer Guide</a>. Error ID: 1809853682-722999 (1990651671): []
21:49:35.550 (1557024837)|USER_DEBUG|[24]|DEBUG|TIPO: System.DmlException
21:49:35.550 (1557094297)|USER_DEBUG|[25]|DEBUG|MENSAJE: Update failed. First exception on row 0 with id a24UU000005EtlSYAS; first error: CANNOT_EXECUTE_FLOW_TRIGGER, We can't save this record because the “PAYMENT: Accumulate AC On Contract” process failed. Give your Salesforce admin these details. The flow tried to update these records: 800UU00000kbujzYAA. This error occurred: CANNOT_EXECUTE_FLOW_TRIGGER: We can't save this record because the “CONTRACT: 10 - After Save Orchestrator” process failed. Give your Salesforce admin these details. This error occurred when the flow tried to create records: CANNOT_INSERT_UPDATE_ACTIVATE_ENTITY: SM_ACHOrderTrigger: execution of BeforeInsert

caused by: System.NullPointerException: Attempt to de-reference a null object

Class.SM_ACHOrderHandler.insertNextScheduledPaymentDate: line 588, column 1
Class.SM_ACHOrderHandler.beforeInsert: line 22, column 1
Class.SM_TriggerHandler.run: line 61, column 1
Trigger.SM_ACHOrderTrigger: line 14, column 1. You can look up ExceptionCode values in the <a href='https://developer.salesforce.com/docs/atlas.en-us.api.meta/api/sforce_api_calls_concepts_core_data_objects.htm#'>SOAP API Developer Guide</a>. Erro...epts_core_data_objects.htm#'>SOAP API Developer Guide</a>. Error ID: 1809853682-722999 (1990651671): []
21:49:35.550 (1557121047)|USER_DEBUG|[26]|DEBUG|STACK TRACE: AnonymousBlock: line 21, column 1
21:49:35.557 (1557683409)|CUMULATIVE_LIMIT_USAGE
21:49:35.557 (1557683409)|LIMIT_USAGE_FOR_NS|(default)|
  Number of SOQL queries: 0 out of 100
  Number of query rows: 0 out of 50000
  Number of SOSL queries: 0 out of 20
  Number of DML statements: 3 out of 150
  Number of Publish Immediate DML: 0 out of 150
  Number of DML rows: 15 out of 10000
  Maximum CPU time: 0 out of 10000
  Maximum heap size: 0 out of 6000000
  Number of callouts: 0 out of 100
  Number of Email Invocations: 0 out of 10
  Number of future calls: 0 out of 50
  Number of queueable jobs added to the queue: 0 out of 50
  Number of Mobile Apex push calls: 0 out of 10

21:49:35.557 (1557683409)|CUMULATIVE_LIMIT_USAGE_END

21:49:35.550 (1557766919)|CODE_UNIT_FINISHED|execute_anonymous_apex
21:49:35.550 (1557775169)|EXECUTION_FINISHED

