 »   Warning: @salesforce/cli update available from 2.149.9 to 2.150.6.
Compiled successfully.
Executed successfully.

67.0 APEX_CODE,DEBUG;APEX_PROFILING,INFO
Execute Anonymous: DateTime since = DateTime.now().addHours(-24);
Execute Anonymous: List<Contract> recentContracts = [
Execute Anonymous:     SELECT Id, ContractNumber FROM Contract
Execute Anonymous:     WHERE SM_Payment_methods__c = 'ACH' AND Status IN ('Payment Process', 'Activated')
Execute Anonymous:       AND CreatedDate >= :since
Execute Anonymous: ];
Execute Anonymous: System.debug('Contratos ACH CREADOS en las ultimas 24h: ' + recentContracts.size());
Execute Anonymous: for (Contract c : recentContracts) {
Execute Anonymous:     System.debug('  - ' + c.ContractNumber);
Execute Anonymous: }
18:08:27.42 (42101143)|USER_INFO|[EXTERNAL]|0051U000007bbx5|clopez@legal-credit.com|(GMT+02:00) Central European Summer Time (Europe/Madrid)|GMT+02:00
18:08:27.42 (42119814)|EXECUTION_STARTED
18:08:27.42 (42127054)|CODE_UNIT_STARTED|[EXTERNAL]|execute_anonymous_apex
18:08:27.42 (70738119)|USER_DEBUG|[7]|DEBUG|Contratos ACH CREADOS en las ultimas 24h: 4
18:08:27.42 (71012170)|USER_DEBUG|[9]|DEBUG|  - 00318635
18:08:27.42 (71072151)|USER_DEBUG|[9]|DEBUG|  - 00318636
18:08:27.42 (71086171)|USER_DEBUG|[9]|DEBUG|  - 00318638
18:08:27.42 (71097671)|USER_DEBUG|[9]|DEBUG|  - 00318639
18:08:27.71 (71176711)|CUMULATIVE_LIMIT_USAGE
18:08:27.71 (71176711)|LIMIT_USAGE_FOR_NS|(default)|
  Number of SOQL queries: 1 out of 100
  Number of query rows: 4 out of 50000
  Number of SOSL queries: 0 out of 20
  Number of DML statements: 0 out of 150
  Number of Publish Immediate DML: 0 out of 150
  Number of DML rows: 0 out of 10000
  Maximum CPU time: 0 out of 10000
  Maximum heap size: 0 out of 6000000
  Number of callouts: 0 out of 100
  Number of Email Invocations: 0 out of 10
  Number of future calls: 0 out of 50
  Number of queueable jobs added to the queue: 0 out of 50
  Number of Mobile Apex push calls: 0 out of 10

18:08:27.71 (71176711)|CUMULATIVE_LIMIT_USAGE_END

18:08:27.42 (71250392)|CODE_UNIT_FINISHED|execute_anonymous_apex
18:08:27.42 (71256232)|EXECUTION_FINISHED

